
Memory Configuration

Name             Origin             Length             Attributes
*default*        0x0000000000000000 0xffffffffffffffff

Linker script and memory map

Address of section .text set to 0x0
LOAD C:\Users\uersu\AppData\Local\Temp\cc12RD56debugobj
LOAD C:\Users\uersu\AppData\Local\Temp\cc3CKsuJ.ltrans0.ltrans.o
LOAD obj8mingw/gcc8_a_support.o
LOAD obj8mingw/utilsasm.o
                [!provide]                        PROVIDE (__executable_start = SEGMENT_START ("text-segment", 0x80000000))
                0x0000000080000074                . = (SEGMENT_START ("text-segment", 0x80000000) + SIZEOF_HEADERS)

.interp
 *(.interp)

.note.gnu.build-id
 *(.note.gnu.build-id)

.hash
 *(.hash)

.gnu.hash
 *(.gnu.hash)

.dynsym
 *(.dynsym)

.dynstr
 *(.dynstr)

.gnu.version
 *(.gnu.version)

.gnu.version_d
 *(.gnu.version_d)

.gnu.version_r
 *(.gnu.version_r)

.rela.dyn       0x0000000080000074        0x0
 *(.rela.init)
 *(.rela.text .rela.text.* .rela.gnu.linkonce.t.*)
 *(.rela.fini)
 *(.rela.rodata .rela.rodata.* .rela.gnu.linkonce.r.*)
 *(.rela.data .rela.data.* .rela.gnu.linkonce.d.*)
 *(.rela.tdata .rela.tdata.* .rela.gnu.linkonce.td.*)
 *(.rela.tbss .rela.tbss.* .rela.gnu.linkonce.tb.*)
 *(.rela.ctors)
 *(.rela.dtors)
 *(.rela.got)
 *(.rela.bss .rela.bss.* .rela.gnu.linkonce.b.*)
                [!provide]                        PROVIDE (__rela_iplt_start = .)
 *(.rela.iplt)
                [!provide]                        PROVIDE (__rela_iplt_end = .)

.rela.plt
 *(.rela.plt)

.init
 *(SORT_NONE(.init))

.plt
 *(.plt)

.iplt
 *(.iplt)

.text           0x0000000000000000     0x4c22
 *(.text.unlikely .text.*_unlikely .text.unlikely.*)
 .text.unlikely
                0x0000000000000000        0x6 C:\Users\uersu\AppData\Local\Temp\cc3CKsuJ.ltrans0.ltrans.o
                0x0000000000000000                _start
 *(.text.exit .text.exit.*)
 *(.text.startup .text.startup.*)
 .text.startup  0x0000000000000006     0x35fa C:\Users\uersu\AppData\Local\Temp\cc3CKsuJ.ltrans0.ltrans.o
                0x0000000000000006                main
 *(.text.hot .text.hot.*)
 *(.text .stub .text.* .gnu.linkonce.t.*)
 .text          0x0000000000003600     0x1304 C:\Users\uersu\AppData\Local\Temp\cc3CKsuJ.ltrans0.ltrans.o
                0x000000000000478e                memcpy
                0x0000000000004820                memset
                0x00000000000048f0                strlen
 .text          0x0000000000004904      0x10c obj8mingw/gcc8_a_support.o
                0x0000000000004904                __mulsi3
                0x0000000000004926                __udivsi3
                0x0000000000004982                __divsi3
                0x00000000000049ac                __modsi3
                0x00000000000049d4                __umodsi3
                0x00000000000049fe                KPutCharX
                0x0000000000004a0c                PutChar
 .text          0x0000000000004a10      0x212 obj8mingw/utilsasm.o
                0x0000000000004b4a                __WriteText
 *(.gnu.warning)

.fini
 *(SORT_NONE(.fini))
                [!provide]                        PROVIDE (__etext = .)
                [!provide]                        PROVIDE (_etext = .)
                [!provide]                        PROVIDE (etext = .)

.rodata         0x0000000000004c22      0xdba
 *(.rodata .rodata.* .gnu.linkonce.r.*)
 .rodata        0x0000000000004c22      0xdba C:\Users\uersu\AppData\Local\Temp\cc3CKsuJ.ltrans0.ltrans.o
                0x0000000000004c22                incbin_swfont_start
                0x00000000000051d2                incbin_swfont_end

.rodata1
 *(.rodata1)

.eh_frame_hdr
 *(.eh_frame_hdr)
 *(.eh_frame_entry .eh_frame_entry.*)

.eh_frame
 *(.eh_frame)
 *(.eh_frame.*)

.gcc_except_table
 *(.gcc_except_table .gcc_except_table.*)

.gnu_extab
 *(.gnu_extab*)

.exception_ranges
 *(.exception_ranges*)
                0x00000000000079dc                . = DATA_SEGMENT_ALIGN (CONSTANT (MAXPAGESIZE), CONSTANT (COMMONPAGESIZE))

.eh_frame
 *(.eh_frame)
 *(.eh_frame.*)

.gnu_extab
 *(.gnu_extab)

.gcc_except_table
 *(.gcc_except_table .gcc_except_table.*)

.exception_ranges
 *(.exception_ranges*)

.tdata          0x00000000000079dc        0x0
                [!provide]                        PROVIDE (__tdata_start = .)
 *(.tdata .tdata.* .gnu.linkonce.td.*)

.tbss
 *(.tbss .tbss.* .gnu.linkonce.tb.*)
 *(.tcommon)

.preinit_array  0x00000000000079dc        0x0
                [!provide]                        PROVIDE (__preinit_array_start = .)
 *(.preinit_array)
                [!provide]                        PROVIDE (__preinit_array_end = .)

.init_array     0x00000000000079dc        0x0
                [!provide]                        PROVIDE (__init_array_start = .)
 *(SORT_BY_INIT_PRIORITY(.init_array.*) SORT_BY_INIT_PRIORITY(.ctors.*))
 *(.init_array EXCLUDE_FILE(*crtend?.o *crtend.o *crtbegin?.o *crtbegin.o) .ctors)
                [!provide]                        PROVIDE (__init_array_end = .)

.fini_array     0x00000000000079dc        0x0
                [!provide]                        PROVIDE (__fini_array_start = .)
 *(SORT_BY_INIT_PRIORITY(.fini_array.*) SORT_BY_INIT_PRIORITY(.dtors.*))
 *(.fini_array EXCLUDE_FILE(*crtend?.o *crtend.o *crtbegin?.o *crtbegin.o) .dtors)
                [!provide]                        PROVIDE (__fini_array_end = .)

.ctors
 *crtbegin.o(.ctors)
 *crtbegin?.o(.ctors)
 *(EXCLUDE_FILE(*crtend?.o *crtend.o) .ctors)
 *(SORT_BY_NAME(.ctors.*))
 *(.ctors)

.dtors
 *crtbegin.o(.dtors)
 *crtbegin?.o(.dtors)
 *(EXCLUDE_FILE(*crtend?.o *crtend.o) .dtors)
 *(SORT_BY_NAME(.dtors.*))
 *(.dtors)

.jcr
 *(.jcr)

.data.rel.ro
 *(.data.rel.ro.local* .gnu.linkonce.d.rel.ro.local.*)
 *(.data.rel.ro .data.rel.ro.* .gnu.linkonce.d.rel.ro.*)

.dynamic
 *(.dynamic)
                0x00000000000079dc                . = DATA_SEGMENT_RELRO_END (., 0x0)

.got
 *(.got.plt)
 *(.igot.plt)
 *(.got)
 *(.igot)

.data           0x00000000000079dc      0x3e0
 *(.data .data.* .gnu.linkonce.d.*)
 .data          0x00000000000079dc      0x3e0 C:\Users\uersu\AppData\Local\Temp\cc3CKsuJ.ltrans0.ltrans.o
 .data          0x0000000000007dbc        0x0 obj8mingw/gcc8_a_support.o
 .data          0x0000000000007dbc        0x0 obj8mingw/utilsasm.o

.data1
 *(.data1)
                0x0000000000007dbc                _edata = .
                [!provide]                        PROVIDE (edata = .)
                0x0000000000007dbc                . = .
                0x0000000000007dbc                __bss_start = .

.bss            0x0000000000007dbc       0x70
 *(.dynbss)
 *(.bss .bss.* .gnu.linkonce.b.*)
 .bss           0x0000000000007dbc       0x6e C:\Users\uersu\AppData\Local\Temp\cc3CKsuJ.ltrans0.ltrans.o
 *fill*         0x0000000000007e2a        0x2 
 .bss           0x0000000000007e2c        0x0 obj8mingw/gcc8_a_support.o
 .bss           0x0000000000007e2c        0x0 obj8mingw/utilsasm.o
 *(COMMON)
                0x0000000000007e2c                . = ALIGN ((. != 0x0)?0x4:0x1)
                0x0000000000007e2c                . = ALIGN (0x4)
                0x0000000000007e2c                . = SEGMENT_START ("ldata-segment", .)
                0x0000000000007e2c                . = ALIGN (0x4)
                0x0000000000007e2c                _end = .
                [!provide]                        PROVIDE (end = .)
                0x0000000000007e2c                . = DATA_SEGMENT_END (.)

.stab
 *(.stab)

.stabstr
 *(.stabstr)

.stab.excl
 *(.stab.excl)

.stab.exclstr
 *(.stab.exclstr)

.stab.index
 *(.stab.index)

.stab.indexstr
 *(.stab.indexstr)

.comment        0x0000000000000000       0x11
 *(.comment)
 .comment       0x0000000000000000       0x11 C:\Users\uersu\AppData\Local\Temp\cc12RD56debugobj
                                         0xc6 (size before relaxing)
 .comment       0x0000000000000011       0x12 C:\Users\uersu\AppData\Local\Temp\cc3CKsuJ.ltrans0.ltrans.o

.gnu.build.attributes
 *(.gnu.build.attributes .gnu.build.attributes.*)

.debug
 *(.debug)

.line
 *(.line)

.debug_srcinfo
 *(.debug_srcinfo)

.debug_sfnames
 *(.debug_sfnames)

.debug_aranges  0x0000000000000000       0x70
 *(.debug_aranges)
 .debug_aranges
                0x0000000000000000       0x30 C:\Users\uersu\AppData\Local\Temp\cc3CKsuJ.ltrans0.ltrans.o
 .debug_aranges
                0x0000000000000030       0x20 obj8mingw/gcc8_a_support.o
 .debug_aranges
                0x0000000000000050       0x20 obj8mingw/utilsasm.o

.debug_pubnames
 *(.debug_pubnames)

.debug_info     0x0000000000000000    0x2cf53
 *(.debug_info .gnu.linkonce.wi.*)
 .debug_info    0x0000000000000000    0x24123 C:\Users\uersu\AppData\Local\Temp\cc12RD56debugobj
                0x0000000000000000                utils.c.f34ec06a
                0x0000000000003c99                rundemo.c.d99b7c69
                0x0000000000007187                main.c.839d71a9
                0x000000000000aa8d                swscrollertest.c.9e139793
                0x000000000000e441                swscroller.c.869ac499
                0x0000000000011fd2                zoom.c.ca32a91b
                0x0000000000015ee7                runtests.c.d9f598ba
                0x0000000000018a01                coppertests.c.5f46c406
                0x000000000001d40b                general.c.f1e08b76
                0x000000000001d4f3                zoomtest.c.b91f3bb1
                0x0000000000023bc5                gcc8_c_support.c.e9862530
 .debug_info    0x0000000000024123     0x8de4 C:\Users\uersu\AppData\Local\Temp\cc3CKsuJ.ltrans0.ltrans.o
 .debug_info    0x000000000002cf07       0x26 obj8mingw/gcc8_a_support.o
 .debug_info    0x000000000002cf2d       0x26 obj8mingw/utilsasm.o

.debug_abbrev   0x0000000000000000     0x13ba
 *(.debug_abbrev)
 .debug_abbrev  0x0000000000000000     0x11de C:\Users\uersu\AppData\Local\Temp\cc12RD56debugobj
 .debug_abbrev  0x00000000000011de      0x1b4 C:\Users\uersu\AppData\Local\Temp\cc3CKsuJ.ltrans0.ltrans.o
 .debug_abbrev  0x0000000000001392       0x14 obj8mingw/gcc8_a_support.o
 .debug_abbrev  0x00000000000013a6       0x14 obj8mingw/utilsasm.o

.debug_line     0x0000000000000000    0x10202
 *(.debug_line .debug_line.* .debug_line_end)
 .debug_line    0x0000000000000000     0x2b88 C:\Users\uersu\AppData\Local\Temp\cc12RD56debugobj
 .debug_line    0x0000000000002b88     0xd4ce C:\Users\uersu\AppData\Local\Temp\cc3CKsuJ.ltrans0.ltrans.o
 .debug_line    0x0000000000010056       0xdf obj8mingw/gcc8_a_support.o
 .debug_line    0x0000000000010135       0xcd obj8mingw/utilsasm.o

.debug_frame    0x0000000000000000      0x3d8
 *(.debug_frame)
 .debug_frame   0x0000000000000000      0x3d8 C:\Users\uersu\AppData\Local\Temp\cc3CKsuJ.ltrans0.ltrans.o

.debug_str      0x0000000000000000      0x92e
 *(.debug_str)
 .debug_str     0x0000000000000000      0x868 C:\Users\uersu\AppData\Local\Temp\cc12RD56debugobj
 .debug_str     0x0000000000000868        0x0 C:\Users\uersu\AppData\Local\Temp\cc3CKsuJ.ltrans0.ltrans.o
 .debug_str     0x0000000000000868       0x8a obj8mingw/gcc8_a_support.o
 .debug_str     0x00000000000008f2       0x3c obj8mingw/utilsasm.o
                                         0x7c (size before relaxing)

.debug_loc      0x0000000000000000     0x88c8
 *(.debug_loc)
 .debug_loc     0x0000000000000000     0x88c8 C:\Users\uersu\AppData\Local\Temp\cc3CKsuJ.ltrans0.ltrans.o

.debug_macinfo
 *(.debug_macinfo)

.debug_weaknames
 *(.debug_weaknames)

.debug_funcnames
 *(.debug_funcnames)

.debug_typenames
 *(.debug_typenames)

.debug_varnames
 *(.debug_varnames)

.debug_pubtypes
 *(.debug_pubtypes)

.debug_ranges   0x0000000000000000      0xf58
 *(.debug_ranges)
 .debug_ranges  0x0000000000000000      0xf58 C:\Users\uersu\AppData\Local\Temp\cc3CKsuJ.ltrans0.ltrans.o

.debug_macro
 *(.debug_macro)

.debug_addr
 *(.debug_addr)

.gnu.attributes
 *(.gnu.attributes)

/DISCARD/
 *(.note.GNU-stack)
 *(.gnu_debuglink)
 *(.gnu.lto_*)
OUTPUT(a.mingw.elf elf32-m68k)
