
Memory Configuration

Name             Origin             Length             Attributes
*default*        0x0000000000000000 0xffffffffffffffff

Linker script and memory map

Address of section .text set to 0x0
LOAD C:\Users\uersu\AppData\Local\Temp\ccnyDVSfdebugobj
LOAD C:\Users\uersu\AppData\Local\Temp\ccnJrxKa.ltrans0.ltrans.o
LOAD obj8mingw/gcc8_a_support.o
LOAD obj8mingw/utilsasm.o
                [!provide]                        PROVIDE (__executable_start = SEGMENT_START ("text-segment", 0x80000000))
                0x0000000080000074                . = (SEGMENT_START ("text-segment", 0x80000000) + SIZEOF_HEADERS)

.interp
 *(.interp)

.note.gnu.build-id
 *(.note.gnu.build-id)

.hash
 *(.hash)

.gnu.hash
 *(.gnu.hash)

.dynsym
 *(.dynsym)

.dynstr
 *(.dynstr)

.gnu.version
 *(.gnu.version)

.gnu.version_d
 *(.gnu.version_d)

.gnu.version_r
 *(.gnu.version_r)

.rela.dyn       0x0000000080000074        0x0
 *(.rela.init)
 *(.rela.text .rela.text.* .rela.gnu.linkonce.t.*)
 *(.rela.fini)
 *(.rela.rodata .rela.rodata.* .rela.gnu.linkonce.r.*)
 *(.rela.data .rela.data.* .rela.gnu.linkonce.d.*)
 *(.rela.tdata .rela.tdata.* .rela.gnu.linkonce.td.*)
 *(.rela.tbss .rela.tbss.* .rela.gnu.linkonce.tb.*)
 *(.rela.ctors)
 *(.rela.dtors)
 *(.rela.got)
 *(.rela.bss .rela.bss.* .rela.gnu.linkonce.b.*)
                [!provide]                        PROVIDE (__rela_iplt_start = .)
 *(.rela.iplt)
                [!provide]                        PROVIDE (__rela_iplt_end = .)

.rela.plt
 *(.rela.plt)

.init
 *(SORT_NONE(.init))

.plt
 *(.plt)

.iplt
 *(.iplt)

.text           0x0000000000000000     0x12ee
 *(.text.unlikely .text.*_unlikely .text.unlikely.*)
 .text.unlikely
                0x0000000000000000        0x6 C:\Users\uersu\AppData\Local\Temp\ccnJrxKa.ltrans0.ltrans.o
                0x0000000000000000                _start
 *(.text.exit .text.exit.*)
 *(.text.startup .text.startup.*)
 .text.startup  0x0000000000000006      0x7b4 C:\Users\uersu\AppData\Local\Temp\ccnJrxKa.ltrans0.ltrans.o
                0x0000000000000006                main
 *(.text.hot .text.hot.*)
 *(.text .stub .text.* .gnu.linkonce.t.*)
 *fill*         0x00000000000007ba        0x2 4e714e71
 .text          0x00000000000007bc      0x812 C:\Users\uersu\AppData\Local\Temp\ccnJrxKa.ltrans0.ltrans.o
                0x0000000000000e58                memcpy
                0x0000000000000eea                memset
                0x0000000000000fba                strlen
 *fill*         0x0000000000000fce        0x2 4e714e71
 .text          0x0000000000000fd0      0x10c obj8mingw/gcc8_a_support.o
                0x0000000000000fd0                __mulsi3
                0x0000000000000ff2                __udivsi3
                0x000000000000104e                __divsi3
                0x0000000000001078                __modsi3
                0x00000000000010a0                __umodsi3
                0x00000000000010ca                KPutCharX
                0x00000000000010d8                PutChar
 .text          0x00000000000010dc      0x212 obj8mingw/utilsasm.o
                0x0000000000001216                __WriteText
 *(.gnu.warning)

.fini
 *(SORT_NONE(.fini))
                [!provide]                        PROVIDE (__etext = .)
                [!provide]                        PROVIDE (_etext = .)
                [!provide]                        PROVIDE (etext = .)

.rodata         0x00000000000012ee    0x10554
 *(.rodata .rodata.* .gnu.linkonce.r.*)
 .rodata        0x00000000000012ee    0x10554 C:\Users\uersu\AppData\Local\Temp\ccnJrxKa.ltrans0.ltrans.o
                0x00000000000012ee                incbin_swfont_start
                0x000000000000189e                incbin_swfont_end
                0x00000000000018a0                incbin_startimage_start
                0x00000000000117a0                incbin_startimage_end

.rodata1
 *(.rodata1)

.eh_frame_hdr
 *(.eh_frame_hdr)
 *(.eh_frame_entry .eh_frame_entry.*)

.eh_frame
 *(.eh_frame)
 *(.eh_frame.*)

.gcc_except_table
 *(.gcc_except_table .gcc_except_table.*)

.gnu_extab
 *(.gnu_extab*)

.exception_ranges
 *(.exception_ranges*)
                0x0000000000012000                . = DATA_SEGMENT_ALIGN (CONSTANT (MAXPAGESIZE), CONSTANT (COMMONPAGESIZE))

.eh_frame
 *(.eh_frame)
 *(.eh_frame.*)

.gnu_extab
 *(.gnu_extab)

.gcc_except_table
 *(.gcc_except_table .gcc_except_table.*)

.exception_ranges
 *(.exception_ranges*)

.tdata          0x0000000000012000        0x0
                [!provide]                        PROVIDE (__tdata_start = .)
 *(.tdata .tdata.* .gnu.linkonce.td.*)

.tbss
 *(.tbss .tbss.* .gnu.linkonce.tb.*)
 *(.tcommon)

.preinit_array  0x0000000000012000        0x0
                [!provide]                        PROVIDE (__preinit_array_start = .)
 *(.preinit_array)
                [!provide]                        PROVIDE (__preinit_array_end = .)

.init_array     0x0000000000012000        0x0
                [!provide]                        PROVIDE (__init_array_start = .)
 *(SORT_BY_INIT_PRIORITY(.init_array.*) SORT_BY_INIT_PRIORITY(.ctors.*))
 *(.init_array EXCLUDE_FILE(*crtend?.o *crtend.o *crtbegin?.o *crtbegin.o) .ctors)
                [!provide]                        PROVIDE (__init_array_end = .)

.fini_array     0x0000000000012000        0x0
                [!provide]                        PROVIDE (__fini_array_start = .)
 *(SORT_BY_INIT_PRIORITY(.fini_array.*) SORT_BY_INIT_PRIORITY(.dtors.*))
 *(.fini_array EXCLUDE_FILE(*crtend?.o *crtend.o *crtbegin?.o *crtbegin.o) .dtors)
                [!provide]                        PROVIDE (__fini_array_end = .)

.ctors
 *crtbegin.o(.ctors)
 *crtbegin?.o(.ctors)
 *(EXCLUDE_FILE(*crtend?.o *crtend.o) .ctors)
 *(SORT_BY_NAME(.ctors.*))
 *(.ctors)

.dtors
 *crtbegin.o(.dtors)
 *crtbegin?.o(.dtors)
 *(EXCLUDE_FILE(*crtend?.o *crtend.o) .dtors)
 *(SORT_BY_NAME(.dtors.*))
 *(.dtors)

.jcr
 *(.jcr)

.data.rel.ro
 *(.data.rel.ro.local* .gnu.linkonce.d.rel.ro.local.*)
 *(.data.rel.ro .data.rel.ro.* .gnu.linkonce.d.rel.ro.*)

.dynamic
 *(.dynamic)
                0x0000000000012000                . = DATA_SEGMENT_RELRO_END (., 0x0)

.got
 *(.got.plt)
 *(.igot.plt)
 *(.got)
 *(.igot)

.data           0x0000000000012000     0x120c
 *(.data .data.* .gnu.linkonce.d.*)
 .data          0x0000000000012000     0x120c C:\Users\uersu\AppData\Local\Temp\ccnJrxKa.ltrans0.ltrans.o
 .data          0x000000000001320c        0x0 obj8mingw/gcc8_a_support.o
 .data          0x000000000001320c        0x0 obj8mingw/utilsasm.o

.data1
 *(.data1)
                0x000000000001320c                _edata = .
                [!provide]                        PROVIDE (edata = .)
                0x000000000001320c                . = .
                0x000000000001320c                __bss_start = .

.bss            0x000000000001320c       0x68
 *(.dynbss)
 *(.bss .bss.* .gnu.linkonce.b.*)
 .bss           0x000000000001320c       0x68 C:\Users\uersu\AppData\Local\Temp\ccnJrxKa.ltrans0.ltrans.o
 .bss           0x0000000000013274        0x0 obj8mingw/gcc8_a_support.o
 .bss           0x0000000000013274        0x0 obj8mingw/utilsasm.o
 *(COMMON)
                0x0000000000013274                . = ALIGN ((. != 0x0)?0x4:0x1)
                0x0000000000013274                . = ALIGN (0x4)
                0x0000000000013274                . = SEGMENT_START ("ldata-segment", .)
                0x0000000000013274                . = ALIGN (0x4)
                0x0000000000013274                _end = .
                [!provide]                        PROVIDE (end = .)
                0x0000000000013274                . = DATA_SEGMENT_END (.)

.stab
 *(.stab)

.stabstr
 *(.stabstr)

.stab.excl
 *(.stab.excl)

.stab.exclstr
 *(.stab.exclstr)

.stab.index
 *(.stab.index)

.stab.indexstr
 *(.stab.indexstr)

.comment        0x0000000000000000       0x11
 *(.comment)
 .comment       0x0000000000000000       0x11 C:\Users\uersu\AppData\Local\Temp\ccnyDVSfdebugobj
                                         0xd8 (size before relaxing)
 .comment       0x0000000000000011       0x12 C:\Users\uersu\AppData\Local\Temp\ccnJrxKa.ltrans0.ltrans.o

.gnu.build.attributes
 *(.gnu.build.attributes .gnu.build.attributes.*)

.debug
 *(.debug)

.line
 *(.line)

.debug_srcinfo
 *(.debug_srcinfo)

.debug_sfnames
 *(.debug_sfnames)

.debug_aranges  0x0000000000000000       0x70
 *(.debug_aranges)
 .debug_aranges
                0x0000000000000000       0x30 C:\Users\uersu\AppData\Local\Temp\ccnJrxKa.ltrans0.ltrans.o
 .debug_aranges
                0x0000000000000030       0x20 obj8mingw/gcc8_a_support.o
 .debug_aranges
                0x0000000000000050       0x20 obj8mingw/utilsasm.o

.debug_pubnames
 *(.debug_pubnames)

.debug_info     0x0000000000000000    0x29e12
 *(.debug_info .gnu.linkonce.wi.*)
 .debug_info    0x0000000000000000    0x2840f C:\Users\uersu\AppData\Local\Temp\ccnyDVSfdebugobj
                0x0000000000000000                utils.c.6017d8d6
                0x0000000000003c9e                rundemo.c.9af7984b
                0x0000000000007286                zoom102.c.62bc577f
                0x000000000000a809                main.c.31324ea8
                0x000000000000e103                swscrollertest.c.2b9576a9
                0x0000000000011a90                swscroller.c.4e96c675
                0x00000000000155fa                zoom.c.f39d4172
                0x0000000000019b85                runtests.c.78eedf98
                0x000000000001c6b3                coppertests.c.f37d998b
                0x0000000000021096                general.c.f1e08b76
                0x000000000002117e                zoomtest.c.425c0cb1
                0x0000000000027eb1                gcc8_c_support.c.e9862530
 .debug_info    0x000000000002840f     0x19b7 C:\Users\uersu\AppData\Local\Temp\ccnJrxKa.ltrans0.ltrans.o
 .debug_info    0x0000000000029dc6       0x26 obj8mingw/gcc8_a_support.o
 .debug_info    0x0000000000029dec       0x26 obj8mingw/utilsasm.o

.debug_abbrev   0x0000000000000000     0x1620
 *(.debug_abbrev)
 .debug_abbrev  0x0000000000000000     0x1486 C:\Users\uersu\AppData\Local\Temp\ccnyDVSfdebugobj
 .debug_abbrev  0x0000000000001486      0x172 C:\Users\uersu\AppData\Local\Temp\ccnJrxKa.ltrans0.ltrans.o
 .debug_abbrev  0x00000000000015f8       0x14 obj8mingw/gcc8_a_support.o
 .debug_abbrev  0x000000000000160c       0x14 obj8mingw/utilsasm.o

.debug_line     0x0000000000000000     0x746e
 *(.debug_line .debug_line.* .debug_line_end)
 .debug_line    0x0000000000000000     0x306e C:\Users\uersu\AppData\Local\Temp\ccnyDVSfdebugobj
 .debug_line    0x000000000000306e     0x4254 C:\Users\uersu\AppData\Local\Temp\ccnJrxKa.ltrans0.ltrans.o
 .debug_line    0x00000000000072c2       0xdf obj8mingw/gcc8_a_support.o
 .debug_line    0x00000000000073a1       0xcd obj8mingw/utilsasm.o

.debug_frame    0x0000000000000000      0x160
 *(.debug_frame)
 .debug_frame   0x0000000000000000      0x160 C:\Users\uersu\AppData\Local\Temp\ccnJrxKa.ltrans0.ltrans.o

.debug_str      0x0000000000000000      0x9d2
 *(.debug_str)
 .debug_str     0x0000000000000000      0x90c C:\Users\uersu\AppData\Local\Temp\ccnyDVSfdebugobj
 .debug_str     0x000000000000090c        0x0 C:\Users\uersu\AppData\Local\Temp\ccnJrxKa.ltrans0.ltrans.o
 .debug_str     0x000000000000090c       0x8a obj8mingw/gcc8_a_support.o
 .debug_str     0x0000000000000996       0x3c obj8mingw/utilsasm.o
                                         0x7c (size before relaxing)

.debug_loc      0x0000000000000000     0x2ccf
 *(.debug_loc)
 .debug_loc     0x0000000000000000     0x2ccf C:\Users\uersu\AppData\Local\Temp\ccnJrxKa.ltrans0.ltrans.o

.debug_macinfo
 *(.debug_macinfo)

.debug_weaknames
 *(.debug_weaknames)

.debug_funcnames
 *(.debug_funcnames)

.debug_typenames
 *(.debug_typenames)

.debug_varnames
 *(.debug_varnames)

.debug_pubtypes
 *(.debug_pubtypes)

.debug_ranges   0x0000000000000000      0x278
 *(.debug_ranges)
 .debug_ranges  0x0000000000000000      0x278 C:\Users\uersu\AppData\Local\Temp\ccnJrxKa.ltrans0.ltrans.o

.debug_macro
 *(.debug_macro)

.debug_addr
 *(.debug_addr)

.gnu.attributes
 *(.gnu.attributes)

/DISCARD/
 *(.note.GNU-stack)
 *(.gnu_debuglink)
 *(.gnu.lto_*)
OUTPUT(a.mingw.elf elf32-m68k)
