
Memory Configuration

Name             Origin             Length             Attributes
*default*        0x0000000000000000 0xffffffffffffffff

Linker script and memory map

Address of section .text set to 0x0
LOAD C:\Users\uersu\AppData\Local\Temp\ccx3sADtdebugobj
LOAD C:\Users\uersu\AppData\Local\Temp\cc7orlFv.ltrans0.ltrans.o
LOAD obj8mingw/gcc8_a_support.o
LOAD obj8mingw/utilsasm.o
                [!provide]                        PROVIDE (__executable_start = SEGMENT_START ("text-segment", 0x80000000))
                0x0000000080000074                . = (SEGMENT_START ("text-segment", 0x80000000) + SIZEOF_HEADERS)

.interp
 *(.interp)

.note.gnu.build-id
 *(.note.gnu.build-id)

.hash
 *(.hash)

.gnu.hash
 *(.gnu.hash)

.dynsym
 *(.dynsym)

.dynstr
 *(.dynstr)

.gnu.version
 *(.gnu.version)

.gnu.version_d
 *(.gnu.version_d)

.gnu.version_r
 *(.gnu.version_r)

.rela.dyn       0x0000000080000074        0x0
 *(.rela.init)
 *(.rela.text .rela.text.* .rela.gnu.linkonce.t.*)
 *(.rela.fini)
 *(.rela.rodata .rela.rodata.* .rela.gnu.linkonce.r.*)
 *(.rela.data .rela.data.* .rela.gnu.linkonce.d.*)
 *(.rela.tdata .rela.tdata.* .rela.gnu.linkonce.td.*)
 *(.rela.tbss .rela.tbss.* .rela.gnu.linkonce.tb.*)
 *(.rela.ctors)
 *(.rela.dtors)
 *(.rela.got)
 *(.rela.bss .rela.bss.* .rela.gnu.linkonce.b.*)
                [!provide]                        PROVIDE (__rela_iplt_start = .)
 *(.rela.iplt)
                [!provide]                        PROVIDE (__rela_iplt_end = .)

.rela.plt
 *(.rela.plt)

.init
 *(SORT_NONE(.init))

.plt
 *(.plt)

.iplt
 *(.iplt)

.text           0x0000000000000000     0x1042
 *(.text.unlikely .text.*_unlikely .text.unlikely.*)
 .text.unlikely
                0x0000000000000000        0x6 C:\Users\uersu\AppData\Local\Temp\cc7orlFv.ltrans0.ltrans.o
                0x0000000000000000                _start
 *(.text.exit .text.exit.*)
 *(.text.startup .text.startup.*)
 .text.startup  0x0000000000000006      0x466 C:\Users\uersu\AppData\Local\Temp\cc7orlFv.ltrans0.ltrans.o
                0x0000000000000006                main
 *(.text.hot .text.hot.*)
 *(.text .stub .text.* .gnu.linkonce.t.*)
 .text          0x000000000000046c      0x8b8 C:\Users\uersu\AppData\Local\Temp\cc7orlFv.ltrans0.ltrans.o
                0x0000000000000bae                memcpy
                0x0000000000000c40                memset
                0x0000000000000d10                strlen
 .text          0x0000000000000d24      0x10c obj8mingw/gcc8_a_support.o
                0x0000000000000d24                __mulsi3
                0x0000000000000d46                __udivsi3
                0x0000000000000da2                __divsi3
                0x0000000000000dcc                __modsi3
                0x0000000000000df4                __umodsi3
                0x0000000000000e1e                KPutCharX
                0x0000000000000e2c                PutChar
 .text          0x0000000000000e30      0x212 obj8mingw/utilsasm.o
                0x0000000000000f6a                __WriteText
 *(.gnu.warning)

.fini
 *(SORT_NONE(.fini))
                [!provide]                        PROVIDE (__etext = .)
                [!provide]                        PROVIDE (_etext = .)
                [!provide]                        PROVIDE (etext = .)

.rodata         0x0000000000001042    0x105b8
 *(.rodata .rodata.* .gnu.linkonce.r.*)
 .rodata        0x0000000000001042    0x105b8 C:\Users\uersu\AppData\Local\Temp\cc7orlFv.ltrans0.ltrans.o
                0x0000000000001042                incbin_swfont_start
                0x00000000000015f2                incbin_swfont_end
                0x00000000000015f4                incbin_startimage_start
                0x00000000000114f4                incbin_startimage_end

.rodata1
 *(.rodata1)

.eh_frame_hdr
 *(.eh_frame_hdr)
 *(.eh_frame_entry .eh_frame_entry.*)

.eh_frame
 *(.eh_frame)
 *(.eh_frame.*)

.gcc_except_table
 *(.gcc_except_table .gcc_except_table.*)

.gnu_extab
 *(.gnu_extab*)

.exception_ranges
 *(.exception_ranges*)
                0x00000000000135fa                . = DATA_SEGMENT_ALIGN (CONSTANT (MAXPAGESIZE), CONSTANT (COMMONPAGESIZE))

.eh_frame
 *(.eh_frame)
 *(.eh_frame.*)

.gnu_extab
 *(.gnu_extab)

.gcc_except_table
 *(.gcc_except_table .gcc_except_table.*)

.exception_ranges
 *(.exception_ranges*)

.tdata          0x00000000000135fa        0x0
                [!provide]                        PROVIDE (__tdata_start = .)
 *(.tdata .tdata.* .gnu.linkonce.td.*)

.tbss
 *(.tbss .tbss.* .gnu.linkonce.tb.*)
 *(.tcommon)

.preinit_array  0x00000000000135fa        0x0
                [!provide]                        PROVIDE (__preinit_array_start = .)
 *(.preinit_array)
                [!provide]                        PROVIDE (__preinit_array_end = .)

.init_array     0x00000000000135fa        0x0
                [!provide]                        PROVIDE (__init_array_start = .)
 *(SORT_BY_INIT_PRIORITY(.init_array.*) SORT_BY_INIT_PRIORITY(.ctors.*))
 *(.init_array EXCLUDE_FILE(*crtend?.o *crtend.o *crtbegin?.o *crtbegin.o) .ctors)
                [!provide]                        PROVIDE (__init_array_end = .)

.fini_array     0x00000000000135fa        0x0
                [!provide]                        PROVIDE (__fini_array_start = .)
 *(SORT_BY_INIT_PRIORITY(.fini_array.*) SORT_BY_INIT_PRIORITY(.dtors.*))
 *(.fini_array EXCLUDE_FILE(*crtend?.o *crtend.o *crtbegin?.o *crtbegin.o) .dtors)
                [!provide]                        PROVIDE (__fini_array_end = .)

.ctors
 *crtbegin.o(.ctors)
 *crtbegin?.o(.ctors)
 *(EXCLUDE_FILE(*crtend?.o *crtend.o) .ctors)
 *(SORT_BY_NAME(.ctors.*))
 *(.ctors)

.dtors
 *crtbegin.o(.dtors)
 *crtbegin?.o(.dtors)
 *(EXCLUDE_FILE(*crtend?.o *crtend.o) .dtors)
 *(SORT_BY_NAME(.dtors.*))
 *(.dtors)

.jcr
 *(.jcr)

.data.rel.ro
 *(.data.rel.ro.local* .gnu.linkonce.d.rel.ro.local.*)
 *(.data.rel.ro .data.rel.ro.* .gnu.linkonce.d.rel.ro.*)

.dynamic
 *(.dynamic)
                0x00000000000135fa                . = DATA_SEGMENT_RELRO_END (., 0x0)

.got
 *(.got.plt)
 *(.igot.plt)
 *(.got)
 *(.igot)

.data           0x00000000000135fc      0x308
 *(.data .data.* .gnu.linkonce.d.*)
 .data          0x00000000000135fc      0x308 C:\Users\uersu\AppData\Local\Temp\cc7orlFv.ltrans0.ltrans.o
 .data          0x0000000000013904        0x0 obj8mingw/gcc8_a_support.o
 .data          0x0000000000013904        0x0 obj8mingw/utilsasm.o

.data1
 *(.data1)
                0x0000000000013904                _edata = .
                [!provide]                        PROVIDE (edata = .)
                0x0000000000013904                . = .
                0x0000000000013904                __bss_start = .

.bss            0x0000000000013904       0x68
 *(.dynbss)
 *(.bss .bss.* .gnu.linkonce.b.*)
 .bss           0x0000000000013904       0x68 C:\Users\uersu\AppData\Local\Temp\cc7orlFv.ltrans0.ltrans.o
 .bss           0x000000000001396c        0x0 obj8mingw/gcc8_a_support.o
 .bss           0x000000000001396c        0x0 obj8mingw/utilsasm.o
 *(COMMON)
                0x000000000001396c                . = ALIGN ((. != 0x0)?0x4:0x1)
                0x000000000001396c                . = ALIGN (0x4)
                0x000000000001396c                . = SEGMENT_START ("ldata-segment", .)
                0x000000000001396c                . = ALIGN (0x4)
                0x000000000001396c                _end = .
                [!provide]                        PROVIDE (end = .)
                0x000000000001396c                . = DATA_SEGMENT_END (.)

.stab
 *(.stab)

.stabstr
 *(.stabstr)

.stab.excl
 *(.stab.excl)

.stab.exclstr
 *(.stab.exclstr)

.stab.index
 *(.stab.index)

.stab.indexstr
 *(.stab.indexstr)

.comment        0x0000000000000000       0x11
 *(.comment)
 .comment       0x0000000000000000       0x11 C:\Users\uersu\AppData\Local\Temp\ccx3sADtdebugobj
                                         0xd8 (size before relaxing)
 .comment       0x0000000000000011       0x12 C:\Users\uersu\AppData\Local\Temp\cc7orlFv.ltrans0.ltrans.o

.gnu.build.attributes
 *(.gnu.build.attributes .gnu.build.attributes.*)

.debug
 *(.debug)

.line
 *(.line)

.debug_srcinfo
 *(.debug_srcinfo)

.debug_sfnames
 *(.debug_sfnames)

.debug_aranges  0x0000000000000000       0x70
 *(.debug_aranges)
 .debug_aranges
                0x0000000000000000       0x30 C:\Users\uersu\AppData\Local\Temp\cc7orlFv.ltrans0.ltrans.o
 .debug_aranges
                0x0000000000000030       0x20 obj8mingw/gcc8_a_support.o
 .debug_aranges
                0x0000000000000050       0x20 obj8mingw/utilsasm.o

.debug_pubnames
 *(.debug_pubnames)

.debug_info     0x0000000000000000    0x29b7d
 *(.debug_info .gnu.linkonce.wi.*)
 .debug_info    0x0000000000000000    0x28149 C:\Users\uersu\AppData\Local\Temp\ccx3sADtdebugobj
                0x0000000000000000                utils.c.845bb4dd
                0x0000000000003c9e                rundemo.c.5e55376c
                0x0000000000007206                zoom102.c.1712780e
                0x000000000000a6c3                main.c.31324ea8
                0x000000000000dfbd                swscrollertest.c.2b9576a9
                0x000000000001194a                swscroller.c.4e96c675
                0x00000000000154b4                zoom.c.356c9bd0
                0x00000000000199f0                runtests.c.78eedf98
                0x000000000001c51e                coppertests.c.f37d998b
                0x0000000000020f01                general.c.f1e08b76
                0x0000000000020fe9                zoomtest.c.2c06efec
                0x0000000000027beb                gcc8_c_support.c.e9862530
 .debug_info    0x0000000000028149     0x19e8 C:\Users\uersu\AppData\Local\Temp\cc7orlFv.ltrans0.ltrans.o
 .debug_info    0x0000000000029b31       0x26 obj8mingw/gcc8_a_support.o
 .debug_info    0x0000000000029b57       0x26 obj8mingw/utilsasm.o

.debug_abbrev   0x0000000000000000     0x1592
 *(.debug_abbrev)
 .debug_abbrev  0x0000000000000000     0x13d2 C:\Users\uersu\AppData\Local\Temp\ccx3sADtdebugobj
 .debug_abbrev  0x00000000000013d2      0x198 C:\Users\uersu\AppData\Local\Temp\cc7orlFv.ltrans0.ltrans.o
 .debug_abbrev  0x000000000000156a       0x14 obj8mingw/gcc8_a_support.o
 .debug_abbrev  0x000000000000157e       0x14 obj8mingw/utilsasm.o

.debug_line     0x0000000000000000     0x60d9
 *(.debug_line .debug_line.* .debug_line_end)
 .debug_line    0x0000000000000000     0x3054 C:\Users\uersu\AppData\Local\Temp\ccx3sADtdebugobj
 .debug_line    0x0000000000003054     0x2ed9 C:\Users\uersu\AppData\Local\Temp\cc7orlFv.ltrans0.ltrans.o
 .debug_line    0x0000000000005f2d       0xdf obj8mingw/gcc8_a_support.o
 .debug_line    0x000000000000600c       0xcd obj8mingw/utilsasm.o

.debug_frame    0x0000000000000000      0x2ac
 *(.debug_frame)
 .debug_frame   0x0000000000000000      0x2ac C:\Users\uersu\AppData\Local\Temp\cc7orlFv.ltrans0.ltrans.o

.debug_str      0x0000000000000000      0x9b1
 *(.debug_str)
 .debug_str     0x0000000000000000      0x8eb C:\Users\uersu\AppData\Local\Temp\ccx3sADtdebugobj
 .debug_str     0x00000000000008eb        0x0 C:\Users\uersu\AppData\Local\Temp\cc7orlFv.ltrans0.ltrans.o
 .debug_str     0x00000000000008eb       0x8a obj8mingw/gcc8_a_support.o
 .debug_str     0x0000000000000975       0x3c obj8mingw/utilsasm.o
                                         0x7c (size before relaxing)

.debug_loc      0x0000000000000000     0x1862
 *(.debug_loc)
 .debug_loc     0x0000000000000000     0x1862 C:\Users\uersu\AppData\Local\Temp\cc7orlFv.ltrans0.ltrans.o

.debug_macinfo
 *(.debug_macinfo)

.debug_weaknames
 *(.debug_weaknames)

.debug_funcnames
 *(.debug_funcnames)

.debug_typenames
 *(.debug_typenames)

.debug_varnames
 *(.debug_varnames)

.debug_pubtypes
 *(.debug_pubtypes)

.debug_ranges   0x0000000000000000      0x208
 *(.debug_ranges)
 .debug_ranges  0x0000000000000000      0x208 C:\Users\uersu\AppData\Local\Temp\cc7orlFv.ltrans0.ltrans.o

.debug_macro
 *(.debug_macro)

.debug_addr
 *(.debug_addr)

.gnu.attributes
 *(.gnu.attributes)

/DISCARD/
 *(.note.GNU-stack)
 *(.gnu_debuglink)
 *(.gnu.lto_*)
OUTPUT(a.mingw.elf elf32-m68k)
