
Memory Configuration

Name             Origin             Length             Attributes
*default*        0x0000000000000000 0xffffffffffffffff

Linker script and memory map

Address of section .text set to 0x0
LOAD C:\Users\uersu\AppData\Local\Temp\ccUZiGQMdebugobj
LOAD C:\Users\uersu\AppData\Local\Temp\ccn2znHq.ltrans0.ltrans.o
LOAD obj8mingw/gcc8_a_support.o
LOAD obj8mingw/utilsasm.o
                [!provide]                        PROVIDE (__executable_start = SEGMENT_START ("text-segment", 0x80000000))
                0x0000000080000074                . = (SEGMENT_START ("text-segment", 0x80000000) + SIZEOF_HEADERS)

.interp
 *(.interp)

.note.gnu.build-id
 *(.note.gnu.build-id)

.hash
 *(.hash)

.gnu.hash
 *(.gnu.hash)

.dynsym
 *(.dynsym)

.dynstr
 *(.dynstr)

.gnu.version
 *(.gnu.version)

.gnu.version_d
 *(.gnu.version_d)

.gnu.version_r
 *(.gnu.version_r)

.rela.dyn       0x0000000080000074        0x0
 *(.rela.init)
 *(.rela.text .rela.text.* .rela.gnu.linkonce.t.*)
 *(.rela.fini)
 *(.rela.rodata .rela.rodata.* .rela.gnu.linkonce.r.*)
 *(.rela.data .rela.data.* .rela.gnu.linkonce.d.*)
 *(.rela.tdata .rela.tdata.* .rela.gnu.linkonce.td.*)
 *(.rela.tbss .rela.tbss.* .rela.gnu.linkonce.tb.*)
 *(.rela.ctors)
 *(.rela.dtors)
 *(.rela.got)
 *(.rela.bss .rela.bss.* .rela.gnu.linkonce.b.*)
                [!provide]                        PROVIDE (__rela_iplt_start = .)
 *(.rela.iplt)
                [!provide]                        PROVIDE (__rela_iplt_end = .)

.rela.plt
 *(.rela.plt)

.init
 *(SORT_NONE(.init))

.plt
 *(.plt)

.iplt
 *(.iplt)

.text           0x0000000000000000     0x1b6a
 *(.text.unlikely .text.*_unlikely .text.unlikely.*)
 .text.unlikely
                0x0000000000000000        0x6 C:\Users\uersu\AppData\Local\Temp\ccn2znHq.ltrans0.ltrans.o
                0x0000000000000000                _start
 *(.text.exit .text.exit.*)
 *(.text.startup .text.startup.*)
 .text.startup  0x0000000000000006      0x244 C:\Users\uersu\AppData\Local\Temp\ccn2znHq.ltrans0.ltrans.o
                0x0000000000000006                main
 *(.text.hot .text.hot.*)
 *(.text .stub .text.* .gnu.linkonce.t.*)
 *fill*         0x000000000000024a        0x2 4e714e71
 .text          0x000000000000024c     0x1600 C:\Users\uersu\AppData\Local\Temp\ccn2znHq.ltrans0.ltrans.o
                0x00000000000016d6                memcpy
                0x0000000000001768                memset
                0x0000000000001838                strlen
 .text          0x000000000000184c      0x10c obj8mingw/gcc8_a_support.o
                0x000000000000184c                __mulsi3
                0x000000000000186e                __udivsi3
                0x00000000000018ca                __divsi3
                0x00000000000018f4                __modsi3
                0x000000000000191c                __umodsi3
                0x0000000000001946                KPutCharX
                0x0000000000001954                PutChar
 .text          0x0000000000001958      0x212 obj8mingw/utilsasm.o
                0x0000000000001a92                __WriteText
 *(.gnu.warning)

.fini
 *(SORT_NONE(.fini))
                [!provide]                        PROVIDE (__etext = .)
                [!provide]                        PROVIDE (_etext = .)
                [!provide]                        PROVIDE (etext = .)

.rodata         0x0000000000001b6a    0x10576
 *(.rodata .rodata.* .gnu.linkonce.r.*)
 .rodata        0x0000000000001b6a    0x10576 C:\Users\uersu\AppData\Local\Temp\ccn2znHq.ltrans0.ltrans.o
                0x0000000000001b6a                incbin_startimage_start
                0x0000000000011a6a                incbin_startimage_end
                0x0000000000011a6c                incbin_swfont_start
                0x000000000001201c                incbin_swfont_end

.rodata1
 *(.rodata1)

.eh_frame_hdr
 *(.eh_frame_hdr)
 *(.eh_frame_entry .eh_frame_entry.*)

.eh_frame
 *(.eh_frame)
 *(.eh_frame.*)

.gcc_except_table
 *(.gcc_except_table .gcc_except_table.*)

.gnu_extab
 *(.gnu_extab*)

.exception_ranges
 *(.exception_ranges*)
                0x00000000000140e0                . = DATA_SEGMENT_ALIGN (CONSTANT (MAXPAGESIZE), CONSTANT (COMMONPAGESIZE))

.eh_frame
 *(.eh_frame)
 *(.eh_frame.*)

.gnu_extab
 *(.gnu_extab)

.gcc_except_table
 *(.gcc_except_table .gcc_except_table.*)

.exception_ranges
 *(.exception_ranges*)

.tdata          0x00000000000140e0        0x0
                [!provide]                        PROVIDE (__tdata_start = .)
 *(.tdata .tdata.* .gnu.linkonce.td.*)

.tbss
 *(.tbss .tbss.* .gnu.linkonce.tb.*)
 *(.tcommon)

.preinit_array  0x00000000000140e0        0x0
                [!provide]                        PROVIDE (__preinit_array_start = .)
 *(.preinit_array)
                [!provide]                        PROVIDE (__preinit_array_end = .)

.init_array     0x00000000000140e0        0x0
                [!provide]                        PROVIDE (__init_array_start = .)
 *(SORT_BY_INIT_PRIORITY(.init_array.*) SORT_BY_INIT_PRIORITY(.ctors.*))
 *(.init_array EXCLUDE_FILE(*crtend?.o *crtend.o *crtbegin?.o *crtbegin.o) .ctors)
                [!provide]                        PROVIDE (__init_array_end = .)

.fini_array     0x00000000000140e0        0x0
                [!provide]                        PROVIDE (__fini_array_start = .)
 *(SORT_BY_INIT_PRIORITY(.fini_array.*) SORT_BY_INIT_PRIORITY(.dtors.*))
 *(.fini_array EXCLUDE_FILE(*crtend?.o *crtend.o *crtbegin?.o *crtbegin.o) .dtors)
                [!provide]                        PROVIDE (__fini_array_end = .)

.ctors
 *crtbegin.o(.ctors)
 *crtbegin?.o(.ctors)
 *(EXCLUDE_FILE(*crtend?.o *crtend.o) .ctors)
 *(SORT_BY_NAME(.ctors.*))
 *(.ctors)

.dtors
 *crtbegin.o(.dtors)
 *crtbegin?.o(.dtors)
 *(EXCLUDE_FILE(*crtend?.o *crtend.o) .dtors)
 *(SORT_BY_NAME(.dtors.*))
 *(.dtors)

.jcr
 *(.jcr)

.data.rel.ro
 *(.data.rel.ro.local* .gnu.linkonce.d.rel.ro.local.*)
 *(.data.rel.ro .data.rel.ro.* .gnu.linkonce.d.rel.ro.*)

.dynamic
 *(.dynamic)
                0x00000000000140e0                . = DATA_SEGMENT_RELRO_END (., 0x0)

.got
 *(.got.plt)
 *(.igot.plt)
 *(.got)
 *(.igot)

.data           0x00000000000140e0     0x120c
 *(.data .data.* .gnu.linkonce.d.*)
 .data          0x00000000000140e0     0x120c C:\Users\uersu\AppData\Local\Temp\ccn2znHq.ltrans0.ltrans.o
 .data          0x00000000000152ec        0x0 obj8mingw/gcc8_a_support.o
 .data          0x00000000000152ec        0x0 obj8mingw/utilsasm.o

.data1
 *(.data1)
                0x00000000000152ec                _edata = .
                [!provide]                        PROVIDE (edata = .)
                0x00000000000152ec                . = .
                0x00000000000152ec                __bss_start = .

.bss            0x00000000000152ec       0x6c
 *(.dynbss)
 *(.bss .bss.* .gnu.linkonce.b.*)
 .bss           0x00000000000152ec       0x6a C:\Users\uersu\AppData\Local\Temp\ccn2znHq.ltrans0.ltrans.o
 *fill*         0x0000000000015356        0x2 
 .bss           0x0000000000015358        0x0 obj8mingw/gcc8_a_support.o
 .bss           0x0000000000015358        0x0 obj8mingw/utilsasm.o
 *(COMMON)
                0x0000000000015358                . = ALIGN ((. != 0x0)?0x4:0x1)
                0x0000000000015358                . = ALIGN (0x4)
                0x0000000000015358                . = SEGMENT_START ("ldata-segment", .)
                0x0000000000015358                . = ALIGN (0x4)
                0x0000000000015358                _end = .
                [!provide]                        PROVIDE (end = .)
                0x0000000000015358                . = DATA_SEGMENT_END (.)

.stab
 *(.stab)

.stabstr
 *(.stabstr)

.stab.excl
 *(.stab.excl)

.stab.exclstr
 *(.stab.exclstr)

.stab.index
 *(.stab.index)

.stab.indexstr
 *(.stab.indexstr)

.comment        0x0000000000000000       0x11
 *(.comment)
 .comment       0x0000000000000000       0x11 C:\Users\uersu\AppData\Local\Temp\ccUZiGQMdebugobj
                                         0xd8 (size before relaxing)
 .comment       0x0000000000000011       0x12 C:\Users\uersu\AppData\Local\Temp\ccn2znHq.ltrans0.ltrans.o

.gnu.build.attributes
 *(.gnu.build.attributes .gnu.build.attributes.*)

.debug
 *(.debug)

.line
 *(.line)

.debug_srcinfo
 *(.debug_srcinfo)

.debug_sfnames
 *(.debug_sfnames)

.debug_aranges  0x0000000000000000       0x70
 *(.debug_aranges)
 .debug_aranges
                0x0000000000000000       0x30 C:\Users\uersu\AppData\Local\Temp\ccn2znHq.ltrans0.ltrans.o
 .debug_aranges
                0x0000000000000030       0x20 obj8mingw/gcc8_a_support.o
 .debug_aranges
                0x0000000000000050       0x20 obj8mingw/utilsasm.o

.debug_pubnames
 *(.debug_pubnames)

.debug_info     0x0000000000000000    0x2a447
 *(.debug_info .gnu.linkonce.wi.*)
 .debug_info    0x0000000000000000    0x28481 C:\Users\uersu\AppData\Local\Temp\ccUZiGQMdebugobj
                0x0000000000000000                utils.c.e528a168
                0x0000000000003ca3                rundemo.c.2f8e398c
                0x0000000000007495                zoom102.c.62aff545
                0x000000000000abb9                main.c.d2b63b99
                0x000000000000e280                zoom.c.6f1a90f7
                0x0000000000012c46                swscrollertest.c.b30f042b
                0x00000000000165de                swscroller.c.7da91fc0
                0x000000000001a14e                runtests.c.78eedf98
                0x000000000001cc7c                coppertests.c.4491ee95
                0x0000000000021665                general.c.f1e08b76
                0x000000000002174d                zoomtest.c.fea7d1c8
                0x0000000000027f23                gcc8_c_support.c.e9862530
 .debug_info    0x0000000000028481     0x1f7a C:\Users\uersu\AppData\Local\Temp\ccn2znHq.ltrans0.ltrans.o
 .debug_info    0x000000000002a3fb       0x26 obj8mingw/gcc8_a_support.o
 .debug_info    0x000000000002a421       0x26 obj8mingw/utilsasm.o

.debug_abbrev   0x0000000000000000     0x16c6
 *(.debug_abbrev)
 .debug_abbrev  0x0000000000000000     0x14e1 C:\Users\uersu\AppData\Local\Temp\ccUZiGQMdebugobj
 .debug_abbrev  0x00000000000014e1      0x1bd C:\Users\uersu\AppData\Local\Temp\ccn2znHq.ltrans0.ltrans.o
 .debug_abbrev  0x000000000000169e       0x14 obj8mingw/gcc8_a_support.o
 .debug_abbrev  0x00000000000016b2       0x14 obj8mingw/utilsasm.o

.debug_line     0x0000000000000000     0x92a5
 *(.debug_line .debug_line.* .debug_line_end)
 .debug_line    0x0000000000000000     0x30a2 C:\Users\uersu\AppData\Local\Temp\ccUZiGQMdebugobj
 .debug_line    0x00000000000030a2     0x6057 C:\Users\uersu\AppData\Local\Temp\ccn2znHq.ltrans0.ltrans.o
 .debug_line    0x00000000000090f9       0xdf obj8mingw/gcc8_a_support.o
 .debug_line    0x00000000000091d8       0xcd obj8mingw/utilsasm.o

.debug_frame    0x0000000000000000      0x1a0
 *(.debug_frame)
 .debug_frame   0x0000000000000000      0x1a0 C:\Users\uersu\AppData\Local\Temp\ccn2znHq.ltrans0.ltrans.o

.debug_str      0x0000000000000000      0x9ca
 *(.debug_str)
 .debug_str     0x0000000000000000      0x904 C:\Users\uersu\AppData\Local\Temp\ccUZiGQMdebugobj
 .debug_str     0x0000000000000904        0x0 C:\Users\uersu\AppData\Local\Temp\ccn2znHq.ltrans0.ltrans.o
 .debug_str     0x0000000000000904       0x8a obj8mingw/gcc8_a_support.o
 .debug_str     0x000000000000098e       0x3c obj8mingw/utilsasm.o
                                         0x7c (size before relaxing)

.debug_loc      0x0000000000000000     0x42e4
 *(.debug_loc)
 .debug_loc     0x0000000000000000     0x42e4 C:\Users\uersu\AppData\Local\Temp\ccn2znHq.ltrans0.ltrans.o

.debug_macinfo
 *(.debug_macinfo)

.debug_weaknames
 *(.debug_weaknames)

.debug_funcnames
 *(.debug_funcnames)

.debug_typenames
 *(.debug_typenames)

.debug_varnames
 *(.debug_varnames)

.debug_pubtypes
 *(.debug_pubtypes)

.debug_ranges   0x0000000000000000      0x530
 *(.debug_ranges)
 .debug_ranges  0x0000000000000000      0x530 C:\Users\uersu\AppData\Local\Temp\ccn2znHq.ltrans0.ltrans.o

.debug_macro
 *(.debug_macro)

.debug_addr
 *(.debug_addr)

.gnu.attributes
 *(.gnu.attributes)

/DISCARD/
 *(.note.GNU-stack)
 *(.gnu_debuglink)
 *(.gnu.lto_*)
OUTPUT(a.mingw.elf elf32-m68k)
