
Memory Configuration

Name             Origin             Length             Attributes
*default*        0x0000000000000000 0xffffffffffffffff

Linker script and memory map

Address of section .text set to 0x0
LOAD C:\Users\uersu\AppData\Local\Temp\ccCo2KwFdebugobj
LOAD C:\Users\uersu\AppData\Local\Temp\cc6za4QC.ltrans0.ltrans.o
LOAD obj8mingw/gcc8_a_support.o
LOAD obj8mingw/utilsasm.o
                [!provide]                        PROVIDE (__executable_start = SEGMENT_START ("text-segment", 0x80000000))
                0x0000000080000074                . = (SEGMENT_START ("text-segment", 0x80000000) + SIZEOF_HEADERS)

.interp
 *(.interp)

.note.gnu.build-id
 *(.note.gnu.build-id)

.hash
 *(.hash)

.gnu.hash
 *(.gnu.hash)

.dynsym
 *(.dynsym)

.dynstr
 *(.dynstr)

.gnu.version
 *(.gnu.version)

.gnu.version_d
 *(.gnu.version_d)

.gnu.version_r
 *(.gnu.version_r)

.rela.dyn       0x0000000080000074        0x0
 *(.rela.init)
 *(.rela.text .rela.text.* .rela.gnu.linkonce.t.*)
 *(.rela.fini)
 *(.rela.rodata .rela.rodata.* .rela.gnu.linkonce.r.*)
 *(.rela.data .rela.data.* .rela.gnu.linkonce.d.*)
 *(.rela.tdata .rela.tdata.* .rela.gnu.linkonce.td.*)
 *(.rela.tbss .rela.tbss.* .rela.gnu.linkonce.tb.*)
 *(.rela.ctors)
 *(.rela.dtors)
 *(.rela.got)
 *(.rela.bss .rela.bss.* .rela.gnu.linkonce.b.*)
                [!provide]                        PROVIDE (__rela_iplt_start = .)
 *(.rela.iplt)
                [!provide]                        PROVIDE (__rela_iplt_end = .)

.rela.plt
 *(.rela.plt)

.init
 *(SORT_NONE(.init))

.plt
 *(.plt)

.iplt
 *(.iplt)

.text           0x0000000000000000     0x51e6
 *(.text.unlikely .text.*_unlikely .text.unlikely.*)
 .text.unlikely
                0x0000000000000000        0x6 C:\Users\uersu\AppData\Local\Temp\cc6za4QC.ltrans0.ltrans.o
                0x0000000000000000                _start
 *(.text.exit .text.exit.*)
 *(.text.startup .text.startup.*)
 .text.startup  0x0000000000000006      0x6d4 C:\Users\uersu\AppData\Local\Temp\cc6za4QC.ltrans0.ltrans.o
                0x0000000000000006                main
 *(.text.hot .text.hot.*)
 *(.text .stub .text.* .gnu.linkonce.t.*)
 *fill*         0x00000000000006da        0x2 4e714e71
 .text          0x00000000000006dc     0x47ea C:\Users\uersu\AppData\Local\Temp\cc6za4QC.ltrans0.ltrans.o
                0x0000000000004d50                memcpy
                0x0000000000004de2                memset
                0x0000000000004eb2                strlen
 *fill*         0x0000000000004ec6        0x2 4e714e71
 .text          0x0000000000004ec8      0x10c obj8mingw/gcc8_a_support.o
                0x0000000000004ec8                __mulsi3
                0x0000000000004eea                __udivsi3
                0x0000000000004f46                __divsi3
                0x0000000000004f70                __modsi3
                0x0000000000004f98                __umodsi3
                0x0000000000004fc2                KPutCharX
                0x0000000000004fd0                PutChar
 .text          0x0000000000004fd4      0x212 obj8mingw/utilsasm.o
                0x000000000000510e                __WriteText
 *(.gnu.warning)

.fini
 *(SORT_NONE(.fini))
                [!provide]                        PROVIDE (__etext = .)
                [!provide]                        PROVIDE (_etext = .)
                [!provide]                        PROVIDE (etext = .)

.rodata         0x00000000000051e6    0x10c48
 *(.rodata .rodata.* .gnu.linkonce.r.*)
 .rodata        0x00000000000051e6    0x10c48 C:\Users\uersu\AppData\Local\Temp\cc6za4QC.ltrans0.ltrans.o
                0x00000000000051e6                incbin_swfont_start
                0x0000000000005796                incbin_swfont_end
                0x0000000000005798                incbin_startimage_start
                0x0000000000015698                incbin_startimage_end

.rodata1
 *(.rodata1)

.eh_frame_hdr
 *(.eh_frame_hdr)
 *(.eh_frame_entry .eh_frame_entry.*)

.eh_frame
 *(.eh_frame)
 *(.eh_frame.*)

.gcc_except_table
 *(.gcc_except_table .gcc_except_table.*)

.gnu_extab
 *(.gnu_extab*)

.exception_ranges
 *(.exception_ranges*)
                0x0000000000016000                . = DATA_SEGMENT_ALIGN (CONSTANT (MAXPAGESIZE), CONSTANT (COMMONPAGESIZE))

.eh_frame
 *(.eh_frame)
 *(.eh_frame.*)

.gnu_extab
 *(.gnu_extab)

.gcc_except_table
 *(.gcc_except_table .gcc_except_table.*)

.exception_ranges
 *(.exception_ranges*)

.tdata          0x0000000000016000        0x0
                [!provide]                        PROVIDE (__tdata_start = .)
 *(.tdata .tdata.* .gnu.linkonce.td.*)

.tbss
 *(.tbss .tbss.* .gnu.linkonce.tb.*)
 *(.tcommon)

.preinit_array  0x0000000000016000        0x0
                [!provide]                        PROVIDE (__preinit_array_start = .)
 *(.preinit_array)
                [!provide]                        PROVIDE (__preinit_array_end = .)

.init_array     0x0000000000016000        0x0
                [!provide]                        PROVIDE (__init_array_start = .)
 *(SORT_BY_INIT_PRIORITY(.init_array.*) SORT_BY_INIT_PRIORITY(.ctors.*))
 *(.init_array EXCLUDE_FILE(*crtend?.o *crtend.o *crtbegin?.o *crtbegin.o) .ctors)
                [!provide]                        PROVIDE (__init_array_end = .)

.fini_array     0x0000000000016000        0x0
                [!provide]                        PROVIDE (__fini_array_start = .)
 *(SORT_BY_INIT_PRIORITY(.fini_array.*) SORT_BY_INIT_PRIORITY(.dtors.*))
 *(.fini_array EXCLUDE_FILE(*crtend?.o *crtend.o *crtbegin?.o *crtbegin.o) .dtors)
                [!provide]                        PROVIDE (__fini_array_end = .)

.ctors
 *crtbegin.o(.ctors)
 *crtbegin?.o(.ctors)
 *(EXCLUDE_FILE(*crtend?.o *crtend.o) .ctors)
 *(SORT_BY_NAME(.ctors.*))
 *(.ctors)

.dtors
 *crtbegin.o(.dtors)
 *crtbegin?.o(.dtors)
 *(EXCLUDE_FILE(*crtend?.o *crtend.o) .dtors)
 *(SORT_BY_NAME(.dtors.*))
 *(.dtors)

.jcr
 *(.jcr)

.data.rel.ro
 *(.data.rel.ro.local* .gnu.linkonce.d.rel.ro.local.*)
 *(.data.rel.ro .data.rel.ro.* .gnu.linkonce.d.rel.ro.*)

.dynamic
 *(.dynamic)
                0x0000000000016000                . = DATA_SEGMENT_RELRO_END (., 0x0)

.got
 *(.got.plt)
 *(.igot.plt)
 *(.got)
 *(.igot)

.data           0x0000000000016000     0x1748
 *(.data .data.* .gnu.linkonce.d.*)
 .data          0x0000000000016000     0x1748 C:\Users\uersu\AppData\Local\Temp\cc6za4QC.ltrans0.ltrans.o
 .data          0x0000000000017748        0x0 obj8mingw/gcc8_a_support.o
 .data          0x0000000000017748        0x0 obj8mingw/utilsasm.o

.data1
 *(.data1)
                0x0000000000017748                _edata = .
                [!provide]                        PROVIDE (edata = .)
                0x0000000000017748                . = .
                0x0000000000017748                __bss_start = .

.bss            0x0000000000017748       0x80
 *(.dynbss)
 *(.bss .bss.* .gnu.linkonce.b.*)
 .bss           0x0000000000017748       0x80 C:\Users\uersu\AppData\Local\Temp\cc6za4QC.ltrans0.ltrans.o
 .bss           0x00000000000177c8        0x0 obj8mingw/gcc8_a_support.o
 .bss           0x00000000000177c8        0x0 obj8mingw/utilsasm.o
 *(COMMON)
                0x00000000000177c8                . = ALIGN ((. != 0x0)?0x4:0x1)
                0x00000000000177c8                . = ALIGN (0x4)
                0x00000000000177c8                . = SEGMENT_START ("ldata-segment", .)
                0x00000000000177c8                . = ALIGN (0x4)
                0x00000000000177c8                _end = .
                [!provide]                        PROVIDE (end = .)
                0x00000000000177c8                . = DATA_SEGMENT_END (.)

.stab
 *(.stab)

.stabstr
 *(.stabstr)

.stab.excl
 *(.stab.excl)

.stab.exclstr
 *(.stab.exclstr)

.stab.index
 *(.stab.index)

.stab.indexstr
 *(.stab.indexstr)

.comment        0x0000000000000000       0x11
 *(.comment)
 .comment       0x0000000000000000       0x11 C:\Users\uersu\AppData\Local\Temp\ccCo2KwFdebugobj
                                         0xd8 (size before relaxing)
 .comment       0x0000000000000011       0x12 C:\Users\uersu\AppData\Local\Temp\cc6za4QC.ltrans0.ltrans.o

.gnu.build.attributes
 *(.gnu.build.attributes .gnu.build.attributes.*)

.debug
 *(.debug)

.line
 *(.line)

.debug_srcinfo
 *(.debug_srcinfo)

.debug_sfnames
 *(.debug_sfnames)

.debug_aranges  0x0000000000000000       0x70
 *(.debug_aranges)
 .debug_aranges
                0x0000000000000000       0x30 C:\Users\uersu\AppData\Local\Temp\cc6za4QC.ltrans0.ltrans.o
 .debug_aranges
                0x0000000000000030       0x20 obj8mingw/gcc8_a_support.o
 .debug_aranges
                0x0000000000000050       0x20 obj8mingw/utilsasm.o

.debug_pubnames
 *(.debug_pubnames)

.debug_info     0x0000000000000000    0x31829
 *(.debug_info .gnu.linkonce.wi.*)
 .debug_info    0x0000000000000000    0x287de C:\Users\uersu\AppData\Local\Temp\ccCo2KwFdebugobj
                0x0000000000000000                utils.c.e528a168
                0x0000000000003ca3                rundemo.c.78a7425a
                0x0000000000007495                zoom102.c.62aff545
                0x000000000000abb9                main.c.9bae6fb7
                0x000000000000e49e                swscrollertest.c.b30f042b
                0x0000000000011e36                swscroller.c.7da91fc0
                0x00000000000159a6                zoom.c.02d731d4
                0x000000000001a4ab                runtests.c.78eedf98
                0x000000000001cfd9                coppertests.c.4491ee95
                0x00000000000219c2                general.c.f1e08b76
                0x0000000000021aaa                zoomtest.c.fea7d1c8
                0x0000000000028280                gcc8_c_support.c.e9862530
 .debug_info    0x00000000000287de     0x8fff C:\Users\uersu\AppData\Local\Temp\cc6za4QC.ltrans0.ltrans.o
 .debug_info    0x00000000000317dd       0x26 obj8mingw/gcc8_a_support.o
 .debug_info    0x0000000000031803       0x26 obj8mingw/utilsasm.o

.debug_abbrev   0x0000000000000000     0x16e7
 *(.debug_abbrev)
 .debug_abbrev  0x0000000000000000     0x14cc C:\Users\uersu\AppData\Local\Temp\ccCo2KwFdebugobj
 .debug_abbrev  0x00000000000014cc      0x1f3 C:\Users\uersu\AppData\Local\Temp\cc6za4QC.ltrans0.ltrans.o
 .debug_abbrev  0x00000000000016bf       0x14 obj8mingw/gcc8_a_support.o
 .debug_abbrev  0x00000000000016d3       0x14 obj8mingw/utilsasm.o

.debug_line     0x0000000000000000    0x132cd
 *(.debug_line .debug_line.* .debug_line_end)
 .debug_line    0x0000000000000000     0x30a2 C:\Users\uersu\AppData\Local\Temp\ccCo2KwFdebugobj
 .debug_line    0x00000000000030a2    0x1007f C:\Users\uersu\AppData\Local\Temp\cc6za4QC.ltrans0.ltrans.o
 .debug_line    0x0000000000013121       0xdf obj8mingw/gcc8_a_support.o
 .debug_line    0x0000000000013200       0xcd obj8mingw/utilsasm.o

.debug_frame    0x0000000000000000     0x2898
 *(.debug_frame)
 .debug_frame   0x0000000000000000     0x2898 C:\Users\uersu\AppData\Local\Temp\cc6za4QC.ltrans0.ltrans.o

.debug_str      0x0000000000000000      0x9f9
 *(.debug_str)
 .debug_str     0x0000000000000000      0x933 C:\Users\uersu\AppData\Local\Temp\ccCo2KwFdebugobj
 .debug_str     0x0000000000000933        0x0 C:\Users\uersu\AppData\Local\Temp\cc6za4QC.ltrans0.ltrans.o
 .debug_str     0x0000000000000933       0x8a obj8mingw/gcc8_a_support.o
 .debug_str     0x00000000000009bd       0x3c obj8mingw/utilsasm.o
                                         0x7c (size before relaxing)

.debug_loc      0x0000000000000000     0xa526
 *(.debug_loc)
 .debug_loc     0x0000000000000000     0xa526 C:\Users\uersu\AppData\Local\Temp\cc6za4QC.ltrans0.ltrans.o

.debug_macinfo
 *(.debug_macinfo)

.debug_weaknames
 *(.debug_weaknames)

.debug_funcnames
 *(.debug_funcnames)

.debug_typenames
 *(.debug_typenames)

.debug_varnames
 *(.debug_varnames)

.debug_pubtypes
 *(.debug_pubtypes)

.debug_ranges   0x0000000000000000      0xc98
 *(.debug_ranges)
 .debug_ranges  0x0000000000000000      0xc98 C:\Users\uersu\AppData\Local\Temp\cc6za4QC.ltrans0.ltrans.o

.debug_macro
 *(.debug_macro)

.debug_addr
 *(.debug_addr)

.gnu.attributes
 *(.gnu.attributes)

/DISCARD/
 *(.note.GNU-stack)
 *(.gnu_debuglink)
 *(.gnu.lto_*)
OUTPUT(a.mingw.elf elf32-m68k)
