
Memory Configuration

Name             Origin             Length             Attributes
*default*        0x0000000000000000 0xffffffffffffffff

Linker script and memory map

Address of section .text set to 0x0
LOAD C:\Users\uersu\AppData\Local\Temp\ccn4RqMDdebugobj
LOAD C:\Users\uersu\AppData\Local\Temp\ccXdwGSe.ltrans0.ltrans.o
LOAD obj8mingw/gcc8_a_support.o
LOAD obj8mingw/utilsasm.o
                [!provide]                        PROVIDE (__executable_start = SEGMENT_START ("text-segment", 0x80000000))
                0x0000000080000074                . = (SEGMENT_START ("text-segment", 0x80000000) + SIZEOF_HEADERS)

.interp
 *(.interp)

.note.gnu.build-id
 *(.note.gnu.build-id)

.hash
 *(.hash)

.gnu.hash
 *(.gnu.hash)

.dynsym
 *(.dynsym)

.dynstr
 *(.dynstr)

.gnu.version
 *(.gnu.version)

.gnu.version_d
 *(.gnu.version_d)

.gnu.version_r
 *(.gnu.version_r)

.rela.dyn       0x0000000080000074        0x0
 *(.rela.init)
 *(.rela.text .rela.text.* .rela.gnu.linkonce.t.*)
 *(.rela.fini)
 *(.rela.rodata .rela.rodata.* .rela.gnu.linkonce.r.*)
 *(.rela.data .rela.data.* .rela.gnu.linkonce.d.*)
 *(.rela.tdata .rela.tdata.* .rela.gnu.linkonce.td.*)
 *(.rela.tbss .rela.tbss.* .rela.gnu.linkonce.tb.*)
 *(.rela.ctors)
 *(.rela.dtors)
 *(.rela.got)
 *(.rela.bss .rela.bss.* .rela.gnu.linkonce.b.*)
                [!provide]                        PROVIDE (__rela_iplt_start = .)
 *(.rela.iplt)
                [!provide]                        PROVIDE (__rela_iplt_end = .)

.rela.plt
 *(.rela.plt)

.init
 *(SORT_NONE(.init))

.plt
 *(.plt)

.iplt
 *(.iplt)

.text           0x0000000000000000     0x13d6
 *(.text.unlikely .text.*_unlikely .text.unlikely.*)
 .text.unlikely
                0x0000000000000000        0x6 C:\Users\uersu\AppData\Local\Temp\ccXdwGSe.ltrans0.ltrans.o
                0x0000000000000000                _start
 *(.text.exit .text.exit.*)
 *(.text.startup .text.startup.*)
 .text.startup  0x0000000000000006      0x842 C:\Users\uersu\AppData\Local\Temp\ccXdwGSe.ltrans0.ltrans.o
                0x0000000000000006                main
 *(.text.hot .text.hot.*)
 *(.text .stub .text.* .gnu.linkonce.t.*)
 .text          0x0000000000000848      0x86e C:\Users\uersu\AppData\Local\Temp\ccXdwGSe.ltrans0.ltrans.o
                0x0000000000000f40                memcpy
                0x0000000000000fd2                memset
                0x00000000000010a2                strlen
 *fill*         0x00000000000010b6        0x2 4e714e71
 .text          0x00000000000010b8      0x10c obj8mingw/gcc8_a_support.o
                0x00000000000010b8                __mulsi3
                0x00000000000010da                __udivsi3
                0x0000000000001136                __divsi3
                0x0000000000001160                __modsi3
                0x0000000000001188                __umodsi3
                0x00000000000011b2                KPutCharX
                0x00000000000011c0                PutChar
 .text          0x00000000000011c4      0x212 obj8mingw/utilsasm.o
                0x00000000000012fe                __WriteText
 *(.gnu.warning)

.fini
 *(SORT_NONE(.fini))
                [!provide]                        PROVIDE (__etext = .)
                [!provide]                        PROVIDE (_etext = .)
                [!provide]                        PROVIDE (etext = .)

.rodata         0x00000000000013d6      0x6b6
 *(.rodata .rodata.* .gnu.linkonce.r.*)
 .rodata        0x00000000000013d6      0x6b6 C:\Users\uersu\AppData\Local\Temp\ccXdwGSe.ltrans0.ltrans.o
                0x00000000000013d6                incbin_swfont_start
                0x0000000000001986                incbin_swfont_end

.rodata1
 *(.rodata1)

.eh_frame_hdr
 *(.eh_frame_hdr)
 *(.eh_frame_entry .eh_frame_entry.*)

.eh_frame
 *(.eh_frame)
 *(.eh_frame.*)

.gcc_except_table
 *(.gcc_except_table .gcc_except_table.*)

.gnu_extab
 *(.gnu_extab*)

.exception_ranges
 *(.exception_ranges*)
                0x0000000000003a8c                . = DATA_SEGMENT_ALIGN (CONSTANT (MAXPAGESIZE), CONSTANT (COMMONPAGESIZE))

.eh_frame
 *(.eh_frame)
 *(.eh_frame.*)

.gnu_extab
 *(.gnu_extab)

.gcc_except_table
 *(.gcc_except_table .gcc_except_table.*)

.exception_ranges
 *(.exception_ranges*)

.tdata          0x0000000000003a8c        0x0
                [!provide]                        PROVIDE (__tdata_start = .)
 *(.tdata .tdata.* .gnu.linkonce.td.*)

.tbss
 *(.tbss .tbss.* .gnu.linkonce.tb.*)
 *(.tcommon)

.preinit_array  0x0000000000003a8c        0x0
                [!provide]                        PROVIDE (__preinit_array_start = .)
 *(.preinit_array)
                [!provide]                        PROVIDE (__preinit_array_end = .)

.init_array     0x0000000000003a8c        0x0
                [!provide]                        PROVIDE (__init_array_start = .)
 *(SORT_BY_INIT_PRIORITY(.init_array.*) SORT_BY_INIT_PRIORITY(.ctors.*))
 *(.init_array EXCLUDE_FILE(*crtend?.o *crtend.o *crtbegin?.o *crtbegin.o) .ctors)
                [!provide]                        PROVIDE (__init_array_end = .)

.fini_array     0x0000000000003a8c        0x0
                [!provide]                        PROVIDE (__fini_array_start = .)
 *(SORT_BY_INIT_PRIORITY(.fini_array.*) SORT_BY_INIT_PRIORITY(.dtors.*))
 *(.fini_array EXCLUDE_FILE(*crtend?.o *crtend.o *crtbegin?.o *crtbegin.o) .dtors)
                [!provide]                        PROVIDE (__fini_array_end = .)

.ctors
 *crtbegin.o(.ctors)
 *crtbegin?.o(.ctors)
 *(EXCLUDE_FILE(*crtend?.o *crtend.o) .ctors)
 *(SORT_BY_NAME(.ctors.*))
 *(.ctors)

.dtors
 *crtbegin.o(.dtors)
 *crtbegin?.o(.dtors)
 *(EXCLUDE_FILE(*crtend?.o *crtend.o) .dtors)
 *(SORT_BY_NAME(.dtors.*))
 *(.dtors)

.jcr
 *(.jcr)

.data.rel.ro
 *(.data.rel.ro.local* .gnu.linkonce.d.rel.ro.local.*)
 *(.data.rel.ro .data.rel.ro.* .gnu.linkonce.d.rel.ro.*)

.dynamic
 *(.dynamic)
                0x0000000000003a8c                . = DATA_SEGMENT_RELRO_END (., 0x0)

.got
 *(.got.plt)
 *(.igot.plt)
 *(.got)
 *(.igot)

.data           0x0000000000003a8c       0x78
 *(.data .data.* .gnu.linkonce.d.*)
 .data          0x0000000000003a8c       0x78 C:\Users\uersu\AppData\Local\Temp\ccXdwGSe.ltrans0.ltrans.o
 .data          0x0000000000003b04        0x0 obj8mingw/gcc8_a_support.o
 .data          0x0000000000003b04        0x0 obj8mingw/utilsasm.o

.data1
 *(.data1)
                0x0000000000003b04                _edata = .
                [!provide]                        PROVIDE (edata = .)
                0x0000000000003b04                . = .
                0x0000000000003b04                __bss_start = .

.bss            0x0000000000003b04       0x68
 *(.dynbss)
 *(.bss .bss.* .gnu.linkonce.b.*)
 .bss           0x0000000000003b04       0x68 C:\Users\uersu\AppData\Local\Temp\ccXdwGSe.ltrans0.ltrans.o
 .bss           0x0000000000003b6c        0x0 obj8mingw/gcc8_a_support.o
 .bss           0x0000000000003b6c        0x0 obj8mingw/utilsasm.o
 *(COMMON)
                0x0000000000003b6c                . = ALIGN ((. != 0x0)?0x4:0x1)
                0x0000000000003b6c                . = ALIGN (0x4)
                0x0000000000003b6c                . = SEGMENT_START ("ldata-segment", .)
                0x0000000000003b6c                . = ALIGN (0x4)
                0x0000000000003b6c                _end = .
                [!provide]                        PROVIDE (end = .)
                0x0000000000003b6c                . = DATA_SEGMENT_END (.)

.stab
 *(.stab)

.stabstr
 *(.stabstr)

.stab.excl
 *(.stab.excl)

.stab.exclstr
 *(.stab.exclstr)

.stab.index
 *(.stab.index)

.stab.indexstr
 *(.stab.indexstr)

.comment        0x0000000000000000       0x11
 *(.comment)
 .comment       0x0000000000000000       0x11 C:\Users\uersu\AppData\Local\Temp\ccn4RqMDdebugobj
                                         0xc6 (size before relaxing)
 .comment       0x0000000000000011       0x12 C:\Users\uersu\AppData\Local\Temp\ccXdwGSe.ltrans0.ltrans.o

.gnu.build.attributes
 *(.gnu.build.attributes .gnu.build.attributes.*)

.debug
 *(.debug)

.line
 *(.line)

.debug_srcinfo
 *(.debug_srcinfo)

.debug_sfnames
 *(.debug_sfnames)

.debug_aranges  0x0000000000000000       0x70
 *(.debug_aranges)
 .debug_aranges
                0x0000000000000000       0x30 C:\Users\uersu\AppData\Local\Temp\ccXdwGSe.ltrans0.ltrans.o
 .debug_aranges
                0x0000000000000030       0x20 obj8mingw/gcc8_a_support.o
 .debug_aranges
                0x0000000000000050       0x20 obj8mingw/utilsasm.o

.debug_pubnames
 *(.debug_pubnames)

.debug_info     0x0000000000000000    0x26413
 *(.debug_info .gnu.linkonce.wi.*)
 .debug_info    0x0000000000000000    0x245b4 C:\Users\uersu\AppData\Local\Temp\ccn4RqMDdebugobj
                0x0000000000000000                utils.c.852f3019
                0x0000000000003c4b                rundemo.c.4b68f9eb
                0x00000000000071b3                main.c.24d95ab1
                0x000000000000aaad                swscrollertest.c.04dd1ddb
                0x000000000000e43a                swscroller.c.3ed5ed64
                0x0000000000011fa4                zoom.c.eca7615f
                0x00000000000163c5                runtests.c.78eedf98
                0x0000000000018ef3                coppertests.c.3e994f70
                0x000000000001d8d6                general.c.f1e08b76
                0x000000000001d9be                zoomtest.c.fbd10cde
                0x0000000000024056                gcc8_c_support.c.e9862530
 .debug_info    0x00000000000245b4     0x1e13 C:\Users\uersu\AppData\Local\Temp\ccXdwGSe.ltrans0.ltrans.o
 .debug_info    0x00000000000263c7       0x26 obj8mingw/gcc8_a_support.o
 .debug_info    0x00000000000263ed       0x26 obj8mingw/utilsasm.o

.debug_abbrev   0x0000000000000000     0x1439
 *(.debug_abbrev)
 .debug_abbrev  0x0000000000000000     0x1235 C:\Users\uersu\AppData\Local\Temp\ccn4RqMDdebugobj
 .debug_abbrev  0x0000000000001235      0x1dc C:\Users\uersu\AppData\Local\Temp\ccXdwGSe.ltrans0.ltrans.o
 .debug_abbrev  0x0000000000001411       0x14 obj8mingw/gcc8_a_support.o
 .debug_abbrev  0x0000000000001425       0x14 obj8mingw/utilsasm.o

.debug_line     0x0000000000000000     0x6249
 *(.debug_line .debug_line.* .debug_line_end)
 .debug_line    0x0000000000000000     0x2b92 C:\Users\uersu\AppData\Local\Temp\ccn4RqMDdebugobj
 .debug_line    0x0000000000002b92     0x350b C:\Users\uersu\AppData\Local\Temp\ccXdwGSe.ltrans0.ltrans.o
 .debug_line    0x000000000000609d       0xdf obj8mingw/gcc8_a_support.o
 .debug_line    0x000000000000617c       0xcd obj8mingw/utilsasm.o

.debug_frame    0x0000000000000000      0x27c
 *(.debug_frame)
 .debug_frame   0x0000000000000000      0x27c C:\Users\uersu\AppData\Local\Temp\ccXdwGSe.ltrans0.ltrans.o

.debug_str      0x0000000000000000      0x942
 *(.debug_str)
 .debug_str     0x0000000000000000      0x87c C:\Users\uersu\AppData\Local\Temp\ccn4RqMDdebugobj
 .debug_str     0x000000000000087c        0x0 C:\Users\uersu\AppData\Local\Temp\ccXdwGSe.ltrans0.ltrans.o
 .debug_str     0x000000000000087c       0x8a obj8mingw/gcc8_a_support.o
 .debug_str     0x0000000000000906       0x3c obj8mingw/utilsasm.o
                                         0x7c (size before relaxing)

.debug_loc      0x0000000000000000     0x1edd
 *(.debug_loc)
 .debug_loc     0x0000000000000000     0x1edd C:\Users\uersu\AppData\Local\Temp\ccXdwGSe.ltrans0.ltrans.o

.debug_macinfo
 *(.debug_macinfo)

.debug_weaknames
 *(.debug_weaknames)

.debug_funcnames
 *(.debug_funcnames)

.debug_typenames
 *(.debug_typenames)

.debug_varnames
 *(.debug_varnames)

.debug_pubtypes
 *(.debug_pubtypes)

.debug_ranges   0x0000000000000000      0x4c8
 *(.debug_ranges)
 .debug_ranges  0x0000000000000000      0x4c8 C:\Users\uersu\AppData\Local\Temp\ccXdwGSe.ltrans0.ltrans.o

.debug_macro
 *(.debug_macro)

.debug_addr
 *(.debug_addr)

.gnu.attributes
 *(.gnu.attributes)

/DISCARD/
 *(.note.GNU-stack)
 *(.gnu_debuglink)
 *(.gnu.lto_*)
OUTPUT(a.mingw.elf elf32-m68k)
