
Memory Configuration

Name             Origin             Length             Attributes
*default*        0x0000000000000000 0xffffffffffffffff

Linker script and memory map

Address of section .text set to 0x0
LOAD C:\Users\uersu\AppData\Local\Temp\ccCxECgidebugobj
LOAD C:\Users\uersu\AppData\Local\Temp\ccduteme.ltrans0.ltrans.o
LOAD obj8mingw/gcc8_a_support.o
LOAD obj8mingw/utilsasm.o
                [!provide]                        PROVIDE (__executable_start = SEGMENT_START ("text-segment", 0x80000000))
                0x0000000080000074                . = (SEGMENT_START ("text-segment", 0x80000000) + SIZEOF_HEADERS)

.interp
 *(.interp)

.note.gnu.build-id
 *(.note.gnu.build-id)

.hash
 *(.hash)

.gnu.hash
 *(.gnu.hash)

.dynsym
 *(.dynsym)

.dynstr
 *(.dynstr)

.gnu.version
 *(.gnu.version)

.gnu.version_d
 *(.gnu.version_d)

.gnu.version_r
 *(.gnu.version_r)

.rela.dyn       0x0000000080000074        0x0
 *(.rela.init)
 *(.rela.text .rela.text.* .rela.gnu.linkonce.t.*)
 *(.rela.fini)
 *(.rela.rodata .rela.rodata.* .rela.gnu.linkonce.r.*)
 *(.rela.data .rela.data.* .rela.gnu.linkonce.d.*)
 *(.rela.tdata .rela.tdata.* .rela.gnu.linkonce.td.*)
 *(.rela.tbss .rela.tbss.* .rela.gnu.linkonce.tb.*)
 *(.rela.ctors)
 *(.rela.dtors)
 *(.rela.got)
 *(.rela.bss .rela.bss.* .rela.gnu.linkonce.b.*)
                [!provide]                        PROVIDE (__rela_iplt_start = .)
 *(.rela.iplt)
                [!provide]                        PROVIDE (__rela_iplt_end = .)

.rela.plt
 *(.rela.plt)

.init
 *(SORT_NONE(.init))

.plt
 *(.plt)

.iplt
 *(.iplt)

.text           0x0000000000000000     0x1a6e
 *(.text.unlikely .text.*_unlikely .text.unlikely.*)
 .text.unlikely
                0x0000000000000000        0x6 C:\Users\uersu\AppData\Local\Temp\ccduteme.ltrans0.ltrans.o
                0x0000000000000000                _start
 *(.text.exit .text.exit.*)
 *(.text.startup .text.startup.*)
 .text.startup  0x0000000000000006      0xbc6 C:\Users\uersu\AppData\Local\Temp\ccduteme.ltrans0.ltrans.o
                0x0000000000000006                main
 *(.text.hot .text.hot.*)
 *(.text .stub .text.* .gnu.linkonce.t.*)
 .text          0x0000000000000bcc      0xbc6 C:\Users\uersu\AppData\Local\Temp\ccduteme.ltrans0.ltrans.o
                0x000000000000161c                memcpy
                0x00000000000016ae                memset
                0x000000000000177e                strlen
 *fill*         0x0000000000001792        0x2 4e714e71
 .text          0x0000000000001794      0x10c obj8mingw/gcc8_a_support.o
                0x0000000000001794                __mulsi3
                0x00000000000017b6                __udivsi3
                0x0000000000001812                __divsi3
                0x000000000000183c                __modsi3
                0x0000000000001864                __umodsi3
                0x000000000000188e                KPutCharX
                0x000000000000189c                PutChar
 .text          0x00000000000018a0      0x1ce obj8mingw/utilsasm.o
 *(.gnu.warning)

.fini
 *(SORT_NONE(.fini))
                [!provide]                        PROVIDE (__etext = .)
                [!provide]                        PROVIDE (_etext = .)
                [!provide]                        PROVIDE (etext = .)

.rodata         0x0000000000001a6e      0xa8c
 *(.rodata .rodata.* .gnu.linkonce.r.*)
 .rodata        0x0000000000001a6e      0xa8c C:\Users\uersu\AppData\Local\Temp\ccduteme.ltrans0.ltrans.o
                0x0000000000001a6e                incbin_swfont_start
                0x000000000000201e                incbin_swfont_end

.rodata1
 *(.rodata1)

.eh_frame_hdr
 *(.eh_frame_hdr)
 *(.eh_frame_entry .eh_frame_entry.*)

.eh_frame
 *(.eh_frame)
 *(.eh_frame.*)

.gcc_except_table
 *(.gcc_except_table .gcc_except_table.*)

.gnu_extab
 *(.gnu_extab*)

.exception_ranges
 *(.exception_ranges*)
                0x00000000000044fa                . = DATA_SEGMENT_ALIGN (CONSTANT (MAXPAGESIZE), CONSTANT (COMMONPAGESIZE))

.eh_frame
 *(.eh_frame)
 *(.eh_frame.*)

.gnu_extab
 *(.gnu_extab)

.gcc_except_table
 *(.gcc_except_table .gcc_except_table.*)

.exception_ranges
 *(.exception_ranges*)

.tdata          0x00000000000044fa        0x0
                [!provide]                        PROVIDE (__tdata_start = .)
 *(.tdata .tdata.* .gnu.linkonce.td.*)

.tbss
 *(.tbss .tbss.* .gnu.linkonce.tb.*)
 *(.tcommon)

.preinit_array  0x00000000000044fa        0x0
                [!provide]                        PROVIDE (__preinit_array_start = .)
 *(.preinit_array)
                [!provide]                        PROVIDE (__preinit_array_end = .)

.init_array     0x00000000000044fa        0x0
                [!provide]                        PROVIDE (__init_array_start = .)
 *(SORT_BY_INIT_PRIORITY(.init_array.*) SORT_BY_INIT_PRIORITY(.ctors.*))
 *(.init_array EXCLUDE_FILE(*crtend?.o *crtend.o *crtbegin?.o *crtbegin.o) .ctors)
                [!provide]                        PROVIDE (__init_array_end = .)

.fini_array     0x00000000000044fa        0x0
                [!provide]                        PROVIDE (__fini_array_start = .)
 *(SORT_BY_INIT_PRIORITY(.fini_array.*) SORT_BY_INIT_PRIORITY(.dtors.*))
 *(.fini_array EXCLUDE_FILE(*crtend?.o *crtend.o *crtbegin?.o *crtbegin.o) .dtors)
                [!provide]                        PROVIDE (__fini_array_end = .)

.ctors
 *crtbegin.o(.ctors)
 *crtbegin?.o(.ctors)
 *(EXCLUDE_FILE(*crtend?.o *crtend.o) .ctors)
 *(SORT_BY_NAME(.ctors.*))
 *(.ctors)

.dtors
 *crtbegin.o(.dtors)
 *crtbegin?.o(.dtors)
 *(EXCLUDE_FILE(*crtend?.o *crtend.o) .dtors)
 *(SORT_BY_NAME(.dtors.*))
 *(.dtors)

.jcr
 *(.jcr)

.data.rel.ro
 *(.data.rel.ro.local* .gnu.linkonce.d.rel.ro.local.*)
 *(.data.rel.ro .data.rel.ro.* .gnu.linkonce.d.rel.ro.*)

.dynamic
 *(.dynamic)
                0x00000000000044fa                . = DATA_SEGMENT_RELRO_END (., 0x0)

.got
 *(.got.plt)
 *(.igot.plt)
 *(.got)
 *(.igot)

.data           0x00000000000044fc       0x78
 *(.data .data.* .gnu.linkonce.d.*)
 .data          0x00000000000044fc       0x78 C:\Users\uersu\AppData\Local\Temp\ccduteme.ltrans0.ltrans.o
 .data          0x0000000000004574        0x0 obj8mingw/gcc8_a_support.o
 .data          0x0000000000004574        0x0 obj8mingw/utilsasm.o

.data1
 *(.data1)
                0x0000000000004574                _edata = .
                [!provide]                        PROVIDE (edata = .)
                0x0000000000004574                . = .
                0x0000000000004574                __bss_start = .

.bss            0x0000000000004574       0x64
 *(.dynbss)
 *(.bss .bss.* .gnu.linkonce.b.*)
 .bss           0x0000000000004574       0x62 C:\Users\uersu\AppData\Local\Temp\ccduteme.ltrans0.ltrans.o
 *fill*         0x00000000000045d6        0x2 
 .bss           0x00000000000045d8        0x0 obj8mingw/gcc8_a_support.o
 .bss           0x00000000000045d8        0x0 obj8mingw/utilsasm.o
 *(COMMON)
                0x00000000000045d8                . = ALIGN ((. != 0x0)?0x4:0x1)
                0x00000000000045d8                . = ALIGN (0x4)
                0x00000000000045d8                . = SEGMENT_START ("ldata-segment", .)
                0x00000000000045d8                . = ALIGN (0x4)
                0x00000000000045d8                _end = .
                [!provide]                        PROVIDE (end = .)
                0x00000000000045d8                . = DATA_SEGMENT_END (.)

.stab
 *(.stab)

.stabstr
 *(.stabstr)

.stab.excl
 *(.stab.excl)

.stab.exclstr
 *(.stab.exclstr)

.stab.index
 *(.stab.index)

.stab.indexstr
 *(.stab.indexstr)

.comment        0x0000000000000000       0x11
 *(.comment)
 .comment       0x0000000000000000       0x11 C:\Users\uersu\AppData\Local\Temp\ccCxECgidebugobj
                                         0xc6 (size before relaxing)
 .comment       0x0000000000000011       0x12 C:\Users\uersu\AppData\Local\Temp\ccduteme.ltrans0.ltrans.o

.gnu.build.attributes
 *(.gnu.build.attributes .gnu.build.attributes.*)

.debug
 *(.debug)

.line
 *(.line)

.debug_srcinfo
 *(.debug_srcinfo)

.debug_sfnames
 *(.debug_sfnames)

.debug_aranges  0x0000000000000000       0x70
 *(.debug_aranges)
 .debug_aranges
                0x0000000000000000       0x30 C:\Users\uersu\AppData\Local\Temp\ccduteme.ltrans0.ltrans.o
 .debug_aranges
                0x0000000000000030       0x20 obj8mingw/gcc8_a_support.o
 .debug_aranges
                0x0000000000000050       0x20 obj8mingw/utilsasm.o

.debug_pubnames
 *(.debug_pubnames)

.debug_info     0x0000000000000000    0x228ee
 *(.debug_info .gnu.linkonce.wi.*)
 .debug_info    0x0000000000000000    0x1e4a4 C:\Users\uersu\AppData\Local\Temp\ccCxECgidebugobj
                0x0000000000000000                utils.c.cacf4448
                0x0000000000003c72                rundemo.c.d99b7c69
                0x0000000000007160                main.c.984cdf24
                0x000000000000aa66                swscrollertest.c.713af336
                0x000000000000e2ec                swscroller.c.b9326c7d
                0x0000000000011e02                zoom.c.23f8afbc
                0x00000000000158d7                runtests.c.ec94e452
                0x00000000000159ce                coppertests.c.20148e04
                0x000000000001a3e6                general.c.f1e08b76
                0x000000000001a4ce                zoomtest.c.66d5626c
                0x000000000001df46                gcc8_c_support.c.e9862530
 .debug_info    0x000000000001e4a4     0x43fe C:\Users\uersu\AppData\Local\Temp\ccduteme.ltrans0.ltrans.o
 .debug_info    0x00000000000228a2       0x26 obj8mingw/gcc8_a_support.o
 .debug_info    0x00000000000228c8       0x26 obj8mingw/utilsasm.o

.debug_abbrev   0x0000000000000000     0x116e
 *(.debug_abbrev)
 .debug_abbrev  0x0000000000000000      0xfb2 C:\Users\uersu\AppData\Local\Temp\ccCxECgidebugobj
 .debug_abbrev  0x0000000000000fb2      0x194 C:\Users\uersu\AppData\Local\Temp\ccduteme.ltrans0.ltrans.o
 .debug_abbrev  0x0000000000001146       0x14 obj8mingw/gcc8_a_support.o
 .debug_abbrev  0x000000000000115a       0x14 obj8mingw/utilsasm.o

.debug_line     0x0000000000000000     0x829a
 *(.debug_line .debug_line.* .debug_line_end)
 .debug_line    0x0000000000000000     0x272b C:\Users\uersu\AppData\Local\Temp\ccCxECgidebugobj
 .debug_line    0x000000000000272b     0x59c5 C:\Users\uersu\AppData\Local\Temp\ccduteme.ltrans0.ltrans.o
 .debug_line    0x00000000000080f0       0xdf obj8mingw/gcc8_a_support.o
 .debug_line    0x00000000000081cf       0xcb obj8mingw/utilsasm.o

.debug_frame    0x0000000000000000      0x2c0
 *(.debug_frame)
 .debug_frame   0x0000000000000000      0x2c0 C:\Users\uersu\AppData\Local\Temp\ccduteme.ltrans0.ltrans.o

.debug_str      0x0000000000000000      0x7aa
 *(.debug_str)
 .debug_str     0x0000000000000000      0x6e4 C:\Users\uersu\AppData\Local\Temp\ccCxECgidebugobj
 .debug_str     0x00000000000006e4        0x0 C:\Users\uersu\AppData\Local\Temp\ccduteme.ltrans0.ltrans.o
 .debug_str     0x00000000000006e4       0x8a obj8mingw/gcc8_a_support.o
 .debug_str     0x000000000000076e       0x3c obj8mingw/utilsasm.o
                                         0x7c (size before relaxing)

.debug_loc      0x0000000000000000     0x27f6
 *(.debug_loc)
 .debug_loc     0x0000000000000000     0x27f6 C:\Users\uersu\AppData\Local\Temp\ccduteme.ltrans0.ltrans.o

.debug_macinfo
 *(.debug_macinfo)

.debug_weaknames
 *(.debug_weaknames)

.debug_funcnames
 *(.debug_funcnames)

.debug_typenames
 *(.debug_typenames)

.debug_varnames
 *(.debug_varnames)

.debug_pubtypes
 *(.debug_pubtypes)

.debug_ranges   0x0000000000000000      0x298
 *(.debug_ranges)
 .debug_ranges  0x0000000000000000      0x298 C:\Users\uersu\AppData\Local\Temp\ccduteme.ltrans0.ltrans.o

.debug_macro
 *(.debug_macro)

.debug_addr
 *(.debug_addr)

.gnu.attributes
 *(.gnu.attributes)

/DISCARD/
 *(.note.GNU-stack)
 *(.gnu_debuglink)
 *(.gnu.lto_*)
OUTPUT(a.mingw.elf elf32-m68k)
