
Memory Configuration

Name             Origin             Length             Attributes
*default*        0x0000000000000000 0xffffffffffffffff

Linker script and memory map

Address of section .text set to 0x0
LOAD C:\Users\uersu\AppData\Local\Temp\a.mingw.elf.TMRoX6.ltrans0.ltrans.o
LOAD C:\Users\uersu\AppData\Local\Temp\ccR6IB49.debug.temp.o
LOAD C:\Users\uersu\AppData\Local\Temp\ccwN91Wj.debug.temp.o
LOAD C:\Users\uersu\AppData\Local\Temp\ccnerR1t.debug.temp.o
LOAD C:\Users\uersu\AppData\Local\Temp\ccvPBA1v.debug.temp.o
LOAD C:\Users\uersu\AppData\Local\Temp\cctrTvKw.debug.temp.o
LOAD C:\Users\uersu\AppData\Local\Temp\cctMZJHx.debug.temp.o
LOAD C:\Users\uersu\AppData\Local\Temp\ccV5vPVB.debug.temp.o
LOAD C:\Users\uersu\AppData\Local\Temp\ccfrv2YF.debug.temp.o
LOAD C:\Users\uersu\AppData\Local\Temp\ccl7WgTI.debug.temp.o
LOAD C:\Users\uersu\AppData\Local\Temp\ccBgfM3O.debug.temp.o
LOAD C:\Users\uersu\AppData\Local\Temp\cczysIrV.debug.temp.o
LOAD C:\Users\uersu\AppData\Local\Temp\cc3gDIt0.debug.temp.o
LOAD obj/gcc8_a_support.o
LOAD obj/utilsasm.o
                [!provide]                        PROVIDE (__executable_start = SEGMENT_START ("text-segment", 0x80000000))
                0x0000000080000074                . = (SEGMENT_START ("text-segment", 0x80000000) + SIZEOF_HEADERS)

.interp
 *(.interp)

.note.gnu.build-id
 *(.note.gnu.build-id)

.hash
 *(.hash)

.gnu.hash
 *(.gnu.hash)

.dynsym
 *(.dynsym)

.dynstr
 *(.dynstr)

.gnu.version
 *(.gnu.version)

.gnu.version_d
 *(.gnu.version_d)

.gnu.version_r
 *(.gnu.version_r)

.rela.dyn       0x0000000080000074        0x0
 *(.rela.init)
 *(.rela.text .rela.text.* .rela.gnu.linkonce.t.*)
 *(.rela.fini)
 *(.rela.rodata .rela.rodata.* .rela.gnu.linkonce.r.*)
 *(.rela.data .rela.data.* .rela.gnu.linkonce.d.*)
 *(.rela.tdata .rela.tdata.* .rela.gnu.linkonce.td.*)
 *(.rela.tbss .rela.tbss.* .rela.gnu.linkonce.tb.*)
 *(.rela.ctors)
 *(.rela.dtors)
 *(.rela.got)
 *(.rela.bss .rela.bss.* .rela.gnu.linkonce.b.*)
                [!provide]                        PROVIDE (__rela_iplt_start = .)
 *(.rela.iplt)
                [!provide]                        PROVIDE (__rela_iplt_end = .)

.rela.plt
 *(.rela.plt)

.init
 *(SORT_NONE(.init))

.plt
 *(.plt)

.iplt
 *(.iplt)

.text           0x0000000000000000     0x7546
 *(.text.unlikely .text.*_unlikely .text.unlikely.*)
 .text.unlikely
                0x0000000000000000       0xb4 C:\Users\uersu\AppData\Local\Temp\a.mingw.elf.TMRoX6.ltrans0.ltrans.o
                0x0000000000000000                _start
 *(.text.exit .text.exit.*)
 *(.text.startup .text.startup.*)
 *(.text.hot .text.hot.*)
 *(SORT_BY_NAME(.text.sorted.*))
 *(.text .stub .text.* .gnu.linkonce.t.*)
 .text          0x00000000000000b4     0x6fe8 C:\Users\uersu\AppData\Local\Temp\a.mingw.elf.TMRoX6.ltrans0.ltrans.o
                0x0000000000000824                main
                0x0000000000006ce6                strlen
                0x0000000000006d06                memset
                0x0000000000006d3e                memcpy
                0x0000000000006d8c                memmove
 .text          0x000000000000709c      0x10c obj/gcc8_a_support.o
                0x000000000000709c                __mulsi3
                0x00000000000070be                __udivsi3
                0x000000000000711a                __divsi3
                0x0000000000007144                __modsi3
                0x000000000000716c                __umodsi3
                0x0000000000007196                KPutCharX
                0x00000000000071a4                PutChar
 .text          0x00000000000071a8      0x39e obj/utilsasm.o
                0x00000000000071a8                c2p1x1_8_c5_gen_init
                0x0000000000007224                c2p1x1_8_c5_gen
 *(.gnu.warning)

.fini
 *(SORT_NONE(.fini))
                [!provide]                        PROVIDE (__etext = .)
                [!provide]                        PROVIDE (_etext = .)
                [!provide]                        PROVIDE (etext = .)

.rodata         0x0000000000007546      0xf97
 *(.rodata .rodata.* .gnu.linkonce.r.*)
 .rodata        0x0000000000007546      0xf97 C:\Users\uersu\AppData\Local\Temp\a.mingw.elf.TMRoX6.ltrans0.ltrans.o
                0x0000000000007684                incbin_swfont_start
                0x0000000000007c34                incbin_swfont_end

.MEMF_CHIP      0x00000000000084de       0x7c
 .MEMF_CHIP     0x00000000000084de       0x7c C:\Users\uersu\AppData\Local\Temp\a.mingw.elf.TMRoX6.ltrans0.ltrans.o

.rodata1
 *(.rodata1)

.eh_frame_hdr
 *(.eh_frame_hdr)
 *(.eh_frame_entry .eh_frame_entry.*)

.eh_frame
 *(.eh_frame)
 *(.eh_frame.*)

.gcc_except_table
 *(.gcc_except_table .gcc_except_table.*)

.gnu_extab
 *(.gnu_extab*)

.exception_ranges
 *(.exception_ranges*)
                0x000000000000a55a                . = DATA_SEGMENT_ALIGN (CONSTANT (MAXPAGESIZE), CONSTANT (COMMONPAGESIZE))

.eh_frame
 *(.eh_frame)
 *(.eh_frame.*)

.gnu_extab
 *(.gnu_extab)

.gcc_except_table
 *(.gcc_except_table .gcc_except_table.*)

.exception_ranges
 *(.exception_ranges*)

.tdata          0x000000000000a55a        0x0
                [!provide]                        PROVIDE (__tdata_start = .)
 *(.tdata .tdata.* .gnu.linkonce.td.*)

.tbss
 *(.tbss .tbss.* .gnu.linkonce.tb.*)
 *(.tcommon)

.preinit_array  0x000000000000a55a        0x0
                0x000000000000a55a                PROVIDE (__preinit_array_start = .)
 *(.preinit_array)
                0x000000000000a55a                PROVIDE (__preinit_array_end = .)

.init_array     0x000000000000a55a        0x0
                0x000000000000a55a                PROVIDE (__init_array_start = .)
 *(SORT_BY_INIT_PRIORITY(.init_array.*) SORT_BY_INIT_PRIORITY(.ctors.*))
 *(.init_array EXCLUDE_FILE(*crtend?.o *crtend.o *crtbegin?.o *crtbegin.o) .ctors)
                0x000000000000a55a                PROVIDE (__init_array_end = .)

.fini_array     0x000000000000a55a        0x0
                0x000000000000a55a                PROVIDE (__fini_array_start = .)
 *(SORT_BY_INIT_PRIORITY(.fini_array.*) SORT_BY_INIT_PRIORITY(.dtors.*))
 *(.fini_array EXCLUDE_FILE(*crtend?.o *crtend.o *crtbegin?.o *crtbegin.o) .dtors)
                0x000000000000a55a                PROVIDE (__fini_array_end = .)

.ctors
 *crtbegin.o(.ctors)
 *crtbegin?.o(.ctors)
 *(EXCLUDE_FILE(*crtend?.o *crtend.o) .ctors)
 *(SORT_BY_NAME(.ctors.*))
 *(.ctors)

.dtors
 *crtbegin.o(.dtors)
 *crtbegin?.o(.dtors)
 *(EXCLUDE_FILE(*crtend?.o *crtend.o) .dtors)
 *(SORT_BY_NAME(.dtors.*))
 *(.dtors)

.jcr
 *(.jcr)

.data.rel.ro
 *(.data.rel.ro.local* .gnu.linkonce.d.rel.ro.local.*)
 *(.data.rel.ro .data.rel.ro.* .gnu.linkonce.d.rel.ro.*)

.dynamic
 *(.dynamic)
                0x000000000000a55a                . = DATA_SEGMENT_RELRO_END (., 0x0)

.got
 *(.got.plt)
 *(.igot.plt)
 *(.got)
 *(.igot)

.data           0x000000000000a55c     0x1810
 *(.data .data.* .gnu.linkonce.d.*)
 .data          0x000000000000a55c     0x1810 C:\Users\uersu\AppData\Local\Temp\a.mingw.elf.TMRoX6.ltrans0.ltrans.o
 .data          0x000000000000bd6c        0x0 obj/gcc8_a_support.o
 .data          0x000000000000bd6c        0x0 obj/utilsasm.o

.INCBIN.MEMF_CHIP
                0x000000000000bd6c   0x15fc1f
 .INCBIN.MEMF_CHIP
                0x000000000000bd6c   0x15fc1f C:\Users\uersu\AppData\Local\Temp\a.mingw.elf.TMRoX6.ltrans0.ltrans.o
                0x000000000000bd6c                incbin_framebuffer_start
                0x0000000000021d2c                incbin_framebuffer_end
                0x0000000000021d2e                incbin_rawzoom_start
                0x0000000000037cee                incbin_rawzoom_end
                0x0000000000037cf0                incbin_rawzoom1_start
                0x000000000004dcb0                incbin_rawzoom1_end
                0x000000000004dcb2                incbin_rawzoom2_start
                0x0000000000063c72                incbin_rawzoom2_end
                0x0000000000063c74                incbin_rawzoom3_start
                0x0000000000079c34                incbin_rawzoom3_end
                0x0000000000079c36                incbin_rawzoom4_start
                0x000000000008fbf6                incbin_rawzoom4_end
                0x000000000008fbf8                incbin_rawzoom5_start
                0x00000000000a5bb8                incbin_rawzoom5_end
                0x00000000000a5bba                incbin_rawzoom6_start
                0x00000000000bbb7a                incbin_rawzoom6_end
                0x00000000000bbb7c                incbin_rawzoom7_start
                0x00000000000d1b3c                incbin_rawzoom7_end
                0x00000000000d1b3e                incbin_rawzoom8_start
                0x00000000000e7afe                incbin_rawzoom8_end
                0x00000000000e7b00                incbin_rawzoom9_start
                0x00000000000fdac0                incbin_rawzoom9_end
                0x00000000000fdac2                incbin_rawzoom10_start
                0x0000000000113a82                incbin_rawzoom10_end
                0x0000000000113a84                incbin_rawzoom11_start
                0x0000000000129a44                incbin_rawzoom11_end
                0x0000000000129a46                incbin_rawzoom12_start
                0x000000000013fa06                incbin_rawzoom12_end
                0x000000000013fa08                incbin_rawzoom13_start
                0x00000000001559c8                incbin_rawzoom13_end
                0x00000000001559ca                incbin_rawzoom14_start
                0x000000000016b98a                incbin_rawzoom14_end

.data1
 *(.data1)
                0x000000000016b98b                _edata = .
                [!provide]                        PROVIDE (edata = .)
                0x000000000016b98b                . = .
                0x000000000016b98b                __bss_start = .

.bss            0x000000000016b98c       0x78
 *(.dynbss)
 *(.bss .bss.* .gnu.linkonce.b.*)
 .bss           0x000000000016b98c       0x76 C:\Users\uersu\AppData\Local\Temp\a.mingw.elf.TMRoX6.ltrans0.ltrans.o
 *fill*         0x000000000016ba02        0x2 
 .bss           0x000000000016ba04        0x0 obj/gcc8_a_support.o
 .bss           0x000000000016ba04        0x0 obj/utilsasm.o
 *(COMMON)
                0x000000000016ba04                . = ALIGN ((. != 0x0)?0x4:0x1)
                0x000000000016ba04                . = ALIGN (0x4)
                0x000000000016ba04                . = SEGMENT_START ("ldata-segment", .)
                0x000000000016ba04                . = ALIGN (0x4)
                0x000000000016ba04                _end = .
                [!provide]                        PROVIDE (end = .)
                0x000000000016ba04                . = DATA_SEGMENT_END (.)

.stab
 *(.stab)

.stabstr
 *(.stabstr)

.stab.excl
 *(.stab.excl)

.stab.exclstr
 *(.stab.exclstr)

.stab.index
 *(.stab.index)

.stab.indexstr
 *(.stab.indexstr)

.comment        0x0000000000000000       0x12
 *(.comment)
 .comment       0x0000000000000000       0x12 C:\Users\uersu\AppData\Local\Temp\a.mingw.elf.TMRoX6.ltrans0.ltrans.o
                                         0x13 (size before relaxing)
 .comment       0x0000000000000012       0x13 C:\Users\uersu\AppData\Local\Temp\ccR6IB49.debug.temp.o
 .comment       0x0000000000000012       0x13 C:\Users\uersu\AppData\Local\Temp\ccwN91Wj.debug.temp.o
 .comment       0x0000000000000012       0x13 C:\Users\uersu\AppData\Local\Temp\ccnerR1t.debug.temp.o
 .comment       0x0000000000000012       0x13 C:\Users\uersu\AppData\Local\Temp\ccvPBA1v.debug.temp.o
 .comment       0x0000000000000012       0x13 C:\Users\uersu\AppData\Local\Temp\cctrTvKw.debug.temp.o
 .comment       0x0000000000000012       0x13 C:\Users\uersu\AppData\Local\Temp\cctMZJHx.debug.temp.o
 .comment       0x0000000000000012       0x13 C:\Users\uersu\AppData\Local\Temp\ccV5vPVB.debug.temp.o
 .comment       0x0000000000000012       0x13 C:\Users\uersu\AppData\Local\Temp\ccfrv2YF.debug.temp.o
 .comment       0x0000000000000012       0x13 C:\Users\uersu\AppData\Local\Temp\ccl7WgTI.debug.temp.o
 .comment       0x0000000000000012       0x13 C:\Users\uersu\AppData\Local\Temp\ccBgfM3O.debug.temp.o
 .comment       0x0000000000000012       0x13 C:\Users\uersu\AppData\Local\Temp\cczysIrV.debug.temp.o
 .comment       0x0000000000000012       0x13 C:\Users\uersu\AppData\Local\Temp\cc3gDIt0.debug.temp.o

.gnu.build.attributes
 *(.gnu.build.attributes .gnu.build.attributes.*)

.debug
 *(.debug)

.line
 *(.line)

.debug_srcinfo
 *(.debug_srcinfo)

.debug_sfnames
 *(.debug_sfnames)

.debug_aranges  0x0000000000000000       0x68
 *(.debug_aranges)
 .debug_aranges
                0x0000000000000000       0x28 C:\Users\uersu\AppData\Local\Temp\a.mingw.elf.TMRoX6.ltrans0.ltrans.o
 .debug_aranges
                0x0000000000000028       0x20 obj/gcc8_a_support.o
 .debug_aranges
                0x0000000000000048       0x20 obj/utilsasm.o

.debug_pubnames
 *(.debug_pubnames)

.debug_info     0x0000000000000000    0x2072b
 *(.debug_info .gnu.linkonce.wi.*)
 .debug_info    0x0000000000000000     0x6e51 C:\Users\uersu\AppData\Local\Temp\a.mingw.elf.TMRoX6.ltrans0.ltrans.o
 .debug_info    0x0000000000006e51     0x191d C:\Users\uersu\AppData\Local\Temp\ccR6IB49.debug.temp.o
                0x0000000000006e51                utils.c.b2618c9d
 .debug_info    0x000000000000876e      0xa8b C:\Users\uersu\AppData\Local\Temp\ccwN91Wj.debug.temp.o
                0x000000000000876e                rundemo.c.49896d27
 .debug_info    0x00000000000091f9      0x2f2 C:\Users\uersu\AppData\Local\Temp\ccnerR1t.debug.temp.o
                0x00000000000091f9                zoom102.c.9d98608a
 .debug_info    0x00000000000094eb     0x3d92 C:\Users\uersu\AppData\Local\Temp\ccvPBA1v.debug.temp.o
                0x00000000000094eb                main.c.661dc8bd
 .debug_info    0x000000000000d27d      0xe8b C:\Users\uersu\AppData\Local\Temp\cctrTvKw.debug.temp.o
                0x000000000000d27d                swscrollertest.c.bc79033e
 .debug_info    0x000000000000e108     0x188b C:\Users\uersu\AppData\Local\Temp\cctMZJHx.debug.temp.o
                0x000000000000e108                swscroller.c.187519bd
 .debug_info    0x000000000000f993     0x2ebf C:\Users\uersu\AppData\Local\Temp\ccV5vPVB.debug.temp.o
                0x000000000000f993                zoom.c.4163a25c
 .debug_info    0x0000000000012852     0x3f3e C:\Users\uersu\AppData\Local\Temp\ccfrv2YF.debug.temp.o
                0x0000000000012852                zoomtest2.c.347717ff
 .debug_info    0x0000000000016790     0x2f61 C:\Users\uersu\AppData\Local\Temp\ccl7WgTI.debug.temp.o
                0x0000000000016790                coppertests.c.d6a0cf95
 .debug_info    0x00000000000196f1      0x19b C:\Users\uersu\AppData\Local\Temp\ccBgfM3O.debug.temp.o
                0x00000000000196f1                runtests.c.4b8b7632
 .debug_info    0x000000000001988c     0x65b2 C:\Users\uersu\AppData\Local\Temp\cczysIrV.debug.temp.o
                0x000000000001988c                zoomtest.c.593a6beb
 .debug_info    0x000000000001fe3e      0x8a1 C:\Users\uersu\AppData\Local\Temp\cc3gDIt0.debug.temp.o
                0x000000000001fe3e                gcc8_c_support.c.91e58f72
 .debug_info    0x00000000000206df       0x26 obj/gcc8_a_support.o
 .debug_info    0x0000000000020705       0x26 obj/utilsasm.o

.debug_abbrev   0x0000000000000000     0x11f6
 *(.debug_abbrev)
 .debug_abbrev  0x0000000000000000       0xa4 C:\Users\uersu\AppData\Local\Temp\a.mingw.elf.TMRoX6.ltrans0.ltrans.o
 .debug_abbrev  0x00000000000000a4      0x14c C:\Users\uersu\AppData\Local\Temp\ccR6IB49.debug.temp.o
 .debug_abbrev  0x00000000000001f0       0xf4 C:\Users\uersu\AppData\Local\Temp\ccwN91Wj.debug.temp.o
 .debug_abbrev  0x00000000000002e4       0xda C:\Users\uersu\AppData\Local\Temp\ccnerR1t.debug.temp.o
 .debug_abbrev  0x00000000000003be      0x248 C:\Users\uersu\AppData\Local\Temp\ccvPBA1v.debug.temp.o
 .debug_abbrev  0x0000000000000606       0xf1 C:\Users\uersu\AppData\Local\Temp\cctrTvKw.debug.temp.o
 .debug_abbrev  0x00000000000006f7      0x178 C:\Users\uersu\AppData\Local\Temp\cctMZJHx.debug.temp.o
 .debug_abbrev  0x000000000000086f      0x25c C:\Users\uersu\AppData\Local\Temp\ccV5vPVB.debug.temp.o
 .debug_abbrev  0x0000000000000acb      0x188 C:\Users\uersu\AppData\Local\Temp\ccfrv2YF.debug.temp.o
 .debug_abbrev  0x0000000000000c53      0x165 C:\Users\uersu\AppData\Local\Temp\ccl7WgTI.debug.temp.o
 .debug_abbrev  0x0000000000000db8       0x42 C:\Users\uersu\AppData\Local\Temp\ccBgfM3O.debug.temp.o
 .debug_abbrev  0x0000000000000dfa      0x26e C:\Users\uersu\AppData\Local\Temp\cczysIrV.debug.temp.o
 .debug_abbrev  0x0000000000001068      0x166 C:\Users\uersu\AppData\Local\Temp\cc3gDIt0.debug.temp.o
 .debug_abbrev  0x00000000000011ce       0x14 obj/gcc8_a_support.o
 .debug_abbrev  0x00000000000011e2       0x14 obj/utilsasm.o

.debug_line     0x0000000000000000     0x8cda
 *(.debug_line .debug_line.* .debug_line_end)
 .debug_line    0x0000000000000000     0x6a69 C:\Users\uersu\AppData\Local\Temp\a.mingw.elf.TMRoX6.ltrans0.ltrans.o
 .debug_line    0x0000000000006a69      0x214 C:\Users\uersu\AppData\Local\Temp\ccR6IB49.debug.temp.o
 .debug_line    0x0000000000006c7d      0x15e C:\Users\uersu\AppData\Local\Temp\ccwN91Wj.debug.temp.o
 .debug_line    0x0000000000006ddb       0xdd C:\Users\uersu\AppData\Local\Temp\ccnerR1t.debug.temp.o
 .debug_line    0x0000000000006eb8      0x49e C:\Users\uersu\AppData\Local\Temp\ccvPBA1v.debug.temp.o
 .debug_line    0x0000000000007356      0x291 C:\Users\uersu\AppData\Local\Temp\cctrTvKw.debug.temp.o
 .debug_line    0x00000000000075e7      0x2c0 C:\Users\uersu\AppData\Local\Temp\cctMZJHx.debug.temp.o
 .debug_line    0x00000000000078a7      0x34a C:\Users\uersu\AppData\Local\Temp\ccV5vPVB.debug.temp.o
 .debug_line    0x0000000000007bf1      0x4a3 C:\Users\uersu\AppData\Local\Temp\ccfrv2YF.debug.temp.o
 .debug_line    0x0000000000008094      0x33a C:\Users\uersu\AppData\Local\Temp\ccl7WgTI.debug.temp.o
 .debug_line    0x00000000000083ce       0x5d C:\Users\uersu\AppData\Local\Temp\ccBgfM3O.debug.temp.o
 .debug_line    0x000000000000842b      0x4ba C:\Users\uersu\AppData\Local\Temp\cczysIrV.debug.temp.o
 .debug_line    0x00000000000088e5      0x153 C:\Users\uersu\AppData\Local\Temp\cc3gDIt0.debug.temp.o
 .debug_line    0x0000000000008a38       0xeb obj/gcc8_a_support.o
 .debug_line    0x0000000000008b23      0x1b7 obj/utilsasm.o

.debug_frame    0x0000000000000000     0x322c
 *(.debug_frame)
 .debug_frame   0x0000000000000000     0x3168 C:\Users\uersu\AppData\Local\Temp\a.mingw.elf.TMRoX6.ltrans0.ltrans.o
 .debug_frame   0x0000000000003168       0xc4 obj/gcc8_a_support.o

.debug_str      0x0000000000000000      0x816
 *(.debug_str)
 .debug_str     0x0000000000000000        0x0 C:\Users\uersu\AppData\Local\Temp\a.mingw.elf.TMRoX6.ltrans0.ltrans.o
 .debug_str     0x0000000000000000       0x24 C:\Users\uersu\AppData\Local\Temp\ccR6IB49.debug.temp.o
 .debug_str     0x0000000000000024        0x0 C:\Users\uersu\AppData\Local\Temp\ccwN91Wj.debug.temp.o
 .debug_str     0x0000000000000024       0x18 C:\Users\uersu\AppData\Local\Temp\ccnerR1t.debug.temp.o
 .debug_str     0x000000000000003c      0x111 C:\Users\uersu\AppData\Local\Temp\ccvPBA1v.debug.temp.o
 .debug_str     0x000000000000014d       0x5f C:\Users\uersu\AppData\Local\Temp\cctrTvKw.debug.temp.o
 .debug_str     0x00000000000001ac       0xb3 C:\Users\uersu\AppData\Local\Temp\cctMZJHx.debug.temp.o
 .debug_str     0x000000000000025f      0x101 C:\Users\uersu\AppData\Local\Temp\ccV5vPVB.debug.temp.o
 .debug_str     0x0000000000000360      0x122 C:\Users\uersu\AppData\Local\Temp\ccfrv2YF.debug.temp.o
 .debug_str     0x0000000000000482       0xc0 C:\Users\uersu\AppData\Local\Temp\ccl7WgTI.debug.temp.o
 .debug_str     0x0000000000000542        0x0 C:\Users\uersu\AppData\Local\Temp\ccBgfM3O.debug.temp.o
 .debug_str     0x0000000000000542      0x1b2 C:\Users\uersu\AppData\Local\Temp\cczysIrV.debug.temp.o
 .debug_str     0x00000000000006f4       0x5c C:\Users\uersu\AppData\Local\Temp\cc3gDIt0.debug.temp.o
 .debug_str     0x0000000000000750       0x8a obj/gcc8_a_support.o
 .debug_str     0x00000000000007da       0x3c obj/utilsasm.o
                                         0x7c (size before relaxing)

.debug_loc
 *(.debug_loc)

.debug_macinfo
 *(.debug_macinfo)

.debug_weaknames
 *(.debug_weaknames)

.debug_funcnames
 *(.debug_funcnames)

.debug_typenames
 *(.debug_typenames)

.debug_varnames
 *(.debug_varnames)

.debug_pubtypes
 *(.debug_pubtypes)

.debug_ranges   0x0000000000000000       0x18
 *(.debug_ranges)
 .debug_ranges  0x0000000000000000       0x18 C:\Users\uersu\AppData\Local\Temp\a.mingw.elf.TMRoX6.ltrans0.ltrans.o

.debug_macro
 *(.debug_macro)

.debug_addr
 *(.debug_addr)

.gnu.attributes
 *(.gnu.attributes)

/DISCARD/
 *(.note.GNU-stack)
 *(.gnu_debuglink)
 *(.gnu.lto_*)
OUTPUT(a.mingw.elf elf32-m68k)
