
Memory Configuration

Name             Origin             Length             Attributes
*default*        0x0000000000000000 0xffffffffffffffff

Linker script and memory map

Address of section .text set to 0x0
LOAD C:\Users\uersu\AppData\Local\Temp\ccCzPxF3debugobj
LOAD C:\Users\uersu\AppData\Local\Temp\ccWhwzL3.ltrans0.ltrans.o
LOAD obj8mingw/gcc8_a_support.o
LOAD obj8mingw/utilsasm.o
                [!provide]                        PROVIDE (__executable_start = SEGMENT_START ("text-segment", 0x80000000))
                0x0000000080000074                . = (SEGMENT_START ("text-segment", 0x80000000) + SIZEOF_HEADERS)

.interp
 *(.interp)

.note.gnu.build-id
 *(.note.gnu.build-id)

.hash
 *(.hash)

.gnu.hash
 *(.gnu.hash)

.dynsym
 *(.dynsym)

.dynstr
 *(.dynstr)

.gnu.version
 *(.gnu.version)

.gnu.version_d
 *(.gnu.version_d)

.gnu.version_r
 *(.gnu.version_r)

.rela.dyn       0x0000000080000074        0x0
 *(.rela.init)
 *(.rela.text .rela.text.* .rela.gnu.linkonce.t.*)
 *(.rela.fini)
 *(.rela.rodata .rela.rodata.* .rela.gnu.linkonce.r.*)
 *(.rela.data .rela.data.* .rela.gnu.linkonce.d.*)
 *(.rela.tdata .rela.tdata.* .rela.gnu.linkonce.td.*)
 *(.rela.tbss .rela.tbss.* .rela.gnu.linkonce.tb.*)
 *(.rela.ctors)
 *(.rela.dtors)
 *(.rela.got)
 *(.rela.bss .rela.bss.* .rela.gnu.linkonce.b.*)
                [!provide]                        PROVIDE (__rela_iplt_start = .)
 *(.rela.iplt)
                [!provide]                        PROVIDE (__rela_iplt_end = .)

.rela.plt
 *(.rela.plt)

.init
 *(SORT_NONE(.init))

.plt
 *(.plt)

.iplt
 *(.iplt)

.text           0x0000000000000000     0x44d6
 *(.text.unlikely .text.*_unlikely .text.unlikely.*)
 .text.unlikely
                0x0000000000000000        0x6 C:\Users\uersu\AppData\Local\Temp\ccWhwzL3.ltrans0.ltrans.o
                0x0000000000000000                _start
 *(.text.exit .text.exit.*)
 *(.text.startup .text.startup.*)
 .text.startup  0x0000000000000006     0x2f08 C:\Users\uersu\AppData\Local\Temp\ccWhwzL3.ltrans0.ltrans.o
                0x0000000000000006                main
 *(.text.hot .text.hot.*)
 *(.text .stub .text.* .gnu.linkonce.t.*)
 *fill*         0x0000000000002f0e        0x2 4e714e71
 .text          0x0000000000002f10     0x12a6 C:\Users\uersu\AppData\Local\Temp\ccWhwzL3.ltrans0.ltrans.o
                0x0000000000004040                memcpy
                0x00000000000040d2                memset
                0x00000000000041a2                strlen
 *fill*         0x00000000000041b6        0x2 4e714e71
 .text          0x00000000000041b8      0x10c obj8mingw/gcc8_a_support.o
                0x00000000000041b8                __mulsi3
                0x00000000000041da                __udivsi3
                0x0000000000004236                __divsi3
                0x0000000000004260                __modsi3
                0x0000000000004288                __umodsi3
                0x00000000000042b2                KPutCharX
                0x00000000000042c0                PutChar
 .text          0x00000000000042c4      0x212 obj8mingw/utilsasm.o
                0x00000000000043fe                __WriteText
 *(.gnu.warning)

.fini
 *(SORT_NONE(.fini))
                [!provide]                        PROVIDE (__etext = .)
                [!provide]                        PROVIDE (_etext = .)
                [!provide]                        PROVIDE (etext = .)

.rodata         0x00000000000044d6      0xd18
 *(.rodata .rodata.* .gnu.linkonce.r.*)
 .rodata        0x00000000000044d6      0xd18 C:\Users\uersu\AppData\Local\Temp\ccWhwzL3.ltrans0.ltrans.o
                0x00000000000044d6                incbin_swfont_start
                0x0000000000004a86                incbin_swfont_end

.rodata1
 *(.rodata1)

.eh_frame_hdr
 *(.eh_frame_hdr)
 *(.eh_frame_entry .eh_frame_entry.*)

.eh_frame
 *(.eh_frame)
 *(.eh_frame.*)

.gcc_except_table
 *(.gcc_except_table .gcc_except_table.*)

.gnu_extab
 *(.gnu_extab*)

.exception_ranges
 *(.exception_ranges*)
                0x00000000000071ee                . = DATA_SEGMENT_ALIGN (CONSTANT (MAXPAGESIZE), CONSTANT (COMMONPAGESIZE))

.eh_frame
 *(.eh_frame)
 *(.eh_frame.*)

.gnu_extab
 *(.gnu_extab)

.gcc_except_table
 *(.gcc_except_table .gcc_except_table.*)

.exception_ranges
 *(.exception_ranges*)

.tdata          0x00000000000071ee        0x0
                [!provide]                        PROVIDE (__tdata_start = .)
 *(.tdata .tdata.* .gnu.linkonce.td.*)

.tbss
 *(.tbss .tbss.* .gnu.linkonce.tb.*)
 *(.tcommon)

.preinit_array  0x00000000000071ee        0x0
                [!provide]                        PROVIDE (__preinit_array_start = .)
 *(.preinit_array)
                [!provide]                        PROVIDE (__preinit_array_end = .)

.init_array     0x00000000000071ee        0x0
                [!provide]                        PROVIDE (__init_array_start = .)
 *(SORT_BY_INIT_PRIORITY(.init_array.*) SORT_BY_INIT_PRIORITY(.ctors.*))
 *(.init_array EXCLUDE_FILE(*crtend?.o *crtend.o *crtbegin?.o *crtbegin.o) .ctors)
                [!provide]                        PROVIDE (__init_array_end = .)

.fini_array     0x00000000000071ee        0x0
                [!provide]                        PROVIDE (__fini_array_start = .)
 *(SORT_BY_INIT_PRIORITY(.fini_array.*) SORT_BY_INIT_PRIORITY(.dtors.*))
 *(.fini_array EXCLUDE_FILE(*crtend?.o *crtend.o *crtbegin?.o *crtbegin.o) .dtors)
                [!provide]                        PROVIDE (__fini_array_end = .)

.ctors
 *crtbegin.o(.ctors)
 *crtbegin?.o(.ctors)
 *(EXCLUDE_FILE(*crtend?.o *crtend.o) .ctors)
 *(SORT_BY_NAME(.ctors.*))
 *(.ctors)

.dtors
 *crtbegin.o(.dtors)
 *crtbegin?.o(.dtors)
 *(EXCLUDE_FILE(*crtend?.o *crtend.o) .dtors)
 *(SORT_BY_NAME(.dtors.*))
 *(.dtors)

.jcr
 *(.jcr)

.data.rel.ro
 *(.data.rel.ro.local* .gnu.linkonce.d.rel.ro.local.*)
 *(.data.rel.ro .data.rel.ro.* .gnu.linkonce.d.rel.ro.*)

.dynamic
 *(.dynamic)
                0x00000000000071ee                . = DATA_SEGMENT_RELRO_END (., 0x0)

.got
 *(.got.plt)
 *(.igot.plt)
 *(.got)
 *(.igot)

.data           0x00000000000071f0      0x3e0
 *(.data .data.* .gnu.linkonce.d.*)
 .data          0x00000000000071f0      0x3e0 C:\Users\uersu\AppData\Local\Temp\ccWhwzL3.ltrans0.ltrans.o
 .data          0x00000000000075d0        0x0 obj8mingw/gcc8_a_support.o
 .data          0x00000000000075d0        0x0 obj8mingw/utilsasm.o

.data1
 *(.data1)
                0x00000000000075d0                _edata = .
                [!provide]                        PROVIDE (edata = .)
                0x00000000000075d0                . = .
                0x00000000000075d0                __bss_start = .

.bss            0x00000000000075d0       0x6c
 *(.dynbss)
 *(.bss .bss.* .gnu.linkonce.b.*)
 .bss           0x00000000000075d0       0x6a C:\Users\uersu\AppData\Local\Temp\ccWhwzL3.ltrans0.ltrans.o
 *fill*         0x000000000000763a        0x2 
 .bss           0x000000000000763c        0x0 obj8mingw/gcc8_a_support.o
 .bss           0x000000000000763c        0x0 obj8mingw/utilsasm.o
 *(COMMON)
                0x000000000000763c                . = ALIGN ((. != 0x0)?0x4:0x1)
                0x000000000000763c                . = ALIGN (0x4)
                0x000000000000763c                . = SEGMENT_START ("ldata-segment", .)
                0x000000000000763c                . = ALIGN (0x4)
                0x000000000000763c                _end = .
                [!provide]                        PROVIDE (end = .)
                0x000000000000763c                . = DATA_SEGMENT_END (.)

.stab
 *(.stab)

.stabstr
 *(.stabstr)

.stab.excl
 *(.stab.excl)

.stab.exclstr
 *(.stab.exclstr)

.stab.index
 *(.stab.index)

.stab.indexstr
 *(.stab.indexstr)

.comment        0x0000000000000000       0x11
 *(.comment)
 .comment       0x0000000000000000       0x11 C:\Users\uersu\AppData\Local\Temp\ccCzPxF3debugobj
                                         0xc6 (size before relaxing)
 .comment       0x0000000000000011       0x12 C:\Users\uersu\AppData\Local\Temp\ccWhwzL3.ltrans0.ltrans.o

.gnu.build.attributes
 *(.gnu.build.attributes .gnu.build.attributes.*)

.debug
 *(.debug)

.line
 *(.line)

.debug_srcinfo
 *(.debug_srcinfo)

.debug_sfnames
 *(.debug_sfnames)

.debug_aranges  0x0000000000000000       0x70
 *(.debug_aranges)
 .debug_aranges
                0x0000000000000000       0x30 C:\Users\uersu\AppData\Local\Temp\ccWhwzL3.ltrans0.ltrans.o
 .debug_aranges
                0x0000000000000030       0x20 obj8mingw/gcc8_a_support.o
 .debug_aranges
                0x0000000000000050       0x20 obj8mingw/utilsasm.o

.debug_pubnames
 *(.debug_pubnames)

.debug_info     0x0000000000000000    0x2c129
 *(.debug_info .gnu.linkonce.wi.*)
 .debug_info    0x0000000000000000    0x2403b C:\Users\uersu\AppData\Local\Temp\ccCzPxF3debugobj
                0x0000000000000000                utils.c.f34ec06a
                0x0000000000003c99                rundemo.c.d99b7c69
                0x0000000000007187                main.c.839d71a9
                0x000000000000aa8d                swscrollertest.c.9e139793
                0x000000000000e441                swscroller.c.869ac499
                0x0000000000011fd2                zoom.c.e8958a60
                0x0000000000015ee7                runtests.c.d9f598ba
                0x0000000000018a01                coppertests.c.5f46c406
                0x000000000001d40b                general.c.f1e08b76
                0x000000000001d4f3                zoomtest.c.2f659d62
                0x0000000000023add                gcc8_c_support.c.e9862530
 .debug_info    0x000000000002403b     0x80a2 C:\Users\uersu\AppData\Local\Temp\ccWhwzL3.ltrans0.ltrans.o
 .debug_info    0x000000000002c0dd       0x26 obj8mingw/gcc8_a_support.o
 .debug_info    0x000000000002c103       0x26 obj8mingw/utilsasm.o

.debug_abbrev   0x0000000000000000     0x13aa
 *(.debug_abbrev)
 .debug_abbrev  0x0000000000000000     0x11de C:\Users\uersu\AppData\Local\Temp\ccCzPxF3debugobj
 .debug_abbrev  0x00000000000011de      0x1a4 C:\Users\uersu\AppData\Local\Temp\ccWhwzL3.ltrans0.ltrans.o
 .debug_abbrev  0x0000000000001382       0x14 obj8mingw/gcc8_a_support.o
 .debug_abbrev  0x0000000000001396       0x14 obj8mingw/utilsasm.o

.debug_line     0x0000000000000000     0xeea1
 *(.debug_line .debug_line.* .debug_line_end)
 .debug_line    0x0000000000000000     0x2b88 C:\Users\uersu\AppData\Local\Temp\ccCzPxF3debugobj
 .debug_line    0x0000000000002b88     0xc16d C:\Users\uersu\AppData\Local\Temp\ccWhwzL3.ltrans0.ltrans.o
 .debug_line    0x000000000000ecf5       0xdf obj8mingw/gcc8_a_support.o
 .debug_line    0x000000000000edd4       0xcd obj8mingw/utilsasm.o

.debug_frame    0x0000000000000000      0x3c8
 *(.debug_frame)
 .debug_frame   0x0000000000000000      0x3c8 C:\Users\uersu\AppData\Local\Temp\ccWhwzL3.ltrans0.ltrans.o

.debug_str      0x0000000000000000      0x92e
 *(.debug_str)
 .debug_str     0x0000000000000000      0x868 C:\Users\uersu\AppData\Local\Temp\ccCzPxF3debugobj
 .debug_str     0x0000000000000868        0x0 C:\Users\uersu\AppData\Local\Temp\ccWhwzL3.ltrans0.ltrans.o
 .debug_str     0x0000000000000868       0x8a obj8mingw/gcc8_a_support.o
 .debug_str     0x00000000000008f2       0x3c obj8mingw/utilsasm.o
                                         0x7c (size before relaxing)

.debug_loc      0x0000000000000000     0x75c3
 *(.debug_loc)
 .debug_loc     0x0000000000000000     0x75c3 C:\Users\uersu\AppData\Local\Temp\ccWhwzL3.ltrans0.ltrans.o

.debug_macinfo
 *(.debug_macinfo)

.debug_weaknames
 *(.debug_weaknames)

.debug_funcnames
 *(.debug_funcnames)

.debug_typenames
 *(.debug_typenames)

.debug_varnames
 *(.debug_varnames)

.debug_pubtypes
 *(.debug_pubtypes)

.debug_ranges   0x0000000000000000      0xb28
 *(.debug_ranges)
 .debug_ranges  0x0000000000000000      0xb28 C:\Users\uersu\AppData\Local\Temp\ccWhwzL3.ltrans0.ltrans.o

.debug_macro
 *(.debug_macro)

.debug_addr
 *(.debug_addr)

.gnu.attributes
 *(.gnu.attributes)

/DISCARD/
 *(.note.GNU-stack)
 *(.gnu_debuglink)
 *(.gnu.lto_*)
OUTPUT(a.mingw.elf elf32-m68k)
