
Memory Configuration

Name             Origin             Length             Attributes
*default*        0x0000000000000000 0xffffffffffffffff

Linker script and memory map

Address of section .text set to 0x0
LOAD C:\Users\uersu\AppData\Local\Temp\cc8OA154debugobj
LOAD C:\Users\uersu\AppData\Local\Temp\ccZHSrF5.ltrans0.ltrans.o
LOAD obj8mingw/gcc8_a_support.o
LOAD obj8mingw/utilsasm.o
                [!provide]                        PROVIDE (__executable_start = SEGMENT_START ("text-segment", 0x80000000))
                0x0000000080000074                . = (SEGMENT_START ("text-segment", 0x80000000) + SIZEOF_HEADERS)

.interp
 *(.interp)

.note.gnu.build-id
 *(.note.gnu.build-id)

.hash
 *(.hash)

.gnu.hash
 *(.gnu.hash)

.dynsym
 *(.dynsym)

.dynstr
 *(.dynstr)

.gnu.version
 *(.gnu.version)

.gnu.version_d
 *(.gnu.version_d)

.gnu.version_r
 *(.gnu.version_r)

.rela.dyn       0x0000000080000074        0x0
 *(.rela.init)
 *(.rela.text .rela.text.* .rela.gnu.linkonce.t.*)
 *(.rela.fini)
 *(.rela.rodata .rela.rodata.* .rela.gnu.linkonce.r.*)
 *(.rela.data .rela.data.* .rela.gnu.linkonce.d.*)
 *(.rela.tdata .rela.tdata.* .rela.gnu.linkonce.td.*)
 *(.rela.tbss .rela.tbss.* .rela.gnu.linkonce.tb.*)
 *(.rela.ctors)
 *(.rela.dtors)
 *(.rela.got)
 *(.rela.bss .rela.bss.* .rela.gnu.linkonce.b.*)
                [!provide]                        PROVIDE (__rela_iplt_start = .)
 *(.rela.iplt)
                [!provide]                        PROVIDE (__rela_iplt_end = .)

.rela.plt
 *(.rela.plt)

.init
 *(SORT_NONE(.init))

.plt
 *(.plt)

.iplt
 *(.iplt)

.text           0x0000000000000000     0x1b46
 *(.text.unlikely .text.*_unlikely .text.unlikely.*)
 .text.unlikely
                0x0000000000000000        0x6 C:\Users\uersu\AppData\Local\Temp\ccZHSrF5.ltrans0.ltrans.o
                0x0000000000000000                _start
 *(.text.exit .text.exit.*)
 *(.text.startup .text.startup.*)
 .text.startup  0x0000000000000006      0xc16 C:\Users\uersu\AppData\Local\Temp\ccZHSrF5.ltrans0.ltrans.o
                0x0000000000000006                main
 *(.text.hot .text.hot.*)
 *(.text .stub .text.* .gnu.linkonce.t.*)
 .text          0x0000000000000c1c      0xc10 C:\Users\uersu\AppData\Local\Temp\ccZHSrF5.ltrans0.ltrans.o
                0x00000000000016b6                memcpy
                0x0000000000001748                memset
                0x0000000000001818                strlen
 .text          0x000000000000182c      0x10c obj8mingw/gcc8_a_support.o
                0x000000000000182c                __mulsi3
                0x000000000000184e                __udivsi3
                0x00000000000018aa                __divsi3
                0x00000000000018d4                __modsi3
                0x00000000000018fc                __umodsi3
                0x0000000000001926                KPutCharX
                0x0000000000001934                PutChar
 .text          0x0000000000001938      0x20e obj8mingw/utilsasm.o
                0x0000000000001a6e                __WriteText
 *(.gnu.warning)

.fini
 *(SORT_NONE(.fini))
                [!provide]                        PROVIDE (__etext = .)
                [!provide]                        PROVIDE (_etext = .)
                [!provide]                        PROVIDE (etext = .)

.rodata         0x0000000000001b46      0xacc
 *(.rodata .rodata.* .gnu.linkonce.r.*)
 .rodata        0x0000000000001b46      0xacc C:\Users\uersu\AppData\Local\Temp\ccZHSrF5.ltrans0.ltrans.o
                0x0000000000001b46                incbin_swfont_start
                0x00000000000020f6                incbin_swfont_end

.rodata1
 *(.rodata1)

.eh_frame_hdr
 *(.eh_frame_hdr)
 *(.eh_frame_entry .eh_frame_entry.*)

.eh_frame
 *(.eh_frame)
 *(.eh_frame.*)

.gcc_except_table
 *(.gcc_except_table .gcc_except_table.*)

.gnu_extab
 *(.gnu_extab*)

.exception_ranges
 *(.exception_ranges*)
                0x0000000000004612                . = DATA_SEGMENT_ALIGN (CONSTANT (MAXPAGESIZE), CONSTANT (COMMONPAGESIZE))

.eh_frame
 *(.eh_frame)
 *(.eh_frame.*)

.gnu_extab
 *(.gnu_extab)

.gcc_except_table
 *(.gcc_except_table .gcc_except_table.*)

.exception_ranges
 *(.exception_ranges*)

.tdata          0x0000000000004612        0x0
                [!provide]                        PROVIDE (__tdata_start = .)
 *(.tdata .tdata.* .gnu.linkonce.td.*)

.tbss
 *(.tbss .tbss.* .gnu.linkonce.tb.*)
 *(.tcommon)

.preinit_array  0x0000000000004612        0x0
                [!provide]                        PROVIDE (__preinit_array_start = .)
 *(.preinit_array)
                [!provide]                        PROVIDE (__preinit_array_end = .)

.init_array     0x0000000000004612        0x0
                [!provide]                        PROVIDE (__init_array_start = .)
 *(SORT_BY_INIT_PRIORITY(.init_array.*) SORT_BY_INIT_PRIORITY(.ctors.*))
 *(.init_array EXCLUDE_FILE(*crtend?.o *crtend.o *crtbegin?.o *crtbegin.o) .ctors)
                [!provide]                        PROVIDE (__init_array_end = .)

.fini_array     0x0000000000004612        0x0
                [!provide]                        PROVIDE (__fini_array_start = .)
 *(SORT_BY_INIT_PRIORITY(.fini_array.*) SORT_BY_INIT_PRIORITY(.dtors.*))
 *(.fini_array EXCLUDE_FILE(*crtend?.o *crtend.o *crtbegin?.o *crtbegin.o) .dtors)
                [!provide]                        PROVIDE (__fini_array_end = .)

.ctors
 *crtbegin.o(.ctors)
 *crtbegin?.o(.ctors)
 *(EXCLUDE_FILE(*crtend?.o *crtend.o) .ctors)
 *(SORT_BY_NAME(.ctors.*))
 *(.ctors)

.dtors
 *crtbegin.o(.dtors)
 *crtbegin?.o(.dtors)
 *(EXCLUDE_FILE(*crtend?.o *crtend.o) .dtors)
 *(SORT_BY_NAME(.dtors.*))
 *(.dtors)

.jcr
 *(.jcr)

.data.rel.ro
 *(.data.rel.ro.local* .gnu.linkonce.d.rel.ro.local.*)
 *(.data.rel.ro .data.rel.ro.* .gnu.linkonce.d.rel.ro.*)

.dynamic
 *(.dynamic)
                0x0000000000004612                . = DATA_SEGMENT_RELRO_END (., 0x0)

.got
 *(.got.plt)
 *(.igot.plt)
 *(.got)
 *(.igot)

.data           0x0000000000004614       0xc8
 *(.data .data.* .gnu.linkonce.d.*)
 .data          0x0000000000004614       0xc8 C:\Users\uersu\AppData\Local\Temp\ccZHSrF5.ltrans0.ltrans.o
 .data          0x00000000000046dc        0x0 obj8mingw/gcc8_a_support.o
 .data          0x00000000000046dc        0x0 obj8mingw/utilsasm.o

.data1
 *(.data1)
                0x00000000000046dc                _edata = .
                [!provide]                        PROVIDE (edata = .)
                0x00000000000046dc                . = .
                0x00000000000046dc                __bss_start = .

.bss            0x00000000000046dc       0x64
 *(.dynbss)
 *(.bss .bss.* .gnu.linkonce.b.*)
 .bss           0x00000000000046dc       0x62 C:\Users\uersu\AppData\Local\Temp\ccZHSrF5.ltrans0.ltrans.o
 *fill*         0x000000000000473e        0x2 
 .bss           0x0000000000004740        0x0 obj8mingw/gcc8_a_support.o
 .bss           0x0000000000004740        0x0 obj8mingw/utilsasm.o
 *(COMMON)
                0x0000000000004740                . = ALIGN ((. != 0x0)?0x4:0x1)
                0x0000000000004740                . = ALIGN (0x4)
                0x0000000000004740                . = SEGMENT_START ("ldata-segment", .)
                0x0000000000004740                . = ALIGN (0x4)
                0x0000000000004740                _end = .
                [!provide]                        PROVIDE (end = .)
                0x0000000000004740                . = DATA_SEGMENT_END (.)

.stab
 *(.stab)

.stabstr
 *(.stabstr)

.stab.excl
 *(.stab.excl)

.stab.exclstr
 *(.stab.exclstr)

.stab.index
 *(.stab.index)

.stab.indexstr
 *(.stab.indexstr)

.comment        0x0000000000000000       0x11
 *(.comment)
 .comment       0x0000000000000000       0x11 C:\Users\uersu\AppData\Local\Temp\cc8OA154debugobj
                                         0xc6 (size before relaxing)
 .comment       0x0000000000000011       0x12 C:\Users\uersu\AppData\Local\Temp\ccZHSrF5.ltrans0.ltrans.o

.gnu.build.attributes
 *(.gnu.build.attributes .gnu.build.attributes.*)

.debug
 *(.debug)

.line
 *(.line)

.debug_srcinfo
 *(.debug_srcinfo)

.debug_sfnames
 *(.debug_sfnames)

.debug_aranges  0x0000000000000000       0x70
 *(.debug_aranges)
 .debug_aranges
                0x0000000000000000       0x30 C:\Users\uersu\AppData\Local\Temp\ccZHSrF5.ltrans0.ltrans.o
 .debug_aranges
                0x0000000000000030       0x20 obj8mingw/gcc8_a_support.o
 .debug_aranges
                0x0000000000000050       0x20 obj8mingw/utilsasm.o

.debug_pubnames
 *(.debug_pubnames)

.debug_info     0x0000000000000000    0x255f9
 *(.debug_info .gnu.linkonce.wi.*)
 .debug_info    0x0000000000000000    0x2109a C:\Users\uersu\AppData\Local\Temp\cc8OA154debugobj
                0x0000000000000000                utils.c.cacf4448
                0x0000000000003c72                rundemo.c.d99b7c69
                0x0000000000007160                main.c.984cdf24
                0x000000000000aa66                swscrollertest.c.9e139793
                0x000000000000e41a                swscroller.c.869ac499
                0x0000000000011fab                zoom.c.13984381
                0x0000000000015a95                runtests.c.d9f598ba
                0x00000000000185af                coppertests.c.20148e04
                0x000000000001cfc7                general.c.f1e08b76
                0x000000000001d0af                zoomtest.c.9359346f
                0x0000000000020b3c                gcc8_c_support.c.e9862530
 .debug_info    0x000000000002109a     0x4513 C:\Users\uersu\AppData\Local\Temp\ccZHSrF5.ltrans0.ltrans.o
 .debug_info    0x00000000000255ad       0x26 obj8mingw/gcc8_a_support.o
 .debug_info    0x00000000000255d3       0x26 obj8mingw/utilsasm.o

.debug_abbrev   0x0000000000000000     0x12b1
 *(.debug_abbrev)
 .debug_abbrev  0x0000000000000000     0x10fe C:\Users\uersu\AppData\Local\Temp\cc8OA154debugobj
 .debug_abbrev  0x00000000000010fe      0x18b C:\Users\uersu\AppData\Local\Temp\ccZHSrF5.ltrans0.ltrans.o
 .debug_abbrev  0x0000000000001289       0x14 obj8mingw/gcc8_a_support.o
 .debug_abbrev  0x000000000000129d       0x14 obj8mingw/utilsasm.o

.debug_line     0x0000000000000000     0x8a1f
 *(.debug_line .debug_line.* .debug_line_end)
 .debug_line    0x0000000000000000     0x2b88 C:\Users\uersu\AppData\Local\Temp\cc8OA154debugobj
 .debug_line    0x0000000000002b88     0x5ced C:\Users\uersu\AppData\Local\Temp\ccZHSrF5.ltrans0.ltrans.o
 .debug_line    0x0000000000008875       0xdf obj8mingw/gcc8_a_support.o
 .debug_line    0x0000000000008954       0xcb obj8mingw/utilsasm.o

.debug_frame    0x0000000000000000      0x2cc
 *(.debug_frame)
 .debug_frame   0x0000000000000000      0x2cc C:\Users\uersu\AppData\Local\Temp\ccZHSrF5.ltrans0.ltrans.o

.debug_str      0x0000000000000000      0x7fa
 *(.debug_str)
 .debug_str     0x0000000000000000      0x734 C:\Users\uersu\AppData\Local\Temp\cc8OA154debugobj
 .debug_str     0x0000000000000734        0x0 C:\Users\uersu\AppData\Local\Temp\ccZHSrF5.ltrans0.ltrans.o
 .debug_str     0x0000000000000734       0x8a obj8mingw/gcc8_a_support.o
 .debug_str     0x00000000000007be       0x3c obj8mingw/utilsasm.o
                                         0x7c (size before relaxing)

.debug_loc      0x0000000000000000     0x29ea
 *(.debug_loc)
 .debug_loc     0x0000000000000000     0x29ea C:\Users\uersu\AppData\Local\Temp\ccZHSrF5.ltrans0.ltrans.o

.debug_macinfo
 *(.debug_macinfo)

.debug_weaknames
 *(.debug_weaknames)

.debug_funcnames
 *(.debug_funcnames)

.debug_typenames
 *(.debug_typenames)

.debug_varnames
 *(.debug_varnames)

.debug_pubtypes
 *(.debug_pubtypes)

.debug_ranges   0x0000000000000000      0x2b0
 *(.debug_ranges)
 .debug_ranges  0x0000000000000000      0x2b0 C:\Users\uersu\AppData\Local\Temp\ccZHSrF5.ltrans0.ltrans.o

.debug_macro
 *(.debug_macro)

.debug_addr
 *(.debug_addr)

.gnu.attributes
 *(.gnu.attributes)

/DISCARD/
 *(.note.GNU-stack)
 *(.gnu_debuglink)
 *(.gnu.lto_*)
OUTPUT(a.mingw.elf elf32-m68k)
