
Memory Configuration

Name             Origin             Length             Attributes
*default*        0x0000000000000000 0xffffffffffffffff

Linker script and memory map

Address of section .text set to 0x0
LOAD C:\Users\uersu\AppData\Local\Temp\a.mingw.elf.RlX1H5.ltrans0.ltrans.o
LOAD C:\Users\uersu\AppData\Local\Temp\ccTRvP02.debug.temp.o
LOAD C:\Users\uersu\AppData\Local\Temp\cceesm07.debug.temp.o
LOAD C:\Users\uersu\AppData\Local\Temp\ccDasOgd.debug.temp.o
LOAD C:\Users\uersu\AppData\Local\Temp\cc4bq8Dh.debug.temp.o
LOAD C:\Users\uersu\AppData\Local\Temp\cczjE9Fl.debug.temp.o
LOAD C:\Users\uersu\AppData\Local\Temp\cc67Nzrt.debug.temp.o
LOAD C:\Users\uersu\AppData\Local\Temp\ccRJ1iRA.debug.temp.o
LOAD C:\Users\uersu\AppData\Local\Temp\ccujYSQG.debug.temp.o
LOAD C:\Users\uersu\AppData\Local\Temp\cc3OVvfR.debug.temp.o
LOAD C:\Users\uersu\AppData\Local\Temp\ccHGN24S.debug.temp.o
LOAD C:\Users\uersu\AppData\Local\Temp\ccjh5G9U.debug.temp.o
LOAD C:\Users\uersu\AppData\Local\Temp\ccHo5XPV.debug.temp.o
LOAD obj/gcc8_a_support.o
LOAD obj/utilsasm.o
                [!provide]                        PROVIDE (__executable_start = SEGMENT_START ("text-segment", 0x80000000))
                0x0000000080000074                . = (SEGMENT_START ("text-segment", 0x80000000) + SIZEOF_HEADERS)

.interp
 *(.interp)

.note.gnu.build-id
 *(.note.gnu.build-id)

.hash
 *(.hash)

.gnu.hash
 *(.gnu.hash)

.dynsym
 *(.dynsym)

.dynstr
 *(.dynstr)

.gnu.version
 *(.gnu.version)

.gnu.version_d
 *(.gnu.version_d)

.gnu.version_r
 *(.gnu.version_r)

.rela.dyn       0x0000000080000074        0x0
 *(.rela.init)
 *(.rela.text .rela.text.* .rela.gnu.linkonce.t.*)
 *(.rela.fini)
 *(.rela.rodata .rela.rodata.* .rela.gnu.linkonce.r.*)
 *(.rela.data .rela.data.* .rela.gnu.linkonce.d.*)
 *(.rela.tdata .rela.tdata.* .rela.gnu.linkonce.td.*)
 *(.rela.tbss .rela.tbss.* .rela.gnu.linkonce.tb.*)
 *(.rela.ctors)
 *(.rela.dtors)
 *(.rela.got)
 *(.rela.bss .rela.bss.* .rela.gnu.linkonce.b.*)
                [!provide]                        PROVIDE (__rela_iplt_start = .)
 *(.rela.iplt)
                [!provide]                        PROVIDE (__rela_iplt_end = .)

.rela.plt
 *(.rela.plt)

.init
 *(SORT_NONE(.init))

.plt
 *(.plt)

.iplt
 *(.iplt)

.text           0x0000000000000000     0x73e6
 *(.text.unlikely .text.*_unlikely .text.unlikely.*)
 .text.unlikely
                0x0000000000000000       0xb4 C:\Users\uersu\AppData\Local\Temp\a.mingw.elf.RlX1H5.ltrans0.ltrans.o
                0x0000000000000000                _start
 *(.text.exit .text.exit.*)
 *(.text.startup .text.startup.*)
 *(.text.hot .text.hot.*)
 *(SORT_BY_NAME(.text.sorted.*))
 *(.text .stub .text.* .gnu.linkonce.t.*)
 .text          0x00000000000000b4     0x700a C:\Users\uersu\AppData\Local\Temp\a.mingw.elf.RlX1H5.ltrans0.ltrans.o
                0x000000000000084a                main
                0x0000000000006d08                strlen
                0x0000000000006d28                memset
                0x0000000000006d60                memcpy
                0x0000000000006dae                memmove
 *fill*         0x00000000000070be        0x2 4e714e71
 .text          0x00000000000070c0      0x10c obj/gcc8_a_support.o
                0x00000000000070c0                __mulsi3
                0x00000000000070e2                __udivsi3
                0x000000000000713e                __divsi3
                0x0000000000007168                __modsi3
                0x0000000000007190                __umodsi3
                0x00000000000071ba                KPutCharX
                0x00000000000071c8                PutChar
 .text          0x00000000000071cc      0x21a obj/utilsasm.o
                0x00000000000071cc                Testo
                0x00000000000071d0                c2p1x1_4_c5_gen_init
                0x000000000000724c                c2p1x1_4_c5_gen
 *(.gnu.warning)

.fini
 *(SORT_NONE(.fini))
                [!provide]                        PROVIDE (__etext = .)
                [!provide]                        PROVIDE (_etext = .)
                [!provide]                        PROVIDE (etext = .)

.rodata         0x00000000000073e6      0xf97
 *(.rodata .rodata.* .gnu.linkonce.r.*)
 .rodata        0x00000000000073e6      0xf97 C:\Users\uersu\AppData\Local\Temp\a.mingw.elf.RlX1H5.ltrans0.ltrans.o
                0x0000000000007524                incbin_swfont_start
                0x0000000000007ad4                incbin_swfont_end

.MEMF_CHIP      0x000000000000837e       0x7c
 .MEMF_CHIP     0x000000000000837e       0x7c C:\Users\uersu\AppData\Local\Temp\a.mingw.elf.RlX1H5.ltrans0.ltrans.o

.rodata1
 *(.rodata1)

.eh_frame_hdr
 *(.eh_frame_hdr)
 *(.eh_frame_entry .eh_frame_entry.*)

.eh_frame
 *(.eh_frame)
 *(.eh_frame.*)

.gcc_except_table
 *(.gcc_except_table .gcc_except_table.*)

.gnu_extab
 *(.gnu_extab*)

.exception_ranges
 *(.exception_ranges*)
                0x000000000000a3fa                . = DATA_SEGMENT_ALIGN (CONSTANT (MAXPAGESIZE), CONSTANT (COMMONPAGESIZE))

.eh_frame
 *(.eh_frame)
 *(.eh_frame.*)

.gnu_extab
 *(.gnu_extab)

.gcc_except_table
 *(.gcc_except_table .gcc_except_table.*)

.exception_ranges
 *(.exception_ranges*)

.tdata          0x000000000000a3fa        0x0
                [!provide]                        PROVIDE (__tdata_start = .)
 *(.tdata .tdata.* .gnu.linkonce.td.*)

.tbss
 *(.tbss .tbss.* .gnu.linkonce.tb.*)
 *(.tcommon)

.preinit_array  0x000000000000a3fa        0x0
                0x000000000000a3fa                PROVIDE (__preinit_array_start = .)
 *(.preinit_array)
                0x000000000000a3fa                PROVIDE (__preinit_array_end = .)

.init_array     0x000000000000a3fa        0x0
                0x000000000000a3fa                PROVIDE (__init_array_start = .)
 *(SORT_BY_INIT_PRIORITY(.init_array.*) SORT_BY_INIT_PRIORITY(.ctors.*))
 *(.init_array EXCLUDE_FILE(*crtend?.o *crtend.o *crtbegin?.o *crtbegin.o) .ctors)
                0x000000000000a3fa                PROVIDE (__init_array_end = .)

.fini_array     0x000000000000a3fa        0x0
                0x000000000000a3fa                PROVIDE (__fini_array_start = .)
 *(SORT_BY_INIT_PRIORITY(.fini_array.*) SORT_BY_INIT_PRIORITY(.dtors.*))
 *(.fini_array EXCLUDE_FILE(*crtend?.o *crtend.o *crtbegin?.o *crtbegin.o) .dtors)
                0x000000000000a3fa                PROVIDE (__fini_array_end = .)

.ctors
 *crtbegin.o(.ctors)
 *crtbegin?.o(.ctors)
 *(EXCLUDE_FILE(*crtend?.o *crtend.o) .ctors)
 *(SORT_BY_NAME(.ctors.*))
 *(.ctors)

.dtors
 *crtbegin.o(.dtors)
 *crtbegin?.o(.dtors)
 *(EXCLUDE_FILE(*crtend?.o *crtend.o) .dtors)
 *(SORT_BY_NAME(.dtors.*))
 *(.dtors)

.jcr
 *(.jcr)

.data.rel.ro
 *(.data.rel.ro.local* .gnu.linkonce.d.rel.ro.local.*)
 *(.data.rel.ro .data.rel.ro.* .gnu.linkonce.d.rel.ro.*)

.dynamic
 *(.dynamic)
                0x000000000000a3fa                . = DATA_SEGMENT_RELRO_END (., 0x0)

.got
 *(.got.plt)
 *(.igot.plt)
 *(.got)
 *(.igot)

.data           0x000000000000a3fc     0x1810
 *(.data .data.* .gnu.linkonce.d.*)
 .data          0x000000000000a3fc     0x1810 C:\Users\uersu\AppData\Local\Temp\a.mingw.elf.RlX1H5.ltrans0.ltrans.o
 .data          0x000000000000bc0c        0x0 obj/gcc8_a_support.o
 .data          0x000000000000bc0c        0x0 obj/utilsasm.o

.INCBIN.MEMF_CHIP
                0x000000000000bc0c   0x15fc1f
 .INCBIN.MEMF_CHIP
                0x000000000000bc0c   0x15fc1f C:\Users\uersu\AppData\Local\Temp\a.mingw.elf.RlX1H5.ltrans0.ltrans.o
                0x000000000000bc0c                incbin_framebuffer_start
                0x0000000000021bcc                incbin_framebuffer_end
                0x0000000000021bce                incbin_rawzoom_start
                0x0000000000037b8e                incbin_rawzoom_end
                0x0000000000037b90                incbin_rawzoom1_start
                0x000000000004db50                incbin_rawzoom1_end
                0x000000000004db52                incbin_rawzoom2_start
                0x0000000000063b12                incbin_rawzoom2_end
                0x0000000000063b14                incbin_rawzoom3_start
                0x0000000000079ad4                incbin_rawzoom3_end
                0x0000000000079ad6                incbin_rawzoom4_start
                0x000000000008fa96                incbin_rawzoom4_end
                0x000000000008fa98                incbin_rawzoom5_start
                0x00000000000a5a58                incbin_rawzoom5_end
                0x00000000000a5a5a                incbin_rawzoom6_start
                0x00000000000bba1a                incbin_rawzoom6_end
                0x00000000000bba1c                incbin_rawzoom7_start
                0x00000000000d19dc                incbin_rawzoom7_end
                0x00000000000d19de                incbin_rawzoom8_start
                0x00000000000e799e                incbin_rawzoom8_end
                0x00000000000e79a0                incbin_rawzoom9_start
                0x00000000000fd960                incbin_rawzoom9_end
                0x00000000000fd962                incbin_rawzoom10_start
                0x0000000000113922                incbin_rawzoom10_end
                0x0000000000113924                incbin_rawzoom11_start
                0x00000000001298e4                incbin_rawzoom11_end
                0x00000000001298e6                incbin_rawzoom12_start
                0x000000000013f8a6                incbin_rawzoom12_end
                0x000000000013f8a8                incbin_rawzoom13_start
                0x0000000000155868                incbin_rawzoom13_end
                0x000000000015586a                incbin_rawzoom14_start
                0x000000000016b82a                incbin_rawzoom14_end

.data1
 *(.data1)
                0x000000000016b82b                _edata = .
                [!provide]                        PROVIDE (edata = .)
                0x000000000016b82b                . = .
                0x000000000016b82b                __bss_start = .

.bss            0x000000000016b82c       0x78
 *(.dynbss)
 *(.bss .bss.* .gnu.linkonce.b.*)
 .bss           0x000000000016b82c       0x76 C:\Users\uersu\AppData\Local\Temp\a.mingw.elf.RlX1H5.ltrans0.ltrans.o
 *fill*         0x000000000016b8a2        0x2 
 .bss           0x000000000016b8a4        0x0 obj/gcc8_a_support.o
 .bss           0x000000000016b8a4        0x0 obj/utilsasm.o
 *(COMMON)
                0x000000000016b8a4                . = ALIGN ((. != 0x0)?0x4:0x1)
                0x000000000016b8a4                . = ALIGN (0x4)
                0x000000000016b8a4                . = SEGMENT_START ("ldata-segment", .)
                0x000000000016b8a4                . = ALIGN (0x4)
                0x000000000016b8a4                _end = .
                [!provide]                        PROVIDE (end = .)
                0x000000000016b8a4                . = DATA_SEGMENT_END (.)

.stab
 *(.stab)

.stabstr
 *(.stabstr)

.stab.excl
 *(.stab.excl)

.stab.exclstr
 *(.stab.exclstr)

.stab.index
 *(.stab.index)

.stab.indexstr
 *(.stab.indexstr)

.comment        0x0000000000000000       0x12
 *(.comment)
 .comment       0x0000000000000000       0x12 C:\Users\uersu\AppData\Local\Temp\a.mingw.elf.RlX1H5.ltrans0.ltrans.o
                                         0x13 (size before relaxing)
 .comment       0x0000000000000012       0x13 C:\Users\uersu\AppData\Local\Temp\ccTRvP02.debug.temp.o
 .comment       0x0000000000000012       0x13 C:\Users\uersu\AppData\Local\Temp\cceesm07.debug.temp.o
 .comment       0x0000000000000012       0x13 C:\Users\uersu\AppData\Local\Temp\ccDasOgd.debug.temp.o
 .comment       0x0000000000000012       0x13 C:\Users\uersu\AppData\Local\Temp\cc4bq8Dh.debug.temp.o
 .comment       0x0000000000000012       0x13 C:\Users\uersu\AppData\Local\Temp\cczjE9Fl.debug.temp.o
 .comment       0x0000000000000012       0x13 C:\Users\uersu\AppData\Local\Temp\cc67Nzrt.debug.temp.o
 .comment       0x0000000000000012       0x13 C:\Users\uersu\AppData\Local\Temp\ccRJ1iRA.debug.temp.o
 .comment       0x0000000000000012       0x13 C:\Users\uersu\AppData\Local\Temp\ccujYSQG.debug.temp.o
 .comment       0x0000000000000012       0x13 C:\Users\uersu\AppData\Local\Temp\cc3OVvfR.debug.temp.o
 .comment       0x0000000000000012       0x13 C:\Users\uersu\AppData\Local\Temp\ccHGN24S.debug.temp.o
 .comment       0x0000000000000012       0x13 C:\Users\uersu\AppData\Local\Temp\ccjh5G9U.debug.temp.o
 .comment       0x0000000000000012       0x13 C:\Users\uersu\AppData\Local\Temp\ccHo5XPV.debug.temp.o

.gnu.build.attributes
 *(.gnu.build.attributes .gnu.build.attributes.*)

.debug
 *(.debug)

.line
 *(.line)

.debug_srcinfo
 *(.debug_srcinfo)

.debug_sfnames
 *(.debug_sfnames)

.debug_aranges  0x0000000000000000       0x68
 *(.debug_aranges)
 .debug_aranges
                0x0000000000000000       0x28 C:\Users\uersu\AppData\Local\Temp\a.mingw.elf.RlX1H5.ltrans0.ltrans.o
 .debug_aranges
                0x0000000000000028       0x20 obj/gcc8_a_support.o
 .debug_aranges
                0x0000000000000048       0x20 obj/utilsasm.o

.debug_pubnames
 *(.debug_pubnames)

.debug_info     0x0000000000000000    0x20766
 *(.debug_info .gnu.linkonce.wi.*)
 .debug_info    0x0000000000000000     0x6e51 C:\Users\uersu\AppData\Local\Temp\a.mingw.elf.RlX1H5.ltrans0.ltrans.o
 .debug_info    0x0000000000006e51     0x191d C:\Users\uersu\AppData\Local\Temp\ccTRvP02.debug.temp.o
                0x0000000000006e51                utils.c.b2618c9d
 .debug_info    0x000000000000876e      0xa8d C:\Users\uersu\AppData\Local\Temp\cceesm07.debug.temp.o
                0x000000000000876e                rundemo.c.dc86e4ff
 .debug_info    0x00000000000091fb      0x2f2 C:\Users\uersu\AppData\Local\Temp\ccDasOgd.debug.temp.o
                0x00000000000091fb                zoom102.c.9d98608a
 .debug_info    0x00000000000094ed     0x3d92 C:\Users\uersu\AppData\Local\Temp\cc4bq8Dh.debug.temp.o
                0x00000000000094ed                main.c.00e3a227
 .debug_info    0x000000000000d27f      0xe8b C:\Users\uersu\AppData\Local\Temp\cczjE9Fl.debug.temp.o
                0x000000000000d27f                swscrollertest.c.bc79033e
 .debug_info    0x000000000000e10a     0x188b C:\Users\uersu\AppData\Local\Temp\cc67Nzrt.debug.temp.o
                0x000000000000e10a                swscroller.c.187519bd
 .debug_info    0x000000000000f995     0x2ef8 C:\Users\uersu\AppData\Local\Temp\ccRJ1iRA.debug.temp.o
                0x000000000000f995                zoom.c.6ad6cab3
 .debug_info    0x000000000001288d     0x3f3e C:\Users\uersu\AppData\Local\Temp\ccujYSQG.debug.temp.o
                0x000000000001288d                zoomtest2.c.347717ff
 .debug_info    0x00000000000167cb     0x2f61 C:\Users\uersu\AppData\Local\Temp\cc3OVvfR.debug.temp.o
                0x00000000000167cb                coppertests.c.d6a0cf95
 .debug_info    0x000000000001972c      0x19b C:\Users\uersu\AppData\Local\Temp\ccHGN24S.debug.temp.o
                0x000000000001972c                runtests.c.4b8b7632
 .debug_info    0x00000000000198c7     0x65b2 C:\Users\uersu\AppData\Local\Temp\ccjh5G9U.debug.temp.o
                0x00000000000198c7                zoomtest.c.01cf410b
 .debug_info    0x000000000001fe79      0x8a1 C:\Users\uersu\AppData\Local\Temp\ccHo5XPV.debug.temp.o
                0x000000000001fe79                gcc8_c_support.c.91e58f72
 .debug_info    0x000000000002071a       0x26 obj/gcc8_a_support.o
 .debug_info    0x0000000000020740       0x26 obj/utilsasm.o

.debug_abbrev   0x0000000000000000     0x121e
 *(.debug_abbrev)
 .debug_abbrev  0x0000000000000000       0xa4 C:\Users\uersu\AppData\Local\Temp\a.mingw.elf.RlX1H5.ltrans0.ltrans.o
 .debug_abbrev  0x00000000000000a4      0x14c C:\Users\uersu\AppData\Local\Temp\ccTRvP02.debug.temp.o
 .debug_abbrev  0x00000000000001f0      0x11c C:\Users\uersu\AppData\Local\Temp\cceesm07.debug.temp.o
 .debug_abbrev  0x000000000000030c       0xda C:\Users\uersu\AppData\Local\Temp\ccDasOgd.debug.temp.o
 .debug_abbrev  0x00000000000003e6      0x248 C:\Users\uersu\AppData\Local\Temp\cc4bq8Dh.debug.temp.o
 .debug_abbrev  0x000000000000062e       0xf1 C:\Users\uersu\AppData\Local\Temp\cczjE9Fl.debug.temp.o
 .debug_abbrev  0x000000000000071f      0x178 C:\Users\uersu\AppData\Local\Temp\cc67Nzrt.debug.temp.o
 .debug_abbrev  0x0000000000000897      0x25c C:\Users\uersu\AppData\Local\Temp\ccRJ1iRA.debug.temp.o
 .debug_abbrev  0x0000000000000af3      0x188 C:\Users\uersu\AppData\Local\Temp\ccujYSQG.debug.temp.o
 .debug_abbrev  0x0000000000000c7b      0x165 C:\Users\uersu\AppData\Local\Temp\cc3OVvfR.debug.temp.o
 .debug_abbrev  0x0000000000000de0       0x42 C:\Users\uersu\AppData\Local\Temp\ccHGN24S.debug.temp.o
 .debug_abbrev  0x0000000000000e22      0x26e C:\Users\uersu\AppData\Local\Temp\ccjh5G9U.debug.temp.o
 .debug_abbrev  0x0000000000001090      0x166 C:\Users\uersu\AppData\Local\Temp\ccHo5XPV.debug.temp.o
 .debug_abbrev  0x00000000000011f6       0x14 obj/gcc8_a_support.o
 .debug_abbrev  0x000000000000120a       0x14 obj/utilsasm.o

.debug_line     0x0000000000000000     0x8c7a
 *(.debug_line .debug_line.* .debug_line_end)
 .debug_line    0x0000000000000000     0x6aaf C:\Users\uersu\AppData\Local\Temp\a.mingw.elf.RlX1H5.ltrans0.ltrans.o
 .debug_line    0x0000000000006aaf      0x214 C:\Users\uersu\AppData\Local\Temp\ccTRvP02.debug.temp.o
 .debug_line    0x0000000000006cc3      0x15e C:\Users\uersu\AppData\Local\Temp\cceesm07.debug.temp.o
 .debug_line    0x0000000000006e21       0xdd C:\Users\uersu\AppData\Local\Temp\ccDasOgd.debug.temp.o
 .debug_line    0x0000000000006efe      0x49e C:\Users\uersu\AppData\Local\Temp\cc4bq8Dh.debug.temp.o
 .debug_line    0x000000000000739c      0x291 C:\Users\uersu\AppData\Local\Temp\cczjE9Fl.debug.temp.o
 .debug_line    0x000000000000762d      0x2c0 C:\Users\uersu\AppData\Local\Temp\cc67Nzrt.debug.temp.o
 .debug_line    0x00000000000078ed      0x34a C:\Users\uersu\AppData\Local\Temp\ccRJ1iRA.debug.temp.o
 .debug_line    0x0000000000007c37      0x4a3 C:\Users\uersu\AppData\Local\Temp\ccujYSQG.debug.temp.o
 .debug_line    0x00000000000080da      0x33a C:\Users\uersu\AppData\Local\Temp\cc3OVvfR.debug.temp.o
 .debug_line    0x0000000000008414       0x5d C:\Users\uersu\AppData\Local\Temp\ccHGN24S.debug.temp.o
 .debug_line    0x0000000000008471      0x4ba C:\Users\uersu\AppData\Local\Temp\ccjh5G9U.debug.temp.o
 .debug_line    0x000000000000892b      0x153 C:\Users\uersu\AppData\Local\Temp\ccHo5XPV.debug.temp.o
 .debug_line    0x0000000000008a7e       0xeb obj/gcc8_a_support.o
 .debug_line    0x0000000000008b69      0x111 obj/utilsasm.o

.debug_frame    0x0000000000000000     0x321c
 *(.debug_frame)
 .debug_frame   0x0000000000000000     0x3158 C:\Users\uersu\AppData\Local\Temp\a.mingw.elf.RlX1H5.ltrans0.ltrans.o
 .debug_frame   0x0000000000003158       0xc4 obj/gcc8_a_support.o

.debug_str      0x0000000000000000      0x82a
 *(.debug_str)
 .debug_str     0x0000000000000000        0x0 C:\Users\uersu\AppData\Local\Temp\a.mingw.elf.RlX1H5.ltrans0.ltrans.o
 .debug_str     0x0000000000000000       0x24 C:\Users\uersu\AppData\Local\Temp\ccTRvP02.debug.temp.o
 .debug_str     0x0000000000000024       0x14 C:\Users\uersu\AppData\Local\Temp\cceesm07.debug.temp.o
 .debug_str     0x0000000000000038       0x18 C:\Users\uersu\AppData\Local\Temp\ccDasOgd.debug.temp.o
 .debug_str     0x0000000000000050      0x111 C:\Users\uersu\AppData\Local\Temp\cc4bq8Dh.debug.temp.o
 .debug_str     0x0000000000000161       0x5f C:\Users\uersu\AppData\Local\Temp\cczjE9Fl.debug.temp.o
 .debug_str     0x00000000000001c0       0xb3 C:\Users\uersu\AppData\Local\Temp\cc67Nzrt.debug.temp.o
 .debug_str     0x0000000000000273      0x101 C:\Users\uersu\AppData\Local\Temp\ccRJ1iRA.debug.temp.o
 .debug_str     0x0000000000000374      0x122 C:\Users\uersu\AppData\Local\Temp\ccujYSQG.debug.temp.o
 .debug_str     0x0000000000000496       0xc0 C:\Users\uersu\AppData\Local\Temp\cc3OVvfR.debug.temp.o
 .debug_str     0x0000000000000556        0x0 C:\Users\uersu\AppData\Local\Temp\ccHGN24S.debug.temp.o
 .debug_str     0x0000000000000556      0x1b2 C:\Users\uersu\AppData\Local\Temp\ccjh5G9U.debug.temp.o
 .debug_str     0x0000000000000708       0x5c C:\Users\uersu\AppData\Local\Temp\ccHo5XPV.debug.temp.o
 .debug_str     0x0000000000000764       0x8a obj/gcc8_a_support.o
 .debug_str     0x00000000000007ee       0x3c obj/utilsasm.o
                                         0x7c (size before relaxing)

.debug_loc
 *(.debug_loc)

.debug_macinfo
 *(.debug_macinfo)

.debug_weaknames
 *(.debug_weaknames)

.debug_funcnames
 *(.debug_funcnames)

.debug_typenames
 *(.debug_typenames)

.debug_varnames
 *(.debug_varnames)

.debug_pubtypes
 *(.debug_pubtypes)

.debug_ranges   0x0000000000000000       0x18
 *(.debug_ranges)
 .debug_ranges  0x0000000000000000       0x18 C:\Users\uersu\AppData\Local\Temp\a.mingw.elf.RlX1H5.ltrans0.ltrans.o

.debug_macro
 *(.debug_macro)

.debug_addr
 *(.debug_addr)

.gnu.attributes
 *(.gnu.attributes)

/DISCARD/
 *(.note.GNU-stack)
 *(.gnu_debuglink)
 *(.gnu.lto_*)
OUTPUT(a.mingw.elf elf32-m68k)
