
Memory Configuration

Name             Origin             Length             Attributes
*default*        0x0000000000000000 0xffffffffffffffff

Linker script and memory map

Address of section .text set to 0x0
LOAD C:\Users\uersu\AppData\Local\Temp\cc6Xmmcgdebugobj
LOAD C:\Users\uersu\AppData\Local\Temp\ccAJ1syM.ltrans0.ltrans.o
LOAD obj8mingw/gcc8_a_support.o
                [!provide]                        PROVIDE (__executable_start = SEGMENT_START ("text-segment", 0x80000000))
                0x0000000080000074                . = (SEGMENT_START ("text-segment", 0x80000000) + SIZEOF_HEADERS)

.interp
 *(.interp)

.note.gnu.build-id
 *(.note.gnu.build-id)

.hash
 *(.hash)

.gnu.hash
 *(.gnu.hash)

.dynsym
 *(.dynsym)

.dynstr
 *(.dynstr)

.gnu.version
 *(.gnu.version)

.gnu.version_d
 *(.gnu.version_d)

.gnu.version_r
 *(.gnu.version_r)

.rela.dyn       0x0000000080000074        0x0
 *(.rela.init)
 *(.rela.text .rela.text.* .rela.gnu.linkonce.t.*)
 *(.rela.fini)
 *(.rela.rodata .rela.rodata.* .rela.gnu.linkonce.r.*)
 *(.rela.data .rela.data.* .rela.gnu.linkonce.d.*)
 *(.rela.tdata .rela.tdata.* .rela.gnu.linkonce.td.*)
 *(.rela.tbss .rela.tbss.* .rela.gnu.linkonce.tb.*)
 *(.rela.ctors)
 *(.rela.dtors)
 *(.rela.got)
 *(.rela.bss .rela.bss.* .rela.gnu.linkonce.b.*)
                [!provide]                        PROVIDE (__rela_iplt_start = .)
 *(.rela.iplt)
                [!provide]                        PROVIDE (__rela_iplt_end = .)

.rela.plt
 *(.rela.plt)

.init
 *(SORT_NONE(.init))

.plt
 *(.plt)

.iplt
 *(.iplt)

.text           0x0000000000000000      0xbfc
 *(.text.unlikely .text.*_unlikely .text.unlikely.*)
 .text.unlikely
                0x0000000000000000        0x6 C:\Users\uersu\AppData\Local\Temp\ccAJ1syM.ltrans0.ltrans.o
                0x0000000000000000                _start
 *(.text.exit .text.exit.*)
 *(.text.startup .text.startup.*)
 .text.startup  0x0000000000000006      0x598 C:\Users\uersu\AppData\Local\Temp\ccAJ1syM.ltrans0.ltrans.o
                0x0000000000000006                main
 *(.text.hot .text.hot.*)
 *(.text .stub .text.* .gnu.linkonce.t.*)
 *fill*         0x000000000000059e        0x2 4e714e71
 .text          0x00000000000005a0      0x54e C:\Users\uersu\AppData\Local\Temp\ccAJ1syM.ltrans0.ltrans.o
                0x0000000000000978                memcpy
                0x0000000000000a0a                memset
                0x0000000000000ada                strlen
 *fill*         0x0000000000000aee        0x2 4e714e71
 .text          0x0000000000000af0      0x10c obj8mingw/gcc8_a_support.o
                0x0000000000000af0                __mulsi3
                0x0000000000000b12                __udivsi3
                0x0000000000000b6e                __divsi3
                0x0000000000000b98                __modsi3
                0x0000000000000bc0                __umodsi3
                0x0000000000000bea                KPutCharX
                0x0000000000000bf8                PutChar
 *(.gnu.warning)

.fini
 *(SORT_NONE(.fini))
                [!provide]                        PROVIDE (__etext = .)
                [!provide]                        PROVIDE (_etext = .)
                [!provide]                        PROVIDE (etext = .)

.rodata         0x0000000000000bfc      0x186
 *(.rodata .rodata.* .gnu.linkonce.r.*)
 .rodata        0x0000000000000bfc      0x186 C:\Users\uersu\AppData\Local\Temp\ccAJ1syM.ltrans0.ltrans.o
                0x0000000000000bfc                incbin_colors_start
                0x0000000000000c7c                incbin_colors_end

.rodata1
 *(.rodata1)

.eh_frame_hdr
 *(.eh_frame_hdr)
 *(.eh_frame_entry .eh_frame_entry.*)

.eh_frame
 *(.eh_frame)
 *(.eh_frame.*)

.gcc_except_table
 *(.gcc_except_table .gcc_except_table.*)

.gnu_extab
 *(.gnu_extab*)

.exception_ranges
 *(.exception_ranges*)
                0x0000000000002d82                . = DATA_SEGMENT_ALIGN (CONSTANT (MAXPAGESIZE), CONSTANT (COMMONPAGESIZE))

.eh_frame
 *(.eh_frame)
 *(.eh_frame.*)

.gnu_extab
 *(.gnu_extab)

.gcc_except_table
 *(.gcc_except_table .gcc_except_table.*)

.exception_ranges
 *(.exception_ranges*)

.tdata          0x0000000000002d82        0x0
                [!provide]                        PROVIDE (__tdata_start = .)
 *(.tdata .tdata.* .gnu.linkonce.td.*)

.tbss
 *(.tbss .tbss.* .gnu.linkonce.tb.*)
 *(.tcommon)

.preinit_array  0x0000000000002d82        0x0
                [!provide]                        PROVIDE (__preinit_array_start = .)
 *(.preinit_array)
                [!provide]                        PROVIDE (__preinit_array_end = .)

.init_array     0x0000000000002d82        0x0
                [!provide]                        PROVIDE (__init_array_start = .)
 *(SORT_BY_INIT_PRIORITY(.init_array.*) SORT_BY_INIT_PRIORITY(.ctors.*))
 *(.init_array EXCLUDE_FILE(*crtend?.o *crtend.o *crtbegin?.o *crtbegin.o) .ctors)
                [!provide]                        PROVIDE (__init_array_end = .)

.fini_array     0x0000000000002d82        0x0
                [!provide]                        PROVIDE (__fini_array_start = .)
 *(SORT_BY_INIT_PRIORITY(.fini_array.*) SORT_BY_INIT_PRIORITY(.dtors.*))
 *(.fini_array EXCLUDE_FILE(*crtend?.o *crtend.o *crtbegin?.o *crtbegin.o) .dtors)
                [!provide]                        PROVIDE (__fini_array_end = .)

.ctors
 *crtbegin.o(.ctors)
 *crtbegin?.o(.ctors)
 *(EXCLUDE_FILE(*crtend?.o *crtend.o) .ctors)
 *(SORT_BY_NAME(.ctors.*))
 *(.ctors)

.dtors
 *crtbegin.o(.dtors)
 *crtbegin?.o(.dtors)
 *(EXCLUDE_FILE(*crtend?.o *crtend.o) .dtors)
 *(SORT_BY_NAME(.dtors.*))
 *(.dtors)

.jcr
 *(.jcr)

.data.rel.ro
 *(.data.rel.ro.local* .gnu.linkonce.d.rel.ro.local.*)
 *(.data.rel.ro .data.rel.ro.* .gnu.linkonce.d.rel.ro.*)

.dynamic
 *(.dynamic)
                0x0000000000002d82                . = DATA_SEGMENT_RELRO_END (., 0x0)

.got
 *(.got.plt)
 *(.igot.plt)
 *(.got)
 *(.igot)

.data           0x0000000000002d84       0x78
 *(.data .data.* .gnu.linkonce.d.*)
 .data          0x0000000000002d84       0x78 C:\Users\uersu\AppData\Local\Temp\ccAJ1syM.ltrans0.ltrans.o
 .data          0x0000000000002dfc        0x0 obj8mingw/gcc8_a_support.o

.data1
 *(.data1)
                0x0000000000002dfc                _edata = .
                [!provide]                        PROVIDE (edata = .)
                0x0000000000002dfc                . = .
                0x0000000000002dfc                __bss_start = .

.bss            0x0000000000002dfc       0x54
 *(.dynbss)
 *(.bss .bss.* .gnu.linkonce.b.*)
 .bss           0x0000000000002dfc       0x52 C:\Users\uersu\AppData\Local\Temp\ccAJ1syM.ltrans0.ltrans.o
 *fill*         0x0000000000002e4e        0x2 
 .bss           0x0000000000002e50        0x0 obj8mingw/gcc8_a_support.o
 *(COMMON)
                0x0000000000002e50                . = ALIGN ((. != 0x0)?0x4:0x1)
                0x0000000000002e50                . = ALIGN (0x4)
                0x0000000000002e50                . = SEGMENT_START ("ldata-segment", .)
                0x0000000000002e50                . = ALIGN (0x4)
                0x0000000000002e50                _end = .
                [!provide]                        PROVIDE (end = .)
                0x0000000000002e50                . = DATA_SEGMENT_END (.)

.stab
 *(.stab)

.stabstr
 *(.stabstr)

.stab.excl
 *(.stab.excl)

.stab.exclstr
 *(.stab.exclstr)

.stab.index
 *(.stab.index)

.stab.indexstr
 *(.stab.indexstr)

.comment        0x0000000000000000       0x11
 *(.comment)
 .comment       0x0000000000000000       0x11 C:\Users\uersu\AppData\Local\Temp\cc6Xmmcgdebugobj
                                         0x7e (size before relaxing)
 .comment       0x0000000000000011       0x12 C:\Users\uersu\AppData\Local\Temp\ccAJ1syM.ltrans0.ltrans.o

.gnu.build.attributes
 *(.gnu.build.attributes .gnu.build.attributes.*)

.debug
 *(.debug)

.line
 *(.line)

.debug_srcinfo
 *(.debug_srcinfo)

.debug_sfnames
 *(.debug_sfnames)

.debug_aranges  0x0000000000000000       0x50
 *(.debug_aranges)
 .debug_aranges
                0x0000000000000000       0x30 C:\Users\uersu\AppData\Local\Temp\ccAJ1syM.ltrans0.ltrans.o
 .debug_aranges
                0x0000000000000030       0x20 obj8mingw/gcc8_a_support.o

.debug_pubnames
 *(.debug_pubnames)

.debug_info     0x0000000000000000    0x1127b
 *(.debug_info .gnu.linkonce.wi.*)
 .debug_info    0x0000000000000000     0xfa26 C:\Users\uersu\AppData\Local\Temp\cc6Xmmcgdebugobj
                0x0000000000000000                utils.c.2cddf629
                0x000000000000405f                rundemo.c.19937821
                0x00000000000075b7                main.c.fc1c328d
                0x000000000000aebd                runtests.c.1d34cc4f
                0x000000000000afb4                coppertests.c.a95fda20
                0x000000000000f3e0                general.c.f1e08b76
                0x000000000000f4c8                gcc8_c_support.c.e9862530
 .debug_info    0x000000000000fa26     0x182f C:\Users\uersu\AppData\Local\Temp\ccAJ1syM.ltrans0.ltrans.o
 .debug_info    0x0000000000011255       0x26 obj8mingw/gcc8_a_support.o

.debug_abbrev   0x0000000000000000      0xa62
 *(.debug_abbrev)
 .debug_abbrev  0x0000000000000000      0x8d1 C:\Users\uersu\AppData\Local\Temp\cc6Xmmcgdebugobj
 .debug_abbrev  0x00000000000008d1      0x17d C:\Users\uersu\AppData\Local\Temp\ccAJ1syM.ltrans0.ltrans.o
 .debug_abbrev  0x0000000000000a4e       0x14 obj8mingw/gcc8_a_support.o

.debug_line     0x0000000000000000     0x3fa0
 *(.debug_line .debug_line.* .debug_line_end)
 .debug_line    0x0000000000000000     0x146f C:\Users\uersu\AppData\Local\Temp\cc6Xmmcgdebugobj
 .debug_line    0x000000000000146f     0x2a52 C:\Users\uersu\AppData\Local\Temp\ccAJ1syM.ltrans0.ltrans.o
 .debug_line    0x0000000000003ec1       0xdf obj8mingw/gcc8_a_support.o

.debug_frame    0x0000000000000000      0x250
 *(.debug_frame)
 .debug_frame   0x0000000000000000      0x250 C:\Users\uersu\AppData\Local\Temp\ccAJ1syM.ltrans0.ltrans.o

.debug_str      0x0000000000000000      0x421
 *(.debug_str)
 .debug_str     0x0000000000000000      0x397 C:\Users\uersu\AppData\Local\Temp\cc6Xmmcgdebugobj
 .debug_str     0x0000000000000397        0x0 C:\Users\uersu\AppData\Local\Temp\ccAJ1syM.ltrans0.ltrans.o
 .debug_str     0x0000000000000397       0x8a obj8mingw/gcc8_a_support.o

.debug_loc      0x0000000000000000     0x121d
 *(.debug_loc)
 .debug_loc     0x0000000000000000     0x121d C:\Users\uersu\AppData\Local\Temp\ccAJ1syM.ltrans0.ltrans.o

.debug_macinfo
 *(.debug_macinfo)

.debug_weaknames
 *(.debug_weaknames)

.debug_funcnames
 *(.debug_funcnames)

.debug_typenames
 *(.debug_typenames)

.debug_varnames
 *(.debug_varnames)

.debug_pubtypes
 *(.debug_pubtypes)

.debug_ranges   0x0000000000000000      0x258
 *(.debug_ranges)
 .debug_ranges  0x0000000000000000      0x258 C:\Users\uersu\AppData\Local\Temp\ccAJ1syM.ltrans0.ltrans.o

.debug_macro
 *(.debug_macro)

.debug_addr
 *(.debug_addr)

.gnu.attributes
 *(.gnu.attributes)

/DISCARD/
 *(.note.GNU-stack)
 *(.gnu_debuglink)
 *(.gnu.lto_*)
OUTPUT(a.mingw.elf elf32-m68k)
