
Memory Configuration

Name             Origin             Length             Attributes
*default*        0x0000000000000000 0xffffffffffffffff

Linker script and memory map

Address of section .text set to 0x0
LOAD C:\Users\uersu\AppData\Local\Temp\a.mingw.elf.EVsuiu.ltrans0.ltrans.o
LOAD C:\Users\uersu\AppData\Local\Temp\ccQjCIEd.debug.temp.o
LOAD C:\Users\uersu\AppData\Local\Temp\ccAbU4NB.debug.temp.o
LOAD C:\Users\uersu\AppData\Local\Temp\cciwHP1Z.debug.temp.o
LOAD C:\Users\uersu\AppData\Local\Temp\ccmIgEmo.debug.temp.o
LOAD C:\Users\uersu\AppData\Local\Temp\ccGcpcPM.debug.temp.o
LOAD C:\Users\uersu\AppData\Local\Temp\ccM9XEma.debug.temp.o
LOAD obj/gcc8_a_support.o
LOAD obj/utilsasm.o
                [!provide]                        PROVIDE (__executable_start = SEGMENT_START ("text-segment", 0x80000000))
                0x0000000080000074                . = (SEGMENT_START ("text-segment", 0x80000000) + SIZEOF_HEADERS)

.interp
 *(.interp)

.note.gnu.build-id
 *(.note.gnu.build-id)

.hash
 *(.hash)

.gnu.hash
 *(.gnu.hash)

.dynsym
 *(.dynsym)

.dynstr
 *(.dynstr)

.gnu.version
 *(.gnu.version)

.gnu.version_d
 *(.gnu.version_d)

.gnu.version_r
 *(.gnu.version_r)

.rela.dyn       0x0000000080000074        0x0
 *(.rela.init)
 *(.rela.text .rela.text.* .rela.gnu.linkonce.t.*)
 *(.rela.fini)
 *(.rela.rodata .rela.rodata.* .rela.gnu.linkonce.r.*)
 *(.rela.data .rela.data.* .rela.gnu.linkonce.d.*)
 *(.rela.tdata .rela.tdata.* .rela.gnu.linkonce.td.*)
 *(.rela.tbss .rela.tbss.* .rela.gnu.linkonce.tb.*)
 *(.rela.ctors)
 *(.rela.dtors)
 *(.rela.got)
 *(.rela.bss .rela.bss.* .rela.gnu.linkonce.b.*)
                [!provide]                        PROVIDE (__rela_iplt_start = .)
 *(.rela.iplt)
                [!provide]                        PROVIDE (__rela_iplt_end = .)

.rela.plt
 *(.rela.plt)

.init
 *(SORT_NONE(.init))

.plt
 *(.plt)

.iplt
 *(.iplt)

.text           0x0000000000000000     0x19a4
 *(.text.unlikely .text.*_unlikely .text.unlikely.*)
 .text.unlikely
                0x0000000000000000       0x74 C:\Users\uersu\AppData\Local\Temp\a.mingw.elf.EVsuiu.ltrans0.ltrans.o
                0x0000000000000000                _start
 *(.text.exit .text.exit.*)
 *(.text.startup .text.startup.*)
 .text.startup  0x0000000000000074      0x41c C:\Users\uersu\AppData\Local\Temp\a.mingw.elf.EVsuiu.ltrans0.ltrans.o
                0x0000000000000074                main
 *(.text.hot .text.hot.*)
 *(SORT_BY_NAME(.text.sorted.*))
 *(.text .stub .text.* .gnu.linkonce.t.*)
 .text          0x0000000000000490     0x1116 C:\Users\uersu\AppData\Local\Temp\a.mingw.elf.EVsuiu.ltrans0.ltrans.o
                0x0000000000001380                strlen
                0x0000000000001394                memset
                0x0000000000001462                memcpy
                0x00000000000014ee                memmove
 *fill*         0x00000000000015a6        0x2 4e714e71
 .text          0x00000000000015a8      0x10c obj/gcc8_a_support.o
                0x00000000000015a8                __mulsi3
                0x00000000000015ca                __udivsi3
                0x0000000000001626                __divsi3
                0x0000000000001650                __modsi3
                0x0000000000001678                __umodsi3
                0x00000000000016a2                KPutCharX
                0x00000000000016b0                PutChar
 .text          0x00000000000016b4      0x2f0 obj/utilsasm.o
                0x00000000000016f0                __DecompressLZ4
                0x00000000000018cc                __WriteText
 *(.gnu.warning)

.fini
 *(SORT_NONE(.fini))
                [!provide]                        PROVIDE (__etext = .)
                [!provide]                        PROVIDE (_etext = .)
                [!provide]                        PROVIDE (etext = .)

.rodata         0x00000000000019a4      0x21e
 *(.rodata .rodata.* .gnu.linkonce.r.*)
 .rodata        0x00000000000019a4      0x21e C:\Users\uersu\AppData\Local\Temp\a.mingw.elf.EVsuiu.ltrans0.ltrans.o

.rodata1
 *(.rodata1)

.eh_frame_hdr
 *(.eh_frame_hdr)
 *(.eh_frame_entry .eh_frame_entry.*)

.eh_frame
 *(.eh_frame)
 *(.eh_frame.*)

.gcc_except_table
 *(.gcc_except_table .gcc_except_table.*)

.gnu_extab
 *(.gnu_extab*)

.exception_ranges
 *(.exception_ranges*)
                0x0000000000002000                . = DATA_SEGMENT_ALIGN (CONSTANT (MAXPAGESIZE), CONSTANT (COMMONPAGESIZE))

.eh_frame
 *(.eh_frame)
 *(.eh_frame.*)

.gnu_extab
 *(.gnu_extab)

.gcc_except_table
 *(.gcc_except_table .gcc_except_table.*)

.exception_ranges
 *(.exception_ranges*)

.tdata          0x0000000000002000        0x0
                [!provide]                        PROVIDE (__tdata_start = .)
 *(.tdata .tdata.* .gnu.linkonce.td.*)

.tbss
 *(.tbss .tbss.* .gnu.linkonce.tb.*)
 *(.tcommon)

.preinit_array  0x0000000000002000        0x0
                0x0000000000002000                PROVIDE (__preinit_array_start = .)
 *(.preinit_array)
                0x0000000000002000                PROVIDE (__preinit_array_end = .)

.init_array     0x0000000000002000        0x0
                0x0000000000002000                PROVIDE (__init_array_start = .)
 *(SORT_BY_INIT_PRIORITY(.init_array.*) SORT_BY_INIT_PRIORITY(.ctors.*))
 *(.init_array EXCLUDE_FILE(*crtend?.o *crtend.o *crtbegin?.o *crtbegin.o) .ctors)
                0x0000000000002000                PROVIDE (__init_array_end = .)

.fini_array     0x0000000000002000        0x0
                0x0000000000002000                PROVIDE (__fini_array_start = .)
 *(SORT_BY_INIT_PRIORITY(.fini_array.*) SORT_BY_INIT_PRIORITY(.dtors.*))
 *(.fini_array EXCLUDE_FILE(*crtend?.o *crtend.o *crtbegin?.o *crtbegin.o) .dtors)
                0x0000000000002000                PROVIDE (__fini_array_end = .)

.ctors
 *crtbegin.o(.ctors)
 *crtbegin?.o(.ctors)
 *(EXCLUDE_FILE(*crtend?.o *crtend.o) .ctors)
 *(SORT_BY_NAME(.ctors.*))
 *(.ctors)

.dtors
 *crtbegin.o(.dtors)
 *crtbegin?.o(.dtors)
 *(EXCLUDE_FILE(*crtend?.o *crtend.o) .dtors)
 *(SORT_BY_NAME(.dtors.*))
 *(.dtors)

.jcr
 *(.jcr)

.data.rel.ro
 *(.data.rel.ro.local* .gnu.linkonce.d.rel.ro.local.*)
 *(.data.rel.ro .data.rel.ro.* .gnu.linkonce.d.rel.ro.*)

.dynamic
 *(.dynamic)
                0x0000000000002000                . = DATA_SEGMENT_RELRO_END (., 0x0)

.got
 *(.got.plt)
 *(.igot.plt)
 *(.got)
 *(.igot)

.data           0x0000000000002000     0x1214
 *(.data .data.* .gnu.linkonce.d.*)
 .data          0x0000000000002000     0x1214 C:\Users\uersu\AppData\Local\Temp\a.mingw.elf.EVsuiu.ltrans0.ltrans.o
 .data          0x0000000000003214        0x0 obj/gcc8_a_support.o
 .data          0x0000000000003214        0x0 obj/utilsasm.o

.data1
 *(.data1)
                0x0000000000003214                _edata = .
                [!provide]                        PROVIDE (edata = .)
                0x0000000000003214                . = .
                0x0000000000003214                __bss_start = .

.bss            0x0000000000003214      0x1a0
 *(.dynbss)
 *(.bss .bss.* .gnu.linkonce.b.*)
 .bss           0x0000000000003214      0x19e C:\Users\uersu\AppData\Local\Temp\a.mingw.elf.EVsuiu.ltrans0.ltrans.o
 *fill*         0x00000000000033b2        0x2 
 .bss           0x00000000000033b4        0x0 obj/gcc8_a_support.o
 .bss           0x00000000000033b4        0x0 obj/utilsasm.o
 *(COMMON)
                0x00000000000033b4                . = ALIGN ((. != 0x0)?0x4:0x1)
                0x00000000000033b4                . = ALIGN (0x4)
                0x00000000000033b4                . = SEGMENT_START ("ldata-segment", .)
                0x00000000000033b4                . = ALIGN (0x4)
                0x00000000000033b4                _end = .
                [!provide]                        PROVIDE (end = .)
                0x00000000000033b4                . = DATA_SEGMENT_END (.)

.stab
 *(.stab)

.stabstr
 *(.stabstr)

.stab.excl
 *(.stab.excl)

.stab.exclstr
 *(.stab.exclstr)

.stab.index
 *(.stab.index)

.stab.indexstr
 *(.stab.indexstr)

.comment        0x0000000000000000       0x12
 *(.comment)
 .comment       0x0000000000000000       0x12 C:\Users\uersu\AppData\Local\Temp\a.mingw.elf.EVsuiu.ltrans0.ltrans.o
                                         0x13 (size before relaxing)
 .comment       0x0000000000000012       0x13 C:\Users\uersu\AppData\Local\Temp\ccQjCIEd.debug.temp.o
 .comment       0x0000000000000012       0x13 C:\Users\uersu\AppData\Local\Temp\ccAbU4NB.debug.temp.o
 .comment       0x0000000000000012       0x13 C:\Users\uersu\AppData\Local\Temp\cciwHP1Z.debug.temp.o
 .comment       0x0000000000000012       0x13 C:\Users\uersu\AppData\Local\Temp\ccmIgEmo.debug.temp.o
 .comment       0x0000000000000012       0x13 C:\Users\uersu\AppData\Local\Temp\ccGcpcPM.debug.temp.o
 .comment       0x0000000000000012       0x13 C:\Users\uersu\AppData\Local\Temp\ccM9XEma.debug.temp.o

.gnu.build.attributes
 *(.gnu.build.attributes .gnu.build.attributes.*)

.debug
 *(.debug)

.line
 *(.line)

.debug_srcinfo
 *(.debug_srcinfo)

.debug_sfnames
 *(.debug_sfnames)

.debug_aranges  0x0000000000000000       0x70
 *(.debug_aranges)
 .debug_aranges
                0x0000000000000000       0x30 C:\Users\uersu\AppData\Local\Temp\a.mingw.elf.EVsuiu.ltrans0.ltrans.o
 .debug_aranges
                0x0000000000000030       0x20 obj/gcc8_a_support.o
 .debug_aranges
                0x0000000000000050       0x20 obj/utilsasm.o

.debug_pubnames
 *(.debug_pubnames)

.debug_info     0x0000000000000000     0xa472
 *(.debug_info .gnu.linkonce.wi.*)
 .debug_info    0x0000000000000000     0x1362 C:\Users\uersu\AppData\Local\Temp\a.mingw.elf.EVsuiu.ltrans0.ltrans.o
 .debug_info    0x0000000000001362     0x1846 C:\Users\uersu\AppData\Local\Temp\ccQjCIEd.debug.temp.o
                0x0000000000001362                utils.c.c6308059
 .debug_info    0x0000000000002ba8      0x30e C:\Users\uersu\AppData\Local\Temp\ccAbU4NB.debug.temp.o
                0x0000000000002ba8                zoom102.c.7a042373
 .debug_info    0x0000000000002eb6     0x3999 C:\Users\uersu\AppData\Local\Temp\cciwHP1Z.debug.temp.o
                0x0000000000002eb6                main.c.c9bb1e73
 .debug_info    0x000000000000684f     0x289e C:\Users\uersu\AppData\Local\Temp\ccmIgEmo.debug.temp.o
                0x000000000000684f                zoom.c.9c41e99b
 .debug_info    0x00000000000090ed      0xa87 C:\Users\uersu\AppData\Local\Temp\ccGcpcPM.debug.temp.o
                0x00000000000090ed                rundemo.c.4911eb32
 .debug_info    0x0000000000009b74      0x8b2 C:\Users\uersu\AppData\Local\Temp\ccM9XEma.debug.temp.o
                0x0000000000009b74                gcc8_c_support.c.f93356b9
 .debug_info    0x000000000000a426       0x26 obj/gcc8_a_support.o
 .debug_info    0x000000000000a44c       0x26 obj/utilsasm.o

.debug_abbrev   0x0000000000000000      0xa3b
 *(.debug_abbrev)
 .debug_abbrev  0x0000000000000000      0x170 C:\Users\uersu\AppData\Local\Temp\a.mingw.elf.EVsuiu.ltrans0.ltrans.o
 .debug_abbrev  0x0000000000000170      0x14c C:\Users\uersu\AppData\Local\Temp\ccQjCIEd.debug.temp.o
 .debug_abbrev  0x00000000000002bc       0xe1 C:\Users\uersu\AppData\Local\Temp\ccAbU4NB.debug.temp.o
 .debug_abbrev  0x000000000000039d      0x226 C:\Users\uersu\AppData\Local\Temp\cciwHP1Z.debug.temp.o
 .debug_abbrev  0x00000000000005c3      0x1f6 C:\Users\uersu\AppData\Local\Temp\ccmIgEmo.debug.temp.o
 .debug_abbrev  0x00000000000007b9       0xf4 C:\Users\uersu\AppData\Local\Temp\ccGcpcPM.debug.temp.o
 .debug_abbrev  0x00000000000008ad      0x166 C:\Users\uersu\AppData\Local\Temp\ccM9XEma.debug.temp.o
 .debug_abbrev  0x0000000000000a13       0x14 obj/gcc8_a_support.o
 .debug_abbrev  0x0000000000000a27       0x14 obj/utilsasm.o

.debug_line     0x0000000000000000     0x83fd
 *(.debug_line .debug_line.* .debug_line_end)
 .debug_line    0x0000000000000000     0x7438 C:\Users\uersu\AppData\Local\Temp\a.mingw.elf.EVsuiu.ltrans0.ltrans.o
 .debug_line    0x0000000000007438      0x219 C:\Users\uersu\AppData\Local\Temp\ccQjCIEd.debug.temp.o
 .debug_line    0x0000000000007651       0xe2 C:\Users\uersu\AppData\Local\Temp\ccAbU4NB.debug.temp.o
 .debug_line    0x0000000000007733      0x4ad C:\Users\uersu\AppData\Local\Temp\cciwHP1Z.debug.temp.o
 .debug_line    0x0000000000007be0      0x34f C:\Users\uersu\AppData\Local\Temp\ccmIgEmo.debug.temp.o
 .debug_line    0x0000000000007f2f      0x159 C:\Users\uersu\AppData\Local\Temp\ccGcpcPM.debug.temp.o
 .debug_line    0x0000000000008088      0x158 C:\Users\uersu\AppData\Local\Temp\ccM9XEma.debug.temp.o
 .debug_line    0x00000000000081e0       0xf0 obj/gcc8_a_support.o
 .debug_line    0x00000000000082d0      0x12d obj/utilsasm.o

.debug_frame    0x0000000000000000      0x2f4
 *(.debug_frame)
 .debug_frame   0x0000000000000000      0x230 C:\Users\uersu\AppData\Local\Temp\a.mingw.elf.EVsuiu.ltrans0.ltrans.o
 .debug_frame   0x0000000000000230       0xc4 obj/gcc8_a_support.o

.debug_str      0x0000000000000000      0x2ec
 *(.debug_str)
 .debug_str     0x0000000000000000       0x10 C:\Users\uersu\AppData\Local\Temp\a.mingw.elf.EVsuiu.ltrans0.ltrans.o
 .debug_str     0x0000000000000010       0x24 C:\Users\uersu\AppData\Local\Temp\ccQjCIEd.debug.temp.o
 .debug_str     0x0000000000000034       0x18 C:\Users\uersu\AppData\Local\Temp\ccAbU4NB.debug.temp.o
 .debug_str     0x000000000000004c       0xbc C:\Users\uersu\AppData\Local\Temp\cciwHP1Z.debug.temp.o
 .debug_str     0x0000000000000108       0xb3 C:\Users\uersu\AppData\Local\Temp\ccmIgEmo.debug.temp.o
 .debug_str     0x00000000000001bb        0x0 C:\Users\uersu\AppData\Local\Temp\ccGcpcPM.debug.temp.o
 .debug_str     0x00000000000001bb       0x5c C:\Users\uersu\AppData\Local\Temp\ccM9XEma.debug.temp.o
 .debug_str     0x0000000000000217       0x94 obj/gcc8_a_support.o
 .debug_str     0x00000000000002ab       0x41 obj/utilsasm.o
                                         0x86 (size before relaxing)

.debug_loc      0x0000000000000000     0x3a94
 *(.debug_loc)
 .debug_loc     0x0000000000000000     0x3a94 C:\Users\uersu\AppData\Local\Temp\a.mingw.elf.EVsuiu.ltrans0.ltrans.o

.debug_macinfo
 *(.debug_macinfo)

.debug_weaknames
 *(.debug_weaknames)

.debug_funcnames
 *(.debug_funcnames)

.debug_typenames
 *(.debug_typenames)

.debug_varnames
 *(.debug_varnames)

.debug_pubtypes
 *(.debug_pubtypes)

.debug_ranges   0x0000000000000000      0x3e0
 *(.debug_ranges)
 .debug_ranges  0x0000000000000000      0x3e0 C:\Users\uersu\AppData\Local\Temp\a.mingw.elf.EVsuiu.ltrans0.ltrans.o

.debug_macro
 *(.debug_macro)

.debug_addr
 *(.debug_addr)

.gnu.attributes
 *(.gnu.attributes)

/DISCARD/
 *(.note.GNU-stack)
 *(.gnu_debuglink)
 *(.gnu.lto_*)
OUTPUT(a.mingw.elf elf32-m68k)
