
Memory Configuration

Name             Origin             Length             Attributes
*default*        0x0000000000000000 0xffffffffffffffff

Linker script and memory map

Address of section .text set to 0x0
LOAD C:\Users\uersu\AppData\Local\Temp\a.mingw.elf.dXGSzn.ltrans0.ltrans.o
LOAD C:\Users\uersu\AppData\Local\Temp\ccPde2rS.debug.temp.o
LOAD C:\Users\uersu\AppData\Local\Temp\cc8SyY58.debug.temp.o
LOAD C:\Users\uersu\AppData\Local\Temp\cc5Yk7Rp.debug.temp.o
LOAD C:\Users\uersu\AppData\Local\Temp\ccsiPwNG.debug.temp.o
LOAD C:\Users\uersu\AppData\Local\Temp\ccDrzXE1.debug.temp.o
LOAD C:\Users\uersu\AppData\Local\Temp\cciSwoFm.debug.temp.o
LOAD C:\Users\uersu\AppData\Local\Temp\ccNbt1VG.debug.temp.o
LOAD C:\Users\uersu\AppData\Local\Temp\cc4J09n0.debug.temp.o
LOAD C:\Users\uersu\AppData\Local\Temp\ccbBiggk.debug.temp.o
LOAD C:\Users\uersu\AppData\Local\Temp\cccp4hoD.debug.temp.o
LOAD C:\Users\uersu\AppData\Local\Temp\ccVR1CFW.debug.temp.o
LOAD C:\Users\uersu\AppData\Local\Temp\ccUWeSTj.debug.temp.o
LOAD obj/gcc8_a_support.o
LOAD obj/utilsasm.o
                [!provide]                        PROVIDE (__executable_start = SEGMENT_START ("text-segment", 0x80000000))
                0x0000000080000074                . = (SEGMENT_START ("text-segment", 0x80000000) + SIZEOF_HEADERS)

.interp
 *(.interp)

.note.gnu.build-id
 *(.note.gnu.build-id)

.hash
 *(.hash)

.gnu.hash
 *(.gnu.hash)

.dynsym
 *(.dynsym)

.dynstr
 *(.dynstr)

.gnu.version
 *(.gnu.version)

.gnu.version_d
 *(.gnu.version_d)

.gnu.version_r
 *(.gnu.version_r)

.rela.dyn       0x0000000080000074        0x0
 *(.rela.init)
 *(.rela.text .rela.text.* .rela.gnu.linkonce.t.*)
 *(.rela.fini)
 *(.rela.rodata .rela.rodata.* .rela.gnu.linkonce.r.*)
 *(.rela.data .rela.data.* .rela.gnu.linkonce.d.*)
 *(.rela.tdata .rela.tdata.* .rela.gnu.linkonce.td.*)
 *(.rela.tbss .rela.tbss.* .rela.gnu.linkonce.tb.*)
 *(.rela.ctors)
 *(.rela.dtors)
 *(.rela.got)
 *(.rela.bss .rela.bss.* .rela.gnu.linkonce.b.*)
                [!provide]                        PROVIDE (__rela_iplt_start = .)
 *(.rela.iplt)
                [!provide]                        PROVIDE (__rela_iplt_end = .)

.rela.plt
 *(.rela.plt)

.init
 *(SORT_NONE(.init))

.plt
 *(.plt)

.iplt
 *(.iplt)

.text           0x0000000000000000     0x7516
 *(.text.unlikely .text.*_unlikely .text.unlikely.*)
 .text.unlikely
                0x0000000000000000       0xb4 C:\Users\uersu\AppData\Local\Temp\a.mingw.elf.dXGSzn.ltrans0.ltrans.o
                0x0000000000000000                _start
 *(.text.exit .text.exit.*)
 *(.text.startup .text.startup.*)
 *(.text.hot .text.hot.*)
 *(SORT_BY_NAME(.text.sorted.*))
 *(.text .stub .text.* .gnu.linkonce.t.*)
 .text          0x00000000000000b4     0x6fb8 C:\Users\uersu\AppData\Local\Temp\a.mingw.elf.dXGSzn.ltrans0.ltrans.o
                0x0000000000000632                main
                0x0000000000006cb6                strlen
                0x0000000000006cd6                memset
                0x0000000000006d0e                memcpy
                0x0000000000006d5c                memmove
 .text          0x000000000000706c      0x10c obj/gcc8_a_support.o
                0x000000000000706c                __mulsi3
                0x000000000000708e                __udivsi3
                0x00000000000070ea                __divsi3
                0x0000000000007114                __modsi3
                0x000000000000713c                __umodsi3
                0x0000000000007166                KPutCharX
                0x0000000000007174                PutChar
 .text          0x0000000000007178      0x39e obj/utilsasm.o
                0x0000000000007178                c2p1x1_8_c5_gen_init
                0x00000000000071f4                c2p1x1_8_c5_gen
 *(.gnu.warning)

.fini
 *(SORT_NONE(.fini))
                [!provide]                        PROVIDE (__etext = .)
                [!provide]                        PROVIDE (_etext = .)
                [!provide]                        PROVIDE (etext = .)

.rodata         0x0000000000007516      0xfd8
 *(.rodata .rodata.* .gnu.linkonce.r.*)
 .rodata        0x0000000000007516      0xfd8 C:\Users\uersu\AppData\Local\Temp\a.mingw.elf.dXGSzn.ltrans0.ltrans.o
                0x0000000000007654                incbin_swfont_start
                0x0000000000007c04                incbin_swfont_end

.MEMF_CHIP      0x00000000000084ee       0x7c
 .MEMF_CHIP     0x00000000000084ee       0x7c C:\Users\uersu\AppData\Local\Temp\a.mingw.elf.dXGSzn.ltrans0.ltrans.o

.rodata1
 *(.rodata1)

.eh_frame_hdr
 *(.eh_frame_hdr)
 *(.eh_frame_entry .eh_frame_entry.*)

.eh_frame
 *(.eh_frame)
 *(.eh_frame.*)

.gcc_except_table
 *(.gcc_except_table .gcc_except_table.*)

.gnu_extab
 *(.gnu_extab*)

.exception_ranges
 *(.exception_ranges*)
                0x000000000000a56a                . = DATA_SEGMENT_ALIGN (CONSTANT (MAXPAGESIZE), CONSTANT (COMMONPAGESIZE))

.eh_frame
 *(.eh_frame)
 *(.eh_frame.*)

.gnu_extab
 *(.gnu_extab)

.gcc_except_table
 *(.gcc_except_table .gcc_except_table.*)

.exception_ranges
 *(.exception_ranges*)

.tdata          0x000000000000a56a        0x0
                [!provide]                        PROVIDE (__tdata_start = .)
 *(.tdata .tdata.* .gnu.linkonce.td.*)

.tbss
 *(.tbss .tbss.* .gnu.linkonce.tb.*)
 *(.tcommon)

.preinit_array  0x000000000000a56a        0x0
                0x000000000000a56a                PROVIDE (__preinit_array_start = .)
 *(.preinit_array)
                0x000000000000a56a                PROVIDE (__preinit_array_end = .)

.init_array     0x000000000000a56a        0x0
                0x000000000000a56a                PROVIDE (__init_array_start = .)
 *(SORT_BY_INIT_PRIORITY(.init_array.*) SORT_BY_INIT_PRIORITY(.ctors.*))
 *(.init_array EXCLUDE_FILE(*crtend?.o *crtend.o *crtbegin?.o *crtbegin.o) .ctors)
                0x000000000000a56a                PROVIDE (__init_array_end = .)

.fini_array     0x000000000000a56a        0x0
                0x000000000000a56a                PROVIDE (__fini_array_start = .)
 *(SORT_BY_INIT_PRIORITY(.fini_array.*) SORT_BY_INIT_PRIORITY(.dtors.*))
 *(.fini_array EXCLUDE_FILE(*crtend?.o *crtend.o *crtbegin?.o *crtbegin.o) .dtors)
                0x000000000000a56a                PROVIDE (__fini_array_end = .)

.ctors
 *crtbegin.o(.ctors)
 *crtbegin?.o(.ctors)
 *(EXCLUDE_FILE(*crtend?.o *crtend.o) .ctors)
 *(SORT_BY_NAME(.ctors.*))
 *(.ctors)

.dtors
 *crtbegin.o(.dtors)
 *crtbegin?.o(.dtors)
 *(EXCLUDE_FILE(*crtend?.o *crtend.o) .dtors)
 *(SORT_BY_NAME(.dtors.*))
 *(.dtors)

.jcr
 *(.jcr)

.data.rel.ro
 *(.data.rel.ro.local* .gnu.linkonce.d.rel.ro.local.*)
 *(.data.rel.ro .data.rel.ro.* .gnu.linkonce.d.rel.ro.*)

.dynamic
 *(.dynamic)
                0x000000000000a56a                . = DATA_SEGMENT_RELRO_END (., 0x0)

.got
 *(.got.plt)
 *(.igot.plt)
 *(.got)
 *(.igot)

.data           0x000000000000a56c     0x17d4
 *(.data .data.* .gnu.linkonce.d.*)
 .data          0x000000000000a56c     0x17d4 C:\Users\uersu\AppData\Local\Temp\a.mingw.elf.dXGSzn.ltrans0.ltrans.o
 .data          0x000000000000bd40        0x0 obj/gcc8_a_support.o
 .data          0x000000000000bd40        0x0 obj/utilsasm.o

.INCBIN.MEMF_CHIP
                0x000000000000bd40    0xf7531
 .INCBIN.MEMF_CHIP
                0x000000000000bd40    0xf7531 C:\Users\uersu\AppData\Local\Temp\a.mingw.elf.dXGSzn.ltrans0.ltrans.o
                0x000000000000bd40                incbin_rawzoom_start
                0x0000000000103270                incbin_rawzoom_end

.data1
 *(.data1)
                0x0000000000103271                _edata = .
                [!provide]                        PROVIDE (edata = .)
                0x0000000000103271                . = .
                0x0000000000103271                __bss_start = .

.bss            0x0000000000103274       0x78
 *(.dynbss)
 *(.bss .bss.* .gnu.linkonce.b.*)
 .bss           0x0000000000103274       0x78 C:\Users\uersu\AppData\Local\Temp\a.mingw.elf.dXGSzn.ltrans0.ltrans.o
 .bss           0x00000000001032ec        0x0 obj/gcc8_a_support.o
 .bss           0x00000000001032ec        0x0 obj/utilsasm.o
 *(COMMON)
                0x00000000001032ec                . = ALIGN ((. != 0x0)?0x4:0x1)
                0x00000000001032ec                . = ALIGN (0x4)
                0x00000000001032ec                . = SEGMENT_START ("ldata-segment", .)
                0x00000000001032ec                . = ALIGN (0x4)
                0x00000000001032ec                _end = .
                [!provide]                        PROVIDE (end = .)
                0x00000000001032ec                . = DATA_SEGMENT_END (.)

.stab
 *(.stab)

.stabstr
 *(.stabstr)

.stab.excl
 *(.stab.excl)

.stab.exclstr
 *(.stab.exclstr)

.stab.index
 *(.stab.index)

.stab.indexstr
 *(.stab.indexstr)

.comment        0x0000000000000000       0x12
 *(.comment)
 .comment       0x0000000000000000       0x12 C:\Users\uersu\AppData\Local\Temp\a.mingw.elf.dXGSzn.ltrans0.ltrans.o
                                         0x13 (size before relaxing)
 .comment       0x0000000000000012       0x13 C:\Users\uersu\AppData\Local\Temp\ccPde2rS.debug.temp.o
 .comment       0x0000000000000012       0x13 C:\Users\uersu\AppData\Local\Temp\cc8SyY58.debug.temp.o
 .comment       0x0000000000000012       0x13 C:\Users\uersu\AppData\Local\Temp\cc5Yk7Rp.debug.temp.o
 .comment       0x0000000000000012       0x13 C:\Users\uersu\AppData\Local\Temp\ccsiPwNG.debug.temp.o
 .comment       0x0000000000000012       0x13 C:\Users\uersu\AppData\Local\Temp\ccDrzXE1.debug.temp.o
 .comment       0x0000000000000012       0x13 C:\Users\uersu\AppData\Local\Temp\cciSwoFm.debug.temp.o
 .comment       0x0000000000000012       0x13 C:\Users\uersu\AppData\Local\Temp\ccNbt1VG.debug.temp.o
 .comment       0x0000000000000012       0x13 C:\Users\uersu\AppData\Local\Temp\cc4J09n0.debug.temp.o
 .comment       0x0000000000000012       0x13 C:\Users\uersu\AppData\Local\Temp\ccbBiggk.debug.temp.o
 .comment       0x0000000000000012       0x13 C:\Users\uersu\AppData\Local\Temp\cccp4hoD.debug.temp.o
 .comment       0x0000000000000012       0x13 C:\Users\uersu\AppData\Local\Temp\ccVR1CFW.debug.temp.o
 .comment       0x0000000000000012       0x13 C:\Users\uersu\AppData\Local\Temp\ccUWeSTj.debug.temp.o

.gnu.build.attributes
 *(.gnu.build.attributes .gnu.build.attributes.*)

.debug
 *(.debug)

.line
 *(.line)

.debug_srcinfo
 *(.debug_srcinfo)

.debug_sfnames
 *(.debug_sfnames)

.debug_aranges  0x0000000000000000       0x68
 *(.debug_aranges)
 .debug_aranges
                0x0000000000000000       0x28 C:\Users\uersu\AppData\Local\Temp\a.mingw.elf.dXGSzn.ltrans0.ltrans.o
 .debug_aranges
                0x0000000000000028       0x20 obj/gcc8_a_support.o
 .debug_aranges
                0x0000000000000048       0x20 obj/utilsasm.o

.debug_pubnames
 *(.debug_pubnames)

.debug_info     0x0000000000000000    0x1fd6c
 *(.debug_info .gnu.linkonce.wi.*)
 .debug_info    0x0000000000000000     0x6aba C:\Users\uersu\AppData\Local\Temp\a.mingw.elf.dXGSzn.ltrans0.ltrans.o
 .debug_info    0x0000000000006aba     0x183f C:\Users\uersu\AppData\Local\Temp\ccPde2rS.debug.temp.o
                0x0000000000006aba                utils.c.9047378c
 .debug_info    0x00000000000082f9      0xa80 C:\Users\uersu\AppData\Local\Temp\cc8SyY58.debug.temp.o
                0x00000000000082f9                rundemo.c.95627ee6
 .debug_info    0x0000000000008d79      0x2fc C:\Users\uersu\AppData\Local\Temp\cc5Yk7Rp.debug.temp.o
                0x0000000000008d79                zoom102.c.1360ae7b
 .debug_info    0x0000000000009075     0x3969 C:\Users\uersu\AppData\Local\Temp\ccsiPwNG.debug.temp.o
                0x0000000000009075                main.c.defd4981
 .debug_info    0x000000000000c9de      0xe95 C:\Users\uersu\AppData\Local\Temp\ccDrzXE1.debug.temp.o
                0x000000000000c9de                swscrollertest.c.51ea3749
 .debug_info    0x000000000000d873     0x1895 C:\Users\uersu\AppData\Local\Temp\cciSwoFm.debug.temp.o
                0x000000000000d873                swscroller.c.ee04d0d8
 .debug_info    0x000000000000f108     0x2d59 C:\Users\uersu\AppData\Local\Temp\ccNbt1VG.debug.temp.o
                0x000000000000f108                zoom.c.b726c7f9
 .debug_info    0x0000000000011e61     0x3f48 C:\Users\uersu\AppData\Local\Temp\cc4J09n0.debug.temp.o
                0x0000000000011e61                zoomtest2.c.6970d4fc
 .debug_info    0x0000000000015da9     0x2f6b C:\Users\uersu\AppData\Local\Temp\ccbBiggk.debug.temp.o
                0x0000000000015da9                coppertests.c.2d474671
 .debug_info    0x0000000000018d14      0x1a5 C:\Users\uersu\AppData\Local\Temp\cccp4hoD.debug.temp.o
                0x0000000000018d14                runtests.c.a408ab70
 .debug_info    0x0000000000018eb9     0x65bc C:\Users\uersu\AppData\Local\Temp\ccVR1CFW.debug.temp.o
                0x0000000000018eb9                zoomtest.c.7127ff0a
 .debug_info    0x000000000001f475      0x8ab C:\Users\uersu\AppData\Local\Temp\ccUWeSTj.debug.temp.o
                0x000000000001f475                gcc8_c_support.c.f93356b9
 .debug_info    0x000000000001fd20       0x26 obj/gcc8_a_support.o
 .debug_info    0x000000000001fd46       0x26 obj/utilsasm.o

.debug_abbrev   0x0000000000000000     0x11a8
 *(.debug_abbrev)
 .debug_abbrev  0x0000000000000000       0xa4 C:\Users\uersu\AppData\Local\Temp\a.mingw.elf.dXGSzn.ltrans0.ltrans.o
 .debug_abbrev  0x00000000000000a4      0x14c C:\Users\uersu\AppData\Local\Temp\ccPde2rS.debug.temp.o
 .debug_abbrev  0x00000000000001f0       0xf4 C:\Users\uersu\AppData\Local\Temp\cc8SyY58.debug.temp.o
 .debug_abbrev  0x00000000000002e4       0xda C:\Users\uersu\AppData\Local\Temp\cc5Yk7Rp.debug.temp.o
 .debug_abbrev  0x00000000000003be      0x233 C:\Users\uersu\AppData\Local\Temp\ccsiPwNG.debug.temp.o
 .debug_abbrev  0x00000000000005f1       0xf1 C:\Users\uersu\AppData\Local\Temp\ccDrzXE1.debug.temp.o
 .debug_abbrev  0x00000000000006e2      0x178 C:\Users\uersu\AppData\Local\Temp\cciSwoFm.debug.temp.o
 .debug_abbrev  0x000000000000085a      0x223 C:\Users\uersu\AppData\Local\Temp\ccNbt1VG.debug.temp.o
 .debug_abbrev  0x0000000000000a7d      0x188 C:\Users\uersu\AppData\Local\Temp\cc4J09n0.debug.temp.o
 .debug_abbrev  0x0000000000000c05      0x165 C:\Users\uersu\AppData\Local\Temp\ccbBiggk.debug.temp.o
 .debug_abbrev  0x0000000000000d6a       0x42 C:\Users\uersu\AppData\Local\Temp\cccp4hoD.debug.temp.o
 .debug_abbrev  0x0000000000000dac      0x26e C:\Users\uersu\AppData\Local\Temp\ccVR1CFW.debug.temp.o
 .debug_abbrev  0x000000000000101a      0x166 C:\Users\uersu\AppData\Local\Temp\ccUWeSTj.debug.temp.o
 .debug_abbrev  0x0000000000001180       0x14 obj/gcc8_a_support.o
 .debug_abbrev  0x0000000000001194       0x14 obj/utilsasm.o

.debug_line     0x0000000000000000     0x8c88
 *(.debug_line .debug_line.* .debug_line_end)
 .debug_line    0x0000000000000000     0x69db C:\Users\uersu\AppData\Local\Temp\a.mingw.elf.dXGSzn.ltrans0.ltrans.o
 .debug_line    0x00000000000069db      0x219 C:\Users\uersu\AppData\Local\Temp\ccPde2rS.debug.temp.o
 .debug_line    0x0000000000006bf4      0x159 C:\Users\uersu\AppData\Local\Temp\cc8SyY58.debug.temp.o
 .debug_line    0x0000000000006d4d       0xe2 C:\Users\uersu\AppData\Local\Temp\cc5Yk7Rp.debug.temp.o
 .debug_line    0x0000000000006e2f      0x4a3 C:\Users\uersu\AppData\Local\Temp\ccsiPwNG.debug.temp.o
 .debug_line    0x00000000000072d2      0x296 C:\Users\uersu\AppData\Local\Temp\ccDrzXE1.debug.temp.o
 .debug_line    0x0000000000007568      0x2c5 C:\Users\uersu\AppData\Local\Temp\cciSwoFm.debug.temp.o
 .debug_line    0x000000000000782d      0x34f C:\Users\uersu\AppData\Local\Temp\ccNbt1VG.debug.temp.o
 .debug_line    0x0000000000007b7c      0x4a8 C:\Users\uersu\AppData\Local\Temp\cc4J09n0.debug.temp.o
 .debug_line    0x0000000000008024      0x33f C:\Users\uersu\AppData\Local\Temp\ccbBiggk.debug.temp.o
 .debug_line    0x0000000000008363       0x62 C:\Users\uersu\AppData\Local\Temp\cccp4hoD.debug.temp.o
 .debug_line    0x00000000000083c5      0x4bf C:\Users\uersu\AppData\Local\Temp\ccVR1CFW.debug.temp.o
 .debug_line    0x0000000000008884      0x158 C:\Users\uersu\AppData\Local\Temp\ccUWeSTj.debug.temp.o
 .debug_line    0x00000000000089dc       0xf0 obj/gcc8_a_support.o
 .debug_line    0x0000000000008acc      0x1bc obj/utilsasm.o

.debug_frame    0x0000000000000000     0x324c
 *(.debug_frame)
 .debug_frame   0x0000000000000000     0x3188 C:\Users\uersu\AppData\Local\Temp\a.mingw.elf.dXGSzn.ltrans0.ltrans.o
 .debug_frame   0x0000000000003188       0xc4 obj/gcc8_a_support.o

.debug_str      0x0000000000000000      0x803
 *(.debug_str)
 .debug_str     0x0000000000000000        0x0 C:\Users\uersu\AppData\Local\Temp\a.mingw.elf.dXGSzn.ltrans0.ltrans.o
 .debug_str     0x0000000000000000       0x24 C:\Users\uersu\AppData\Local\Temp\ccPde2rS.debug.temp.o
 .debug_str     0x0000000000000024        0x0 C:\Users\uersu\AppData\Local\Temp\cc8SyY58.debug.temp.o
 .debug_str     0x0000000000000024       0x18 C:\Users\uersu\AppData\Local\Temp\cc5Yk7Rp.debug.temp.o
 .debug_str     0x000000000000003c       0xbc C:\Users\uersu\AppData\Local\Temp\ccsiPwNG.debug.temp.o
 .debug_str     0x00000000000000f8       0x5f C:\Users\uersu\AppData\Local\Temp\ccDrzXE1.debug.temp.o
 .debug_str     0x0000000000000157       0xb3 C:\Users\uersu\AppData\Local\Temp\cciSwoFm.debug.temp.o
 .debug_str     0x000000000000020a      0x134 C:\Users\uersu\AppData\Local\Temp\ccNbt1VG.debug.temp.o
 .debug_str     0x000000000000033e      0x122 C:\Users\uersu\AppData\Local\Temp\cc4J09n0.debug.temp.o
 .debug_str     0x0000000000000460       0xc0 C:\Users\uersu\AppData\Local\Temp\ccbBiggk.debug.temp.o
 .debug_str     0x0000000000000520        0x0 C:\Users\uersu\AppData\Local\Temp\cccp4hoD.debug.temp.o
 .debug_str     0x0000000000000520      0x1b2 C:\Users\uersu\AppData\Local\Temp\ccVR1CFW.debug.temp.o
 .debug_str     0x00000000000006d2       0x5c C:\Users\uersu\AppData\Local\Temp\ccUWeSTj.debug.temp.o
 .debug_str     0x000000000000072e       0x94 obj/gcc8_a_support.o
 .debug_str     0x00000000000007c2       0x41 obj/utilsasm.o
                                         0x86 (size before relaxing)

.debug_loc
 *(.debug_loc)

.debug_macinfo
 *(.debug_macinfo)

.debug_weaknames
 *(.debug_weaknames)

.debug_funcnames
 *(.debug_funcnames)

.debug_typenames
 *(.debug_typenames)

.debug_varnames
 *(.debug_varnames)

.debug_pubtypes
 *(.debug_pubtypes)

.debug_ranges   0x0000000000000000       0x18
 *(.debug_ranges)
 .debug_ranges  0x0000000000000000       0x18 C:\Users\uersu\AppData\Local\Temp\a.mingw.elf.dXGSzn.ltrans0.ltrans.o

.debug_macro
 *(.debug_macro)

.debug_addr
 *(.debug_addr)

.gnu.attributes
 *(.gnu.attributes)

/DISCARD/
 *(.note.GNU-stack)
 *(.gnu_debuglink)
 *(.gnu.lto_*)
OUTPUT(a.mingw.elf elf32-m68k)
